11-10 16:49:58.515  1458  1740 D LocalDisplayAdapter: setDisplayBrightness(id=4630946403839387521, brightnessState=0.31008467, sdrBrightnessState=0.3099788)
11-10 16:49:58.532  1458  1740 D LocalDisplayAdapter: setDisplayBrightness(id=4630946403839387521, brightnessState=0.31345144, sdrBrightnessState=0.31334433)
11-10 16:49:58.547  1458  1740 D LocalDisplayAdapter: setDisplayBrightness(id=4630946403839387521, brightnessState=0.31621218, sdrBrightnessState=0.31621218)
11-10 16:50:00.513  1458  1520 D AutomaticBrightnessController: updateAutoBrightness: mAmbientLux=29.427738, mScreenAutoBrightness=0.34449878, newScreenAutoBrightness=0.34449878, mEyeAdjustedScreenAutoBrightness=NaN
11-10 16:50:00.520  1458  1520 I DisplayPowerController[0]: BrightnessEvent: disp=0, brt=0.34449878, rcmdBrt=0.34449878, preBrt=0.3162122, lux=29.427738, lstObsLux=30.133749, preLux=22.499868, hbmMax=1.0, hbmMode=off, thrmMax=1.0, flags=, reason=automatic
11-10 16:50:00.525  1458  1458 I BrightnessSynchronizer: [205] New Update 0.34449878(f) set brightness values:  89(i)
11-10 16:50:00.525  1458  1458 I BrightnessSynchronizer: New PendingUpdate: {[206] 0.34449878(f), mUpdatedTypes=0, mConfirmedTypes=0, mTimeUpdated=0}, prev=null
11-10 16:50:00.526  1458  1458 I BrightnessSynchronizer: Swallowing update of 89(i) by update: {[205] 0.34449878(f), mUpdatedTypes=1, mConfirmedTypes=1, mTimeUpdated=17821554}
11-10 16:50:00.526  1458  1458 I BrightnessSynchronizer: Completed Update: {[205] 0.34449878(f), mUpdatedTypes=1, mConfirmedTypes=1, mTimeUpdated=17821554}
11-10 16:50:00.533  1458  1740 D LocalDisplayAdapter: setDisplayBrightness(id=4630946403839387521, brightnessState=0.31960818, sdrBrightnessState=0.3195509)
11-10 16:50:00.545  1458  1740 D LocalDisplayAdapter: setDisplayBrightness(id=4630946403839387521, brightnessState=0.32122955, sdrBrightnessState=0.32117197)
11-10 16:50:00.556  1458  1740 D LocalDisplayAdapter: setDisplayBrightness(id=4630946403839387521, brightnessState=0.32472947, sdrBrightnessState=0.32467118)
11-10 16:50:00.583  1458  1740 D LocalDisplayAdapter: setDisplayBrightness(id=4630946403839387521, brightnessState=0.32827052, sdrBrightnessState=0.32821158)
11-10 16:50:00.593  1458  1740 D LocalDisplayAdapter: setDisplayBrightness(id=4630946403839387521, brightnessState=0.33185327, sdrBrightnessState=0.33179358)
11-10 16:50:00.606  1458  1740 D LocalDisplayAdapter: setDisplayBrightness(id=4630946403839387521, brightnessState=0.33547816, sdrBrightnessState=0.33541778)
11-10 16:50:00.622  1458  1740 D LocalDisplayAdapter: setDisplayBrightness(id=4630946403839387521, brightnessState=0.33885273, sdrBrightnessState=0.3387917)
11-10 16:50:00.639  1458  1740 D LocalDisplayAdapter: setDisplayBrightness(id=4630946403839387521, brightnessState=0.34253326, sdrBrightnessState=0.3424715)
11-10 16:50:00.662  1458  1740 D LocalDisplayAdapter: setDisplayBrightness(id=4630946403839387521, brightnessState=0.34449884, sdrBrightnessState=0.34449884)
11-10 16:50:05.717  1458  6420 W ProcessStats: Tracking association SourceState{d47643d system/1000 BTopFgs #37961} whose proc state 2 is better than process ProcessState{4d796e7 com.mobvoi.wear.refsysui/10016 pkg=com.mobvoi.wear.refsysui} proc state 3 (26 skipped)
11-10 16:50:06.122  1458  1879 W JobScheduler: Job didn't exist in JobStore: 4b96aa9 #1000/1000914 com.google.wear.services/.complications.ComplicationRequesterJobService
11-10 16:50:14.516  1458  1520 D AutomaticBrightnessController: updateAutoBrightness: mAmbientLux=34.598755, mScreenAutoBrightness=0.3649617, newScreenAutoBrightness=0.3649617, mEyeAdjustedScreenAutoBrightness=NaN
11-10 16:50:14.519  1458  1520 I DisplayPowerController[0]: BrightnessEvent: disp=0, brt=0.3649617, rcmdBrt=0.3649617, preBrt=0.34449878, lux=34.598755, lstObsLux=34.59875, preLux=29.427738, hbmMax=1.0, hbmMode=off, thrmMax=1.0, flags=, reason=automatic
11-10 16:50:14.526  1458  1458 I BrightnessSynchronizer: [207] New Update 0.3649617(f) set brightness values:  94(i)
11-10 16:50:14.526  1458  1458 I BrightnessSynchronizer: New PendingUpdate: {[208] 0.3649617(f), mUpdatedTypes=0, mConfirmedTypes=0, mTimeUpdated=0}, prev=null
11-10 16:50:14.527  1458  1458 I BrightnessSynchronizer: Swallowing update of 94(i) by update: {[207] 0.3649617(f), mUpdatedTypes=1, mConfirmedTypes=1, mTimeUpdated=17835555}
11-10 16:50:14.527  1458  1458 I BrightnessSynchronizer: Completed Update: {[207] 0.3649617(f), mUpdatedTypes=1, mConfirmedTypes=1, mTimeUpdated=17835555}
11-10 16:50:14.533  1458  1740 D LocalDisplayAdapter: setDisplayBrightness(id=4630946403839387521, brightnessState=0.34761778, sdrBrightnessState=0.34754696)
11-10 16:50:14.549  1458  1740 D LocalDisplayAdapter: setDisplayBrightness(id=4630946403839387521, brightnessState=0.35142815, sdrBrightnessState=0.3513565)
11-10 16:50:14.566  1458  1740 D LocalDisplayAdapter: setDisplayBrightness(id=4630946403839387521, brightnessState=0.35551175, sdrBrightnessState=0.35543916)
11-10 16:50:14.584  1458  1740 D LocalDisplayAdapter: setDisplayBrightness(id=4630946403839387521, brightnessState=0.3594149, sdrBrightnessState=0.3593415)
11-10 16:50:14.601  1458  1740 D LocalDisplayAdapter: setDisplayBrightness(id=4630946403839387521, brightnessState=0.363364, sdrBrightnessState=0.36328974)
11-10 16:50:14.617  1458  1740 D LocalDisplayAdapter: setDisplayBrightness(id=4630946403839387521, brightnessState=0.36496165, sdrBrightnessState=0.36496165)
11-10 16:50:22.455  1458  1642 D ActivityManager: freezing 5396 com.google.process.gservices
11-10 16:50:22.460  1458  1642 D ActivityManager: freezing 7746 com.android.providers.calendar
11-10 16:50:23.675  1458  1520 I PowerGroup: Powering off display group due to timeout (groupId= 0, uid= 1000)...
11-10 16:50:23.677  1458  1520 I PowerManagerService: Going to sleep due to timeout (uid 1000)...
11-10 16:50:23.681  1458  1520 I DreamManagerService: Entering dreamland.
11-10 16:50:23.687  1458  1520 I PowerManagerService: Dozing...
11-10 16:50:23.699  1458  1480 I DreamController: Starting dream: name=ComponentInfo{com.google.android.apps.wearable.systemui/com.google.android.clockwork.systemui.ambient.AmbientDream}, isPreviewMode=false, canDoze=true, userId=0
11-10 16:50:23.703  1900  1900 V DreamService[AmbientDream]: onBind() intent = Intent { act=android.service.dreams.DreamService flg=0x800000 cmp=com.google.android.apps.wearable.systemui/com.google.android.clockwork.systemui.ambient.AmbientDream (has extras) }
11-10 16:50:23.706  1458  1520 I DisplayPowerController[0]: Blocking screen off
11-10 16:50:23.707  1458  1520 I DisplayPowerController[0]: Unblocked screen off after 1 ms
11-10 16:50:23.714  1458  1520 D ActivityTaskManager: Top Process State changed to PROCESS_STATE_TOP_SLEEPING
11-10 16:50:23.720  1458  1483 W ProcessStats: Tracking association SourceState{5f2ccb2 com.example.obediowear/10099 Top #37999} whose proc state 1 is better than process ProcessState{1d0830f com.google.android.gms.persistent/10062 pkg=com.google.android.gms} proc state 3 (23 skipped)
11-10 16:50:23.723  1458  1520 V DisplayPowerController[0]: Brightness [0.0] reason changing to: 'screen_off', previous reason: 'automatic'.
11-10 16:50:23.723  1458  1520 I DisplayPowerController[0]: BrightnessEvent: disp=0, brt=0.0, rcmdBrt=NaN, preBrt=NaN, lux=0.0, lstObsLux=0.0, preLux=0.0, hbmMax=1.0, hbmMode=off, thrmMax=1.0, flags=, reason=screen_off
11-10 16:50:23.723  1458  1740 D LocalDisplayAdapter: setDisplayBrightness(id=4630946403839387521, brightnessState=-1.0, sdrBrightnessState=-1.0)
11-10 16:50:23.728  1458  1483 I DisplayDeviceRepository: Display device changed state: "Built-in Screen", OFF
11-10 16:50:23.797  1458  1740 D LocalDisplayAdapter: setDisplayState(id=4630946403839387521, state=OFF)
11-10 16:50:24.023  1458  1483 I DisplayDeviceRepository: Display device changed state: "Built-in Screen", OFF
11-10 16:50:43.485  1458  1651 I PowerGroup: Waking up power group from Dozing (groupId=0, uid=1000, reason=WAKE_REASON_WAKE_KEY, details=android.policy:KEY)...
11-10 16:50:43.487  1458  1651 I PowerManagerService: Waking up from Dozing (uid=1000, reason=WAKE_REASON_WAKE_KEY, details=android.policy:KEY)...
11-10 16:50:43.487  1458  1651 D PowerManagerService: SpecialCaseTimeout: 0
11-10 16:50:43.525  1458  1520 I DisplayPowerController[0]: Blocking screen on until initial contents have been drawn.
11-10 16:50:43.526  1458  1520 D ActivityTaskManager: Top Process State changed to PROCESS_STATE_TOP
11-10 16:50:43.571  1458  1520 V DisplayPowerController[0]: Brightness [0.3649617] reason changing to: 'manual', previous reason: 'screen_off'.
11-10 16:50:43.571  1458  1520 I DisplayPowerController[0]: BrightnessEvent: disp=0, brt=0.3649617, rcmdBrt=NaN, preBrt=NaN, lux=NaN, lstObsLux=NaN, preLux=NaN, hbmMax=1.0, hbmMode=off, thrmMax=1.0, flags=invalid_lux doze_scale , reason=manual
11-10 16:50:43.572  1458  1740 D LocalDisplayAdapter: setDisplayState(id=4630946403839387521, state=ON)
11-10 16:50:43.575  1458  1483 I DisplayDeviceRepository: Display device changed state: "Built-in Screen", ON
11-10 16:50:43.595  1458  1520 I DisplayPowerController[0]: Unblocked screen on after 70 ms
11-10 16:50:43.856  1458  1740 D LocalDisplayAdapter: setDisplayBrightness(id=4630946403839387521, brightnessState=0.36496165, sdrBrightnessState=0.36496165)
11-10 16:50:43.858  1458  1483 I DisplayDeviceRepository: Display device changed state: "Built-in Screen", ON
11-10 16:50:43.866  1458  1650 W PowerManagerService: Screen on took 412 ms
11-10 16:50:43.866  1458  1520 I DreamManagerService: Gently waking up from dream.
11-10 16:50:43.866  1458  1480 I DreamManagerService: Performing gentle wake from dream.
11-10 16:50:43.881  1900  1900 V DreamService[AmbientDream]: wakeUp(): fromSystem=true, mWaking=false, mFinished=false
11-10 16:50:43.881  1900  1900 V DreamService[AmbientDream]: finish(): mFinished=false
11-10 16:50:43.885  1458  1690 I DreamManagerService: Leaving dreamland.
11-10 16:50:43.886  1458  1480 I DreamManagerService: Performing gentle wake from dream.
11-10 16:50:43.886  1458  1480 I DreamController: Stopping dream: name=ComponentInfo{com.google.android.apps.wearable.systemui/com.google.android.clockwork.systemui.ambient.AmbientDream}, isPreviewMode=false, canDoze=true, userId=0, reason='finished self'(from 'requested stopDream')
11-10 16:50:43.890  1900  1900 V DreamService[AmbientDream]: detach(): Calling onDreamingStopped()
11-10 16:50:43.895  1900  1900 V DreamService[AmbientDream]: finish(): mFinished=true
11-10 16:50:43.896  1900  1900 V DreamService[AmbientDream]: onDestroy()
11-10 16:50:43.896  1900  1900 V DreamService[AmbientDream]: finish(): mFinished=true
11-10 16:50:43.985  1458  1520 D AutomaticBrightnessController: updateAutoBrightness: mAmbientLux=34.59875, mScreenAutoBrightness=0.3649617, newScreenAutoBrightness=0.3649617, mEyeAdjustedScreenAutoBrightness=NaN
11-10 16:50:43.986  1458  1520 V DisplayPowerController[0]: Brightness [0.3649617] reason changing to: 'automatic', previous reason: 'manual'.
11-10 16:50:43.986  1458  1520 I DisplayPowerController[0]: BrightnessEvent: disp=0, brt=0.3649617, rcmdBrt=0.3649617, preBrt=NaN, lux=34.59875, lstObsLux=34.59875, preLux=NaN, hbmMax=1.0, hbmMode=off, thrmMax=1.0, flags=, reason=automatic
11-10 16:50:44.116  1458  5047 W JobScheduler: Job didn't exist in JobStore: 5d1b367 #1000/1000915 com.google.wear.services/.complications.ComplicationRequesterJobService
11-10 16:50:45.245  1458  1690 W ProcessStats: Tracking association SourceState{5c4be80 com.mobvoi.wear.mcuservice.aw/1000 BTopFgs #38095} whose proc state 2 is better than process ProcessState{a508f9c com.mobvoi.wear.health.at/10057 pkg=com.mobvoi.wear.health.at} proc state 3 (97 skipped)
11-10 16:50:47.120  1458  1520 D AutomaticBrightnessController: updateAutoBrightness: mAmbientLux=15.2181225, mScreenAutoBrightness=0.2912081, newScreenAutoBrightness=0.2912081, mEyeAdjustedScreenAutoBrightness=NaN
11-10 16:50:47.124  1458  1520 I DisplayPowerController[0]: BrightnessEvent: disp=0, brt=0.2912081, rcmdBrt=0.2912081, preBrt=0.3649617, lux=15.2181225, lstObsLux=16.74125, preLux=34.59875, hbmMax=1.0, hbmMode=off, thrmMax=1.0, flags=, reason=automatic
11-10 16:50:47.126  1458  1740 D LocalDisplayAdapter: setDisplayBrightness(id=4630946403839387521, brightnessState=0.29120812, sdrBrightnessState=0.29120812)
11-10 16:50:47.128  1458  1458 I BrightnessSynchronizer: [211] New Update 0.2912081(f) set brightness values:  75(i)
11-10 16:50:47.129  1458  1458 I BrightnessSynchronizer: New PendingUpdate: {[212] 0.2912081(f), mUpdatedTypes=0, mConfirmedTypes=0, mTimeUpdated=0}, prev=null
11-10 16:50:47.129  1458  1458 I BrightnessSynchronizer: Swallowing update of 75(i) by update: {[211] 0.2912081(f), mUpdatedTypes=1, mConfirmedTypes=1, mTimeUpdated=17856768}
11-10 16:50:47.130  1458  1458 I BrightnessSynchronizer: Completed Update: {[211] 0.2912081(f), mUpdatedTypes=1, mConfirmedTypes=1, mTimeUpdated=17856768}
11-10 16:50:51.020  1458  1520 D AutomaticBrightnessController: updateAutoBrightness: mAmbientLux=17.3542, mScreenAutoBrightness=0.29816514, newScreenAutoBrightness=0.29816514, mEyeAdjustedScreenAutoBrightness=NaN
11-10 16:50:51.025  1458  1520 I DisplayPowerController[0]: BrightnessEvent: disp=0, brt=0.29816514, rcmdBrt=0.29816514, preBrt=0.2912081, lux=17.3542, lstObsLux=21.205, preLux=15.2181225, hbmMax=1.0, hbmMode=off, thrmMax=1.0, flags=, reason=automatic
11-10 16:50:51.028  1458  1458 I BrightnessSynchronizer: [213] New Update 0.29816514(f) set brightness values:  77(i)
11-10 16:50:51.029  1458  1458 I BrightnessSynchronizer: New PendingUpdate: {[214] 0.29816514(f), mUpdatedTypes=0, mConfirmedTypes=0, mTimeUpdated=0}, prev=null
11-10 16:50:51.030  1458  1458 I BrightnessSynchronizer: Swallowing update of 77(i) by update: {[213] 0.29816514(f), mUpdatedTypes=1, mConfirmedTypes=1, mTimeUpdated=17860668}
11-10 16:50:51.031  1458  1458 I BrightnessSynchronizer: Completed Update: {[213] 0.29816514(f), mUpdatedTypes=1, mConfirmedTypes=1, mTimeUpdated=17860668}
11-10 16:50:51.041  1458  1740 D LocalDisplayAdapter: setDisplayBrightness(id=4630946403839387521, brightnessState=0.29456654, sdrBrightnessState=0.2945132)
11-10 16:50:51.058  1458  1740 D LocalDisplayAdapter: setDisplayBrightness(id=4630946403839387521, brightnessState=0.29696044, sdrBrightnessState=0.2969066)
11-10 16:50:51.072  1458  1740 D LocalDisplayAdapter: setDisplayBrightness(id=4630946403839387521, brightnessState=0.2981652, sdrBrightnessState=0.2981652)
11-10 16:50:51.715  1458  1520 D AutomaticBrightnessController: updateAutoBrightness: mAmbientLux=21.137314, mScreenAutoBrightness=0.31111768, newScreenAutoBrightness=0.31111768, mEyeAdjustedScreenAutoBrightness=NaN
11-10 16:50:51.718  1458  1520 I DisplayPowerController[0]: BrightnessEvent: disp=0, brt=0.31111768, rcmdBrt=0.31111768, preBrt=0.29816514, lux=21.137314, lstObsLux=33.4825, preLux=17.3542, hbmMax=1.0, hbmMode=off, thrmMax=1.0, flags=, reason=automatic
11-10 16:50:51.721  1458  1458 I BrightnessSynchronizer: [215] New Update 0.31111768(f) set brightness values:  80(i)
11-10 16:50:51.721  1458  1458 I BrightnessSynchronizer: New PendingUpdate: {[216] 0.31111768(f), mUpdatedTypes=0, mConfirmedTypes=0, mTimeUpdated=0}, prev=null
11-10 16:50:51.722  1458  1458 I BrightnessSynchronizer: Swallowing update of 80(i) by update: {[215] 0.31111768(f), mUpdatedTypes=1, mConfirmedTypes=1, mTimeUpdated=17861360}
11-10 16:50:51.723  1458  1458 I BrightnessSynchronizer: Completed Update: {[215] 0.31111768(f), mUpdatedTypes=1, mConfirmedTypes=1, mTimeUpdated=17861360}
11-10 16:50:51.733  1458  1740 D LocalDisplayAdapter: setDisplayBrightness(id=4630946403839387521, brightnessState=0.3009582, sdrBrightnessState=0.30090764)
11-10 16:50:51.750  1458  1740 D LocalDisplayAdapter: setDisplayBrightness(id=4630946403839387521, brightnessState=0.30418533, sdrBrightnessState=0.30413416)
11-10 16:50:51.767  1458  1642 D ActivityManager: freezing 5375 com.google.android.gms
11-10 16:50:51.774  1458  1740 D LocalDisplayAdapter: setDisplayBrightness(id=4630946403839387521, brightnessState=0.30745, sdrBrightnessState=0.3073983)
11-10 16:50:51.799  1458  1740 D LocalDisplayAdapter: setDisplayBrightness(id=4630946403839387521, brightnessState=0.31111768, sdrBrightnessState=0.31111768)
11-10 16:50:53.521  1458  1520 D AutomaticBrightnessController: updateAutoBrightness: mAmbientLux=32.939205, mScreenAutoBrightness=0.35868958, newScreenAutoBrightness=0.35868958, mEyeAdjustedScreenAutoBrightness=NaN
11-10 16:50:53.523  1458  1520 I DisplayPowerController[0]: BrightnessEvent: disp=0, brt=0.35868958, rcmdBrt=0.35868958, preBrt=0.31111768, lux=32.939205, lstObsLux=33.4825, preLux=21.137314, hbmMax=1.0, hbmMode=off, thrmMax=1.0, flags=, reason=automatic
11-10 16:50:53.527  1458  1458 I BrightnessSynchronizer: [217] New Update 0.35868958(f) set brightness values:  92(i)
11-10 16:50:53.527  1458  1458 I BrightnessSynchronizer: New PendingUpdate: {[218] 0.35868958(f), mUpdatedTypes=0, mConfirmedTypes=0, mTimeUpdated=0}, prev=null
11-10 16:50:53.528  1458  1458 I BrightnessSynchronizer: Swallowing update of 92(i) by update: {[217] 0.35868958(f), mUpdatedTypes=1, mConfirmedTypes=1, mTimeUpdated=17863166}
11-10 16:50:53.528  1458  1458 I BrightnessSynchronizer: Completed Update: {[217] 0.35868958(f), mUpdatedTypes=1, mConfirmedTypes=1, mTimeUpdated=17863166}
11-10 16:50:53.538  1458  1740 D LocalDisplayAdapter: setDisplayBrightness(id=4630946403839387521, brightnessState=0.31395942, sdrBrightnessState=0.31390437)
11-10 16:50:53.554  1458  1740 D LocalDisplayAdapter: setDisplayBrightness(id=4630946403839387521, brightnessState=0.31737378, sdrBrightnessState=0.3173181)
11-10 16:50:53.565  1458  1740 D LocalDisplayAdapter: setDisplayBrightness(id=4630946403839387521, brightnessState=0.31824312, sdrBrightnessState=0.31818727)
11-10 16:50:53.577  1458  1740 D LocalDisplayAdapter: setDisplayBrightness(id=4630946403839387521, brightnessState=0.3217079, sdrBrightnessState=0.32165137)
11-10 16:50:53.593  1458  1740 D LocalDisplayAdapter: setDisplayBrightness(id=4630946403839387521, brightnessState=0.3252134, sdrBrightnessState=0.32515624)
11-10 16:50:53.609  1458  1740 D LocalDisplayAdapter: setDisplayBrightness(id=4630946403839387521, brightnessState=0.3287602, sdrBrightnessState=0.32870236)
11-10 16:50:53.627  1458  1740 D LocalDisplayAdapter: setDisplayBrightness(id=4630946403839387521, brightnessState=0.33234867, sdrBrightnessState=0.33229014)
11-10 16:50:53.642  1458  1740 D LocalDisplayAdapter: setDisplayBrightness(id=4630946403839387521, brightnessState=0.3359972, sdrBrightnessState=0.33593798)
11-10 16:50:53.660  1458  1740 D LocalDisplayAdapter: setDisplayBrightness(id=4630946403839387521, brightnessState=0.339674, sdrBrightnessState=0.33961406)
11-10 16:50:53.682  1458  1740 D LocalDisplayAdapter: setDisplayBrightness(id=4630946403839387521, brightnessState=0.34339404, sdrBrightnessState=0.3433334)
11-10 16:50:53.715  1458  1740 D LocalDisplayAdapter: setDisplayBrightness(id=4630946403839387521, brightnessState=0.35096613, sdrBrightnessState=0.35090408)
11-10 16:50:53.733  1458  1740 D LocalDisplayAdapter: setDisplayBrightness(id=4630946403839387521, brightnessState=0.35481915, sdrBrightnessState=0.35475636)
11-10 16:50:53.746  1458  1740 D LocalDisplayAdapter: setDisplayBrightness(id=4630946403839387521, brightnessState=0.35868955, sdrBrightnessState=0.35865402)
11-10 16:50:53.758  1458  1740 D LocalDisplayAdapter: setDisplayBrightness(id=4630946403839387521, brightnessState=0.35868955, sdrBrightnessState=0.35868955)
11-10 16:51:03.725  1458  5047 W ProcessStats: Tracking association SourceState{d47643d system/1000 BTopFgs #38119} whose proc state 2 is better than process ProcessState{4d796e7 com.mobvoi.wear.refsysui/10016 pkg=com.mobvoi.wear.refsysui} proc state 3 (18 skipped)
11-10 16:51:04.145  1458  6420 W JobScheduler: Job didn't exist in JobStore: 51d6cc8 #1000/1000916 com.google.wear.services/.complications.ComplicationRequesterJobService
11-10 16:51:05.099  1458  1458 I ActivityTaskManager: START u0 {act=android.intent.action.MAIN cat=[android.intent.category.HOME] flg=0x10000100 cmp=com.mobvoi.wear.refsysui/com.google.android.clockwork.sysui.mainui.activity.SysUiActivity (has extras)} from uid 0
11-10 16:51:05.141  1458  1489 W BroadcastQueue: Background execution not allowed: receiving Intent { act=android.os.UpdateLock.UPDATE_LOCK_CHANGED flg=0x4000010 (has extras) } to com.google.android.gms/.chimera.GmsIntentOperationService$PersistentTrustedReceiver
11-10 16:51:05.207  1458  1484 I WindowManager: Screen frozen for +25ms due to client
11-10 16:51:06.733  1458  1520 D AutomaticBrightnessController: updateAutoBrightness: mAmbientLux=15.120234, mScreenAutoBrightness=0.29089376, newScreenAutoBrightness=0.29089376, mEyeAdjustedScreenAutoBrightness=NaN
11-10 16:51:06.735  1458  1520 I DisplayPowerController[0]: BrightnessEvent: disp=0, brt=0.29089376, rcmdBrt=0.29089376, preBrt=0.35868958, lux=15.120234, lstObsLux=14.50875, preLux=32.939205, hbmMax=1.0, hbmMode=off, thrmMax=1.0, flags=, reason=automatic
11-10 16:51:06.738  1458  1458 I BrightnessSynchronizer: [219] New Update 0.29089376(f) set brightness values:  75(i)
11-10 16:51:06.738  1458  1458 I BrightnessSynchronizer: New PendingUpdate: {[220] 0.29089376(f), mUpdatedTypes=0, mConfirmedTypes=0, mTimeUpdated=0}, prev=null
11-10 16:51:06.739  1458  1458 I BrightnessSynchronizer: Swallowing update of 75(i) by update: {[219] 0.29089376(f), mUpdatedTypes=1, mConfirmedTypes=1, mTimeUpdated=17876377}
11-10 16:51:06.739  1458  1458 I BrightnessSynchronizer: Completed Update: {[219] 0.29089376(f), mUpdatedTypes=1, mConfirmedTypes=1, mTimeUpdated=17876377}
11-10 16:51:06.750  1458  1740 D LocalDisplayAdapter: setDisplayBrightness(id=4630946403839387521, brightnessState=0.35540247, sdrBrightnessState=0.35545993)
11-10 16:51:06.766  1458  1740 D LocalDisplayAdapter: setDisplayBrightness(id=4630946403839387521, brightnessState=0.3515387, sdrBrightnessState=0.35159552)
11-10 16:51:06.784  1458  1740 D LocalDisplayAdapter: setDisplayBrightness(id=4630946403839387521, brightnessState=0.34771994, sdrBrightnessState=0.3477761)
11-10 16:51:06.814  1458  1740 D LocalDisplayAdapter: setDisplayBrightness(id=4630946403839387521, brightnessState=0.34394565, sdrBrightnessState=0.3440012)
11-10 16:51:06.843  1458  1740 D LocalDisplayAdapter: setDisplayBrightness(id=4630946403839387521, brightnessState=0.33652854, sdrBrightnessState=0.33658275)
11-10 16:51:06.870  1458  1740 D LocalDisplayAdapter: setDisplayBrightness(id=4630946403839387521, brightnessState=0.3292832, sdrBrightnessState=0.32933614)
11-10 16:51:06.895  1458  1740 D LocalDisplayAdapter: setDisplayBrightness(id=4630946403839387521, brightnessState=0.32572374, sdrBrightnessState=0.32577604)
11-10 16:51:06.926  1458  1740 D LocalDisplayAdapter: setDisplayBrightness(id=4630946403839387521, brightnessState=0.31872866, sdrBrightnessState=0.3187798)
11-10 16:51:06.947  1458  1740 D LocalDisplayAdapter: setDisplayBrightness(id=4630946403839387521, brightnessState=0.3152921, sdrBrightnessState=0.31534263)
11-10 16:51:06.959  1458  1740 D LocalDisplayAdapter: setDisplayBrightness(id=4630946403839387521, brightnessState=0.31189558, sdrBrightnessState=0.31194553)
11-10 16:51:06.969  1458  1740 D LocalDisplayAdapter: setDisplayBrightness(id=4630946403839387521, brightnessState=0.30853865, sdrBrightnessState=0.30858803)
11-10 16:51:06.983  1458  1740 D LocalDisplayAdapter: setDisplayBrightness(id=4630946403839387521, brightnessState=0.3052208, sdrBrightnessState=0.3052696)
11-10 16:51:06.999  1458  1740 D LocalDisplayAdapter: setDisplayBrightness(id=4630946403839387521, brightnessState=0.3019416, sdrBrightnessState=0.30198985)
11-10 16:51:07.016  1458  1740 D LocalDisplayAdapter: setDisplayBrightness(id=4630946403839387521, brightnessState=0.29870063, sdrBrightnessState=0.29874828)
11-10 16:51:07.033  1458  1740 D LocalDisplayAdapter: setDisplayBrightness(id=4630946403839387521, brightnessState=0.2954974, sdrBrightnessState=0.2955445)
11-10 16:51:07.049  1458  1740 D LocalDisplayAdapter: setDisplayBrightness(id=4630946403839387521, brightnessState=0.29233146, sdrBrightnessState=0.29237804)
11-10 16:51:07.066  1458  1740 D LocalDisplayAdapter: setDisplayBrightness(id=4630946403839387521, brightnessState=0.29089376, sdrBrightnessState=0.29089376)
11-10 16:51:07.415  1458  1520 D AutomaticBrightnessController: updateAutoBrightness: mAmbientLux=17.597202, mScreenAutoBrightness=0.29896948, newScreenAutoBrightness=0.29896948, mEyeAdjustedScreenAutoBrightness=NaN
11-10 16:51:07.419  1458  1520 I DisplayPowerController[0]: BrightnessEvent: disp=0, brt=0.29896948, rcmdBrt=0.29896948, preBrt=0.29089376, lux=17.597202, lstObsLux=26.78625, preLux=15.120234, hbmMax=1.0, hbmMode=off, thrmMax=1.0, flags=, reason=automatic
11-10 16:51:07.434  1458  1740 D LocalDisplayAdapter: setDisplayBrightness(id=4630946403839387521, brightnessState=0.2939224, sdrBrightnessState=0.29388925)
11-10 16:51:07.452  1458  1740 D LocalDisplayAdapter: setDisplayBrightness(id=4630946403839387521, brightnessState=0.29710707, sdrBrightnessState=0.29707354)
11-10 16:51:07.468  1458  1740 D LocalDisplayAdapter: setDisplayBrightness(id=4630946403839387521, brightnessState=0.29896948, sdrBrightnessState=0.29896948)
11-10 16:51:07.667  1458  1458 I BrightnessSynchronizer: [221] New Update 0.29896948(f) set brightness values:  77(i)
11-10 16:51:07.667  1458  1458 I BrightnessSynchronizer: New PendingUpdate: {[222] 0.29896948(f), mUpdatedTypes=0, mConfirmedTypes=0, mTimeUpdated=0}, prev=null
11-10 16:51:07.668  1458  1458 I BrightnessSynchronizer: Swallowing update of 77(i) by update: {[221] 0.29896948(f), mUpdatedTypes=1, mConfirmedTypes=1, mTimeUpdated=17877307}
11-10 16:51:07.668  1458  1458 I BrightnessSynchronizer: Completed Update: {[221] 0.29896948(f), mUpdatedTypes=1, mConfirmedTypes=1, mTimeUpdated=17877307}
11-10 16:51:07.713  1458  1520 D AutomaticBrightnessController: updateAutoBrightness: mAmbientLux=20.425293, mScreenAutoBrightness=0.308568, newScreenAutoBrightness=0.308568, mEyeAdjustedScreenAutoBrightness=NaN
11-10 16:51:07.718  1458  1520 I DisplayPowerController[0]: BrightnessEvent: disp=0, brt=0.308568, rcmdBrt=0.308568, preBrt=0.29896948, lux=20.425293, lstObsLux=37.94625, preLux=17.597202, hbmMax=1.0, hbmMode=off, thrmMax=1.0, flags=, reason=automatic
11-10 16:51:07.719  1458  1740 D LocalDisplayAdapter: setDisplayBrightness(id=4630946403839387521, brightnessState=0.29928783, sdrBrightnessState=0.2992339)
11-10 16:51:07.721  1458  1458 I BrightnessSynchronizer: [223] New Update 0.308568(f) set brightness values:  79(i)
11-10 16:51:07.722  1458  1458 I BrightnessSynchronizer: New PendingUpdate: {[224] 0.308568(f), mUpdatedTypes=0, mConfirmedTypes=0, mTimeUpdated=0}, prev=null
11-10 16:51:07.723  1458  1458 I BrightnessSynchronizer: Swallowing update of 79(i) by update: {[223] 0.308568(f), mUpdatedTypes=1, mConfirmedTypes=1, mTimeUpdated=17877361}
11-10 16:51:07.723  1458  1458 I BrightnessSynchronizer: Completed Update: {[223] 0.308568(f), mUpdatedTypes=1, mConfirmedTypes=1, mTimeUpdated=17877361}
11-10 16:51:07.738  1458  1740 D LocalDisplayAdapter: setDisplayBrightness(id=4630946403839387521, brightnessState=0.30253574, sdrBrightnessState=0.3024812)
11-10 16:51:07.762  1458  1740 D LocalDisplayAdapter: setDisplayBrightness(id=4630946403839387521, brightnessState=0.30582193, sdrBrightnessState=0.30576673)
11-10 16:51:07.787  1458  1740 D LocalDisplayAdapter: setDisplayBrightness(id=4630946403839387521, brightnessState=0.30856797, sdrBrightnessState=0.30856797)
11-10 16:51:07.904  1458  1520 D AutomaticBrightnessController: updateAutoBrightness: mAmbientLux=22.932156, mScreenAutoBrightness=0.31788018, newScreenAutoBrightness=0.31788018, mEyeAdjustedScreenAutoBrightness=NaN
11-10 16:51:07.907  1458  1520 I DisplayPowerController[0]: BrightnessEvent: disp=0, brt=0.31788018, rcmdBrt=0.31788018, preBrt=0.308568, lux=22.932156, lstObsLux=37.94625, preLux=20.425293, hbmMax=1.0, hbmMode=off, thrmMax=1.0, flags=, reason=automatic
11-10 16:51:07.911  1458  1458 I BrightnessSynchronizer: [225] New Update 0.31788018(f) set brightness values:  82(i)
11-10 16:51:07.911  1458  1458 I BrightnessSynchronizer: New PendingUpdate: {[226] 0.31788018(f), mUpdatedTypes=0, mConfirmedTypes=0, mTimeUpdated=0}, prev=null
11-10 16:51:07.912  1458  1458 I BrightnessSynchronizer: Swallowing update of 82(i) by update: {[225] 0.31788018(f), mUpdatedTypes=1, mConfirmedTypes=1, mTimeUpdated=17877550}
11-10 16:51:07.913  1458  1458 I BrightnessSynchronizer: Completed Update: {[225] 0.31788018(f), mUpdatedTypes=1, mConfirmedTypes=1, mTimeUpdated=17877550}
11-10 16:51:07.918  1458  1740 D LocalDisplayAdapter: setDisplayBrightness(id=4630946403839387521, brightnessState=0.31084308, sdrBrightnessState=0.31078044)
11-10 16:51:07.934  1458  1740 D LocalDisplayAdapter: setDisplayBrightness(id=4630946403839387521, brightnessState=0.3142272, sdrBrightnessState=0.3141638)
11-10 16:51:07.951  1458  1740 D LocalDisplayAdapter: setDisplayBrightness(id=4630946403839387521, brightnessState=0.31765118, sdrBrightnessState=0.31758705)
11-10 16:51:07.967  1458  1740 D LocalDisplayAdapter: setDisplayBrightness(id=4630946403839387521, brightnessState=0.31788012, sdrBrightnessState=0.31788012)
11-10 16:51:08.305  1458  1520 D AutomaticBrightnessController: updateAutoBrightness: mAmbientLux=27.46598, mScreenAutoBrightness=0.3363223, newScreenAutoBrightness=0.3363223, mEyeAdjustedScreenAutoBrightness=NaN
11-10 16:51:08.307  1458  1520 I DisplayPowerController[0]: BrightnessEvent: disp=0, brt=0.3363223, rcmdBrt=0.3363223, preBrt=0.31788018, lux=27.46598, lstObsLux=37.94625, preLux=22.932156, hbmMax=1.0, hbmMode=off, thrmMax=1.0, flags=, reason=automatic
11-10 16:51:08.312  1458  1458 I BrightnessSynchronizer: [227] New Update 0.3363223(f) set brightness values:  86(i)
11-10 16:51:08.313  1458  1458 I BrightnessSynchronizer: New PendingUpdate: {[228] 0.3363223(f), mUpdatedTypes=0, mConfirmedTypes=0, mTimeUpdated=0}, prev=null
11-10 16:51:08.314  1458  1458 I BrightnessSynchronizer: Swallowing update of 86(i) by update: {[227] 0.3363223(f), mUpdatedTypes=1, mConfirmedTypes=1, mTimeUpdated=17877951}
11-10 16:51:08.314  1458  1458 I BrightnessSynchronizer: Completed Update: {[227] 0.3363223(f), mUpdatedTypes=1, mConfirmedTypes=1, mTimeUpdated=17877951}
11-10 16:51:08.318  1458  1740 D LocalDisplayAdapter: setDisplayBrightness(id=4630946403839387521, brightnessState=0.3203433, sdrBrightnessState=0.32028815)
11-10 16:51:08.335  1458  1740 D LocalDisplayAdapter: setDisplayBrightness(id=4630946403839387521, brightnessState=0.3238394, sdrBrightnessState=0.32378358)
11-10 16:51:08.351  1458  1740 D LocalDisplayAdapter: setDisplayBrightness(id=4630946403839387521, brightnessState=0.32737666, sdrBrightnessState=0.3273202)
11-10 16:51:08.370  1458  1740 D LocalDisplayAdapter: setDisplayBrightness(id=4630946403839387521, brightnessState=0.33095565, sdrBrightnessState=0.33089852)
11-10 16:51:08.386  1458  1740 D LocalDisplayAdapter: setDisplayBrightness(id=4630946403839387521, brightnessState=0.33457682, sdrBrightnessState=0.334519)
11-10 16:51:08.404  1458  1740 D LocalDisplayAdapter: setDisplayBrightness(id=4630946403839387521, brightnessState=0.3363223, sdrBrightnessState=0.3363223)
11-10 16:51:10.113  1458  1520 D AutomaticBrightnessController: updateAutoBrightness: mAmbientLux=39.602837, mScreenAutoBrightness=0.3808777, newScreenAutoBrightness=0.3808777, mEyeAdjustedScreenAutoBrightness=NaN
11-10 16:51:10.115  1458  1520 I DisplayPowerController[0]: BrightnessEvent: disp=0, brt=0.3808777, rcmdBrt=0.3808777, preBrt=0.3363223, lux=39.602837, lstObsLux=40.17875, preLux=27.46598, hbmMax=1.0, hbmMode=off, thrmMax=1.0, flags=, reason=automatic
11-10 16:51:10.123  1458  1458 I BrightnessSynchronizer: [229] New Update 0.3808777(f) set brightness values:  98(i)
11-10 16:51:10.124  1458  1458 I BrightnessSynchronizer: New PendingUpdate: {[230] 0.3808777(f), mUpdatedTypes=0, mConfirmedTypes=0, mTimeUpdated=0}, prev=null
11-10 16:51:10.125  1458  1458 I BrightnessSynchronizer: Swallowing update of 98(i) by update: {[229] 0.3808777(f), mUpdatedTypes=1, mConfirmedTypes=1, mTimeUpdated=17879763}
11-10 16:51:10.125  1458  1458 I BrightnessSynchronizer: Completed Update: {[229] 0.3808777(f), mUpdatedTypes=1, mConfirmedTypes=1, mTimeUpdated=17879763}
11-10 16:51:10.139  1458  1740 D LocalDisplayAdapter: setDisplayBrightness(id=4630946403839387521, brightnessState=0.34172067, sdrBrightnessState=0.34166312)
11-10 16:51:10.157  1458  1740 D LocalDisplayAdapter: setDisplayBrightness(id=4630946403839387521, brightnessState=0.3454616, sdrBrightnessState=0.3454034)
11-10 16:51:10.173  1458  1740 D LocalDisplayAdapter: setDisplayBrightness(id=4630946403839387521, brightnessState=0.3492466, sdrBrightnessState=0.3491877)
11-10 16:51:10.190  1458  1740 D LocalDisplayAdapter: setDisplayBrightness(id=4630946403839387521, brightnessState=0.35307607, sdrBrightnessState=0.3530165)
11-10 16:51:10.209  1458  1740 D LocalDisplayAdapter: setDisplayBrightness(id=4630946403839387521, brightnessState=0.35695067, sdrBrightnessState=0.35689032)
11-10 16:51:10.223  1458  1740 D LocalDisplayAdapter: setDisplayBrightness(id=4630946403839387521, brightnessState=0.36059263, sdrBrightnessState=0.3605317)
11-10 16:51:10.255  1458  1740 D LocalDisplayAdapter: setDisplayBrightness(id=4630946403839387521, brightnessState=0.36452428, sdrBrightnessState=0.3644626)
11-10 16:51:10.284  1458  1740 D LocalDisplayAdapter: setDisplayBrightness(id=4630946403839387521, brightnessState=0.37252572, sdrBrightnessState=0.3724626)
11-10 16:51:10.315  1458  1740 D LocalDisplayAdapter: setDisplayBrightness(id=4630946403839387521, brightnessState=0.380715, sdrBrightnessState=0.3806504)
11-10 16:51:10.322  1458  1740 D LocalDisplayAdapter: setDisplayBrightness(id=4630946403839387521, brightnessState=0.3808777, sdrBrightnessState=0.3808777)
11-10 16:51:20.764  1458  1883 W ProcessStats: Tracking association SourceState{60d4f4f com.google.android.wearable.media.sessions/10079 BTopFgs #38173} whose proc state 2 is better than process ProcessState{1d0830f com.google.android.gms.persistent/10062 pkg=com.google.android.gms} proc state 3 (23 skipped)
11-10 16:51:24.133  1458  5047 W JobScheduler: Job didn't exist in JobStore: 632da91 #1000/1000917 com.google.wear.services/.complications.ComplicationRequesterJobService
11-10 16:51:36.412  1458  1520 I PowerGroup: Powering off display group due to timeout (groupId= 0, uid= 1000)...
11-10 16:51:36.412  1458  1520 I PowerManagerService: Going to sleep due to timeout (uid 1000)...
11-10 16:51:36.417  1458  1520 I DreamManagerService: Entering dreamland.
11-10 16:51:36.421  1458  1520 I PowerManagerService: Dozing...
11-10 16:51:36.425  1458  1458 W ProcessStats: Tracking association SourceState{60d4f4f com.google.android.wearable.media.sessions/10079 BTopFgs #38208} whose proc state 2 is better than process ProcessState{1d0830f com.google.android.gms.persistent/10062 pkg=com.google.android.gms} proc state 3 (3 skipped)
11-10 16:51:36.429  1458  1480 I DreamController: Starting dream: name=ComponentInfo{com.google.android.apps.wearable.systemui/com.google.android.clockwork.systemui.ambient.AmbientDream}, isPreviewMode=false, canDoze=true, userId=0
11-10 16:51:36.434  1900  1900 V DreamService[AmbientDream]: onBind() intent = Intent { act=android.service.dreams.DreamService flg=0x800000 cmp=com.google.android.apps.wearable.systemui/com.google.android.clockwork.systemui.ambient.AmbientDream (has extras) }
11-10 16:51:36.438  1458  1520 I DisplayPowerController[0]: Blocking screen off
11-10 16:51:36.438  1458  1520 I DisplayPowerController[0]: Unblocked screen off after 0 ms
11-10 16:51:36.439  1458  1520 D ActivityTaskManager: Top Process State changed to PROCESS_STATE_TOP_SLEEPING
11-10 16:51:36.452  1458  1520 V DisplayPowerController[0]: Brightness [0.0] reason changing to: 'screen_off', previous reason: 'automatic'.
11-10 16:51:36.452  1458  1520 I DisplayPowerController[0]: BrightnessEvent: disp=0, brt=0.0, rcmdBrt=NaN, preBrt=NaN, lux=0.0, lstObsLux=0.0, preLux=0.0, hbmMax=1.0, hbmMode=off, thrmMax=1.0, flags=, reason=screen_off
11-10 16:51:36.453  1458  1740 D LocalDisplayAdapter: setDisplayBrightness(id=4630946403839387521, brightnessState=-1.0, sdrBrightnessState=-1.0)
11-10 16:51:36.465  1458  1483 I DisplayDeviceRepository: Display device changed state: "Built-in Screen", OFF
11-10 16:51:36.473  1458  1740 D LocalDisplayAdapter: setDisplayState(id=4630946403839387521, state=OFF)
11-10 16:51:36.715  1458  1483 I DisplayDeviceRepository: Display device changed state: "Built-in Screen", OFF
11-10 16:51:43.378  1458  1651 I PowerGroup: Waking up power group from Dozing (groupId=0, uid=1000, reason=WAKE_REASON_WAKE_KEY, details=android.policy:KEY)...
11-10 16:51:43.378  1458  1651 I PowerManagerService: Waking up from Dozing (uid=1000, reason=WAKE_REASON_WAKE_KEY, details=android.policy:KEY)...
11-10 16:51:43.379  1458  1651 D PowerManagerService: SpecialCaseTimeout: 0
11-10 16:51:43.402  1458  1520 I DisplayPowerController[0]: Blocking screen on until initial contents have been drawn.
11-10 16:51:43.402  1458  1520 D ActivityTaskManager: Top Process State changed to PROCESS_STATE_TOP
11-10 16:51:43.430  1458  1520 V DisplayPowerController[0]: Brightness [0.3808777] reason changing to: 'manual', previous reason: 'screen_off'.
11-10 16:51:43.430  1458  1520 I DisplayPowerController[0]: BrightnessEvent: disp=0, brt=0.3808777, rcmdBrt=NaN, preBrt=NaN, lux=NaN, lstObsLux=NaN, preLux=NaN, hbmMax=1.0, hbmMode=off, thrmMax=1.0, flags=invalid_lux doze_scale , reason=manual
11-10 16:51:43.430  1458  1520 I DisplayPowerController[0]: Unblocked screen on after 28 ms
11-10 16:51:43.431  1458  1740 D LocalDisplayAdapter: setDisplayState(id=4630946403839387521, state=ON)
11-10 16:51:43.432  1458  1483 I DisplayDeviceRepository: Display device changed state: "Built-in Screen", ON
11-10 16:51:43.718  1458  1483 I DisplayDeviceRepository: Display device changed state: "Built-in Screen", ON
11-10 16:51:43.730  1458  1740 D LocalDisplayAdapter: setDisplayBrightness(id=4630946403839387521, brightnessState=0.3808777, sdrBrightnessState=0.3808777)
11-10 16:51:43.731  1458  1520 W PowerManagerService: Screen on took 363 ms
11-10 16:51:43.731  1458  1520 I DreamManagerService: Gently waking up from dream.
11-10 16:51:43.733  1458  1480 I DreamManagerService: Performing gentle wake from dream.
11-10 16:51:43.733  1900  1900 V DreamService[AmbientDream]: wakeUp(): fromSystem=true, mWaking=false, mFinished=false
11-10 16:51:43.733  1900  1900 V DreamService[AmbientDream]: finish(): mFinished=false
11-10 16:51:43.741  1458  1879 I DreamManagerService: Leaving dreamland.
11-10 16:51:43.742  1458  1480 I DreamManagerService: Performing gentle wake from dream.
11-10 16:51:43.742  1458  1480 I DreamController: Stopping dream: name=ComponentInfo{com.google.android.apps.wearable.systemui/com.google.android.clockwork.systemui.ambient.AmbientDream}, isPreviewMode=false, canDoze=true, userId=0, reason='finished self'(from 'requested stopDream')
11-10 16:51:43.745  1900  1900 V DreamService[AmbientDream]: detach(): Calling onDreamingStopped()
11-10 16:51:43.745  1900  1900 V DreamService[AmbientDream]: finish(): mFinished=true
11-10 16:51:43.746  1900  1900 V DreamService[AmbientDream]: onDestroy()
11-10 16:51:43.746  1900  1900 V DreamService[AmbientDream]: finish(): mFinished=true
11-10 16:51:43.846  1458  1520 D AutomaticBrightnessController: updateAutoBrightness: mAmbientLux=34.59875, mScreenAutoBrightness=0.3649617, newScreenAutoBrightness=0.3649617, mEyeAdjustedScreenAutoBrightness=NaN
11-10 16:51:43.847  1458  1520 V DisplayPowerController[0]: Brightness [0.3649617] reason changing to: 'automatic', previous reason: 'manual'.
11-10 16:51:43.847  1458  1520 I DisplayPowerController[0]: BrightnessEvent: disp=0, brt=0.3649617, rcmdBrt=0.3649617, preBrt=NaN, lux=34.59875, lstObsLux=34.59875, preLux=NaN, hbmMax=1.0, hbmMode=off, thrmMax=1.0, flags=, reason=automatic
11-10 16:51:43.848  1458  1740 D LocalDisplayAdapter: setDisplayBrightness(id=4630946403839387521, brightnessState=0.36496165, sdrBrightnessState=0.36496165)
11-10 16:51:43.849  1458  1458 I BrightnessSynchronizer: [233] New Update 0.3649617(f) set brightness values:  94(i)
11-10 16:51:43.850  1458  1458 I BrightnessSynchronizer: New PendingUpdate: {[234] 0.3649617(f), mUpdatedTypes=0, mConfirmedTypes=0, mTimeUpdated=0}, prev=null
11-10 16:51:43.850  1458  1458 I BrightnessSynchronizer: Swallowing update of 94(i) by update: {[233] 0.3649617(f), mUpdatedTypes=1, mConfirmedTypes=1, mTimeUpdated=17911177}
11-10 16:51:43.851  1458  1458 I BrightnessSynchronizer: Completed Update: {[233] 0.3649617(f), mUpdatedTypes=1, mConfirmedTypes=1, mTimeUpdated=17911177}
11-10 16:51:44.158  1458  1883 W JobScheduler: Job didn't exist in JobStore: 2844f52 #1000/1000918 com.google.wear.services/.complications.ComplicationRequesterJobService
11-10 16:51:44.590  1458  1458 I ActivityTaskManager: START u0 {act=android.intent.action.MAIN cat=[android.intent.category.HOME] flg=0x10000100 cmp=com.mobvoi.wear.refsysui/com.google.android.clockwork.sysui.mainui.activity.SysUiActivity (has extras)} from uid 0
11-10 16:51:44.605  1458  1883 I ActivityTaskManager: START u0 {flg=0x10000000 cmp=com.mobvoi.wear.refsysui/com.google.android.clockwork.sysui.experiences.globallauncher.AllAppsLauncherActivity (has extras)} from uid 10016
11-10 16:51:44.635  1458  1883 W ActivityTaskManager: Tried to set launchTime (0) < mLastActivityLaunchTime (17707993)
11-10 16:51:44.657  1458  1489 W BroadcastQueue: Background execution not allowed: receiving Intent { act=android.os.UpdateLock.UPDATE_LOCK_CHANGED flg=0x4000010 (has extras) } to com.google.android.gms/.chimera.GmsIntentOperationService$PersistentTrustedReceiver
11-10 16:51:44.684  1458  8403 W WindowManager: Failed looking up window session=Session{2cb30f4 1758:u0a10016} callers=com.android.server.wm.WindowManagerService.windowForClientLocked:5953 com.android.server.wm.Session.updateRequestedVisibilities:705 android.view.IWindowSession$Stub.onTransact:1096 
11-10 16:51:44.688  1458  1690 D CoreBackPreview: Window{9c26450 u0 com.mobvoi.wear.refsysui/com.google.android.clockwork.sysui.experiences.globallauncher.AllAppsLauncherActivity}: Setting back callback OnBackInvokedCallbackInfo{mCallback=android.window.IOnBackInvokedCallback$Stub$Proxy@f8f5b4e, mPriority=0}
11-10 16:51:44.761  1458  1484 I WindowManager: Screen frozen for +29ms due to client
11-10 16:51:46.261  1458  1458 I ActivityTaskManager: START u0 {act=android.intent.action.MAIN cat=[android.intent.category.HOME] flg=0x10000100 cmp=com.mobvoi.wear.refsysui/com.google.android.clockwork.sysui.mainui.activity.SysUiActivity (has extras)} from uid 0
11-10 16:51:46.292  1458  1489 W BroadcastQueue: Background execution not allowed: receiving Intent { act=android.os.UpdateLock.UPDATE_LOCK_CHANGED flg=0x4000010 (has extras) } to com.google.android.gms/.chimera.GmsIntentOperationService$PersistentTrustedReceiver
11-10 16:51:46.358  1458  1484 I WindowManager: Screen frozen for +26ms due to client
11-10 16:51:47.136  1458  1520 D AutomaticBrightnessController: updateAutoBrightness: mAmbientLux=16.851019, mScreenAutoBrightness=0.2965085, newScreenAutoBrightness=0.2965085, mEyeAdjustedScreenAutoBrightness=NaN
11-10 16:51:47.141  1458  1520 I DisplayPowerController[0]: BrightnessEvent: disp=0, brt=0.2965085, rcmdBrt=0.2965085, preBrt=0.3649617, lux=16.851019, lstObsLux=15.625, preLux=34.59875, hbmMax=1.0, hbmMode=off, thrmMax=1.0, flags=, reason=automatic
11-10 16:51:47.144  1458  1458 I BrightnessSynchronizer: [235] New Update 0.2965085(f) set brightness values:  76(i)
11-10 16:51:47.144  1458  1458 I BrightnessSynchronizer: New PendingUpdate: {[236] 0.2965085(f), mUpdatedTypes=0, mConfirmedTypes=0, mTimeUpdated=0}, prev=null
11-10 16:51:47.145  1458  1458 I BrightnessSynchronizer: Swallowing update of 76(i) by update: {[235] 0.2965085(f), mUpdatedTypes=1, mConfirmedTypes=1, mTimeUpdated=17914472}
11-10 16:51:47.146  1458  1458 I BrightnessSynchronizer: Completed Update: {[235] 0.2965085(f), mUpdatedTypes=1, mConfirmedTypes=1, mTimeUpdated=17914472}
11-10 16:51:47.158  1458  1740 D LocalDisplayAdapter: setDisplayBrightness(id=4630946403839387521, brightnessState=0.3607032, sdrBrightnessState=0.3607727)
11-10 16:51:47.176  1458  1740 D LocalDisplayAdapter: setDisplayBrightness(id=4630946403839387521, brightnessState=0.35677743, sdrBrightnessState=0.35684618)
11-10 16:51:47.193  1458  1740 D LocalDisplayAdapter: setDisplayBrightness(id=4630946403839387521, brightnessState=0.3528974, sdrBrightnessState=0.35296535)
11-10 16:51:47.208  1458  1740 D LocalDisplayAdapter: setDisplayBrightness(id=4630946403839387521, brightnessState=0.34906265, sdrBrightnessState=0.34912977)
11-10 16:51:47.237  1458  1740 D LocalDisplayAdapter: setDisplayBrightness(id=4630946403839387521, brightnessState=0.3452725, sdrBrightnessState=0.34533885)
11-10 16:51:47.265  1458  1740 D LocalDisplayAdapter: setDisplayBrightness(id=4630946403839387521, brightnessState=0.33782423, sdrBrightnessState=0.33788905)
11-10 16:51:47.285  1458  1740 D LocalDisplayAdapter: setDisplayBrightness(id=4630946403839387521, brightnessState=0.334165, sdrBrightnessState=0.33422908)
11-10 16:51:47.305  1458  1740 D LocalDisplayAdapter: setDisplayBrightness(id=4630946403839387521, brightnessState=0.33054847, sdrBrightnessState=0.3306118)
11-10 16:51:47.327  1458  1458 I ActivityTaskManager: START u0 {act=android.intent.action.MAIN cat=[android.intent.category.HOME] flg=0x10000100 cmp=com.mobvoi.wear.refsysui/com.google.android.clockwork.sysui.mainui.activity.SysUiActivity (has extras)} from uid 0
11-10 16:51:47.331  1458  1740 D LocalDisplayAdapter: setDisplayBrightness(id=4630946403839387521, brightnessState=0.32344124, sdrBrightnessState=0.3235031)
11-10 16:51:47.334  1458  1883 I ActivityTaskManager: START u0 {flg=0x10000000 cmp=com.mobvoi.wear.refsysui/com.google.android.clockwork.sysui.experiences.globallauncher.AllAppsLauncherActivity (has extras)} from uid 10016
11-10 16:51:47.348  1458  1489 W BroadcastQueue: Background execution not allowed: receiving Intent { act=android.os.UpdateLock.UPDATE_LOCK_CHANGED flg=0x4000010 (has extras) } to com.google.android.gms/.chimera.GmsIntentOperationService$PersistentTrustedReceiver
11-10 16:51:47.363  1458  1740 D LocalDisplayAdapter: setDisplayBrightness(id=4630946403839387521, brightnessState=0.31649864, sdrBrightnessState=0.31655905)
11-10 16:51:47.373  1458  1740 D LocalDisplayAdapter: setDisplayBrightness(id=4630946403839387521, brightnessState=0.3130879, sdrBrightnessState=0.31314757)
11-10 16:51:47.393  1458  1740 D LocalDisplayAdapter: setDisplayBrightness(id=4630946403839387521, brightnessState=0.30970132, sdrBrightnessState=0.30976033)
11-10 16:51:47.410  1458  1740 D LocalDisplayAdapter: setDisplayBrightness(id=4630946403839387521, brightnessState=0.3063694, sdrBrightnessState=0.3064277)
11-10 16:51:47.425  1458  1740 D LocalDisplayAdapter: setDisplayBrightness(id=4630946403839387521, brightnessState=0.30307356, sdrBrightnessState=0.3031312)
11-10 16:51:47.430  1458  1484 I WindowManager: Screen frozen for +24ms due to client
11-10 16:51:47.441  1458  1740 D LocalDisplayAdapter: setDisplayBrightness(id=4630946403839387521, brightnessState=0.2998171, sdrBrightnessState=0.29987404)
11-10 16:51:47.457  1458  1740 D LocalDisplayAdapter: setDisplayBrightness(id=4630946403839387521, brightnessState=0.29659972, sdrBrightnessState=0.29665604)
11-10 16:51:47.474  1458  1740 D LocalDisplayAdapter: setDisplayBrightness(id=4630946403839387521, brightnessState=0.29650852, sdrBrightnessState=0.29650852)
11-10 16:51:48.953  1458  1690 W ProcessStats: Tracking association SourceState{223788 com.mobvoi.wear.watchface.p5/10026 BTopFgs #38349} whose proc state 2 is better than process ProcessState{a508f9c com.mobvoi.wear.health.at/10057 pkg=com.mobvoi.wear.health.at} proc state 3 (66 skipped)
11-10 16:51:52.510  1458  1883 D CompatibilityChangeReporter: Compat change id reported: 161252188; UID 10099; state: DISABLED
11-10 16:51:52.514  1458  1883 I ActivityTaskManager: START u0 {act=android.intent.action.MAIN cat=[android.intent.category.LAUNCHER] flg=0x10000000 cmp=com.example.obediowear/.presentation.MainActivity bnds=[53,318][102,367]} from uid 10016
11-10 16:51:52.515  1458  1883 D CompatibilityChangeReporter: Compat change id reported: 194480991; UID 10099; state: ENABLED
11-10 16:51:52.546  1458  1883 D CompatibilityChangeReporter: Compat change id reported: 194833441; UID 10099; state: ENABLED
11-10 16:51:52.551  1458  1690 D CompatibilityChangeReporter: Compat change id reported: 168419799; UID 10099; state: DISABLED
11-10 16:51:52.561  1458  8403 D CompatibilityChangeReporter: Compat change id reported: 181136395; UID 10099; state: DISABLED
11-10 16:51:52.561  1458  8403 D CompatibilityChangeReporter: Compat change id reported: 174042936; UID 10099; state: DISABLED
11-10 16:51:52.565  1458  1883 D CoreBackPreview: Window{f8d782b u0 Splash Screen com.example.obediowear}: Setting back callback OnBackInvokedCallbackInfo{mCallback=android.window.IOnBackInvokedCallback$Stub$Proxy@cdf64f7, mPriority=0}
11-10 16:51:52.653  1458  1484 I WindowManager: Screen frozen for +32ms due to client
11-10 16:51:52.671  1458  1520 D AutomaticBrightnessController: updateAutoBrightness: mAmbientLux=18.737867, mScreenAutoBrightness=0.3027843, newScreenAutoBrightness=0.3027843, mEyeAdjustedScreenAutoBrightness=NaN
11-10 16:51:52.708  1458  5239 W WindowManager: Failed looking up window session=Session{8479640 1900:u0a10065} callers=com.android.server.wm.WindowManagerService.windowForClientLocked:5953 com.android.server.wm.Session.setOnBackInvokedCallbackInfo:958 android.view.IWindowSession$Stub.onTransact:1201 
