11-10 16:48:11.701  1458  1520 I PowerGroup: Powering off display group due to timeout (groupId= 0, uid= 1000)...
11-10 16:48:11.702  1458  1520 I PowerManagerService: Going to sleep due to timeout (uid 1000)...
11-10 16:48:11.707  1458  1520 I DreamManagerService: Entering dreamland.
11-10 16:48:11.719  1458  1520 I PowerManagerService: Dozing...
11-10 16:48:11.724  1458  1458 W ProcessStats: Tracking association SourceState{60d4f4f com.google.android.wearable.media.sessions/10079 BTopFgs #37527} whose proc state 2 is better than process ProcessState{1d0830f com.google.android.gms.persistent/10062 pkg=com.google.android.gms} proc state 3 (38 skipped)
11-10 16:48:11.727  1458  1480 I DreamController: Starting dream: name=ComponentInfo{com.google.android.apps.wearable.systemui/com.google.android.clockwork.systemui.ambient.AmbientDream}, isPreviewMode=false, canDoze=true, userId=0
11-10 16:48:11.734  1900  1900 V DreamService[AmbientDream]: onBind() intent = Intent { act=android.service.dreams.DreamService flg=0x800000 cmp=com.google.android.apps.wearable.systemui/com.google.android.clockwork.systemui.ambient.AmbientDream (has extras) }
11-10 16:48:11.738  1458  1520 I DisplayPowerController[0]: Blocking screen off
11-10 16:48:11.738  1458  1520 I DisplayPowerController[0]: Unblocked screen off after 1 ms
11-10 16:48:11.750  1458  1520 D ActivityTaskManager: Top Process State changed to PROCESS_STATE_TOP_SLEEPING
11-10 16:48:11.764  1458  1520 V DisplayPowerController[0]: Brightness [0.0] reason changing to: 'screen_off', previous reason: 'automatic'.
11-10 16:48:11.764  1458  1520 I DisplayPowerController[0]: BrightnessEvent: disp=0, brt=0.0, rcmdBrt=NaN, preBrt=NaN, lux=0.0, lstObsLux=0.0, preLux=0.0, hbmMax=1.0, hbmMode=off, thrmMax=1.0, flags=, reason=screen_off
11-10 16:48:11.765  1458  1740 D LocalDisplayAdapter: setDisplayBrightness(id=4630946403839387521, brightnessState=-1.0, sdrBrightnessState=-1.0)
11-10 16:48:11.767  1458  1483 I DisplayDeviceRepository: Display device changed state: "Built-in Screen", OFF
11-10 16:48:11.805  1458  1740 D LocalDisplayAdapter: setDisplayState(id=4630946403839387521, state=OFF)
11-10 16:48:12.030  1458  1483 I DisplayDeviceRepository: Display device changed state: "Built-in Screen", OFF
11-10 16:48:46.602  1458  1498 W BatteryExternalStatsWorker: error reading modem stats:ERROR_PHONE_NOT_AVAILABLE
11-10 16:48:58.459  1458  1642 D ActivityManager: freezing 2978 com.mobvoi.wear.system.aw
11-10 16:49:12.603  1458  1597 D DeviceIdleController: Mode manager quick doze request: false
11-10 16:49:12.743  1458  1458 W NotificationHistory: Attempted to add notif for locked/gone/disabled user 0
11-10 16:49:12.817  1458  5239 D VibratorManagerService: Bypassing DND for vibrate from uid 10016
11-10 16:49:12.836  1458  5239 D ActivityManager: sync unfroze 2978 com.mobvoi.wear.system.aw
11-10 16:49:12.837  1458  5239 W ProcessStats: Tracking association SourceState{60d4f4f com.google.android.wearable.media.sessions/10079 BTopFgs #37569} whose proc state 2 is better than process ProcessState{1d0830f com.google.android.gms.persistent/10062 pkg=com.google.android.gms} proc state 3 (23 skipped)
11-10 16:49:12.840  1775  9329 W ContextImpl: Calling a method in the system process without a qualified user: android.app.ContextImpl.bindService:1950 android.content.ContextWrapper.bindService:853 com.google.android.gms.wearable.zzn.zzb:3 com.google.android.gms.wearable.zzn.dispatchMessageTraced:1 com.google.android.gms.libs.punchclock.threads.TracingHandler.dispatchMessage:1 
11-10 16:49:12.918  1458  1597 D DeviceIdleController: Mode manager quick doze request: true
11-10 16:49:13.104  1458  1651 I PowerGroup: Waking up power group from Dozing (groupId=0, uid=1000, reason=WAKE_REASON_POWER_BUTTON, details=android.policy:POWER)...
11-10 16:49:13.105  1458  1651 I PowerManagerService: Waking up from Dozing (uid=1000, reason=WAKE_REASON_POWER_BUTTON, details=android.policy:POWER)...
11-10 16:49:13.105  1458  1651 D PowerManagerService: SpecialCaseTimeout: 0
11-10 16:49:13.114  1458  1520 I DisplayPowerController[0]: Blocking screen on until initial contents have been drawn.
11-10 16:49:13.114  1458  1520 D ActivityTaskManager: Top Process State changed to PROCESS_STATE_TOP
11-10 16:49:13.115  1458  1458 I ActivityManager: updateOomAdj start time is before than pendingPid added, don't delete it
11-10 16:49:13.144  1458  1489 W BroadcastQueue: Background execution not allowed: receiving Intent { act=android.os.UpdateLock.UPDATE_LOCK_CHANGED flg=0x4000010 (has extras) } to com.google.android.gms/.chimera.GmsIntentOperationService$PersistentTrustedReceiver
11-10 16:49:13.155  1458  1520 V DisplayPowerController[0]: Brightness [0.37638497] reason changing to: 'manual', previous reason: 'screen_off'.
11-10 16:49:13.155  1458  1520 I DisplayPowerController[0]: BrightnessEvent: disp=0, brt=0.37638497, rcmdBrt=NaN, preBrt=NaN, lux=NaN, lstObsLux=NaN, preLux=NaN, hbmMax=1.0, hbmMode=off, thrmMax=1.0, flags=invalid_lux doze_scale , reason=manual
11-10 16:49:13.156  1458  1520 I DisplayPowerController[0]: Unblocked screen on after 42 ms
11-10 16:49:13.157  1458  1740 D LocalDisplayAdapter: setDisplayState(id=4630946403839387521, state=ON)
11-10 16:49:13.158  1458  1483 I DisplayDeviceRepository: Display device changed state: "Built-in Screen", ON
11-10 16:49:13.245  1458  1597 D DeviceIdleController: Mode manager quick doze request: false
11-10 16:49:13.461  1458  1483 I DisplayDeviceRepository: Display device changed state: "Built-in Screen", ON
11-10 16:49:13.463  1458  1740 D LocalDisplayAdapter: setDisplayBrightness(id=4630946403839387521, brightnessState=0.37638497, sdrBrightnessState=0.37638497)
11-10 16:49:13.488  1458  1520 W PowerManagerService: Screen on took 391 ms
11-10 16:49:13.488  1458  1520 I DreamManagerService: Gently waking up from dream.
11-10 16:49:13.489  1458  1480 I DreamManagerService: Performing gentle wake from dream.
11-10 16:49:13.489  1900  1900 V DreamService[AmbientDream]: wakeUp(): fromSystem=true, mWaking=false, mFinished=false
11-10 16:49:13.489  1900  1900 V DreamService[AmbientDream]: finish(): mFinished=false
11-10 16:49:13.490  1458  5239 I DreamManagerService: Leaving dreamland.
11-10 16:49:13.501  1458  1480 I DreamManagerService: Performing gentle wake from dream.
11-10 16:49:13.502  1458  1480 I DreamController: Stopping dream: name=ComponentInfo{com.google.android.apps.wearable.systemui/com.google.android.clockwork.systemui.ambient.AmbientDream}, isPreviewMode=false, canDoze=true, userId=0, reason='finished self'(from 'requested stopDream')
11-10 16:49:13.507  1900  1900 V DreamService[AmbientDream]: detach(): Calling onDreamingStopped()
11-10 16:49:13.527  1900  1900 V DreamService[AmbientDream]: finish(): mFinished=true
11-10 16:49:13.528  1900  1900 V DreamService[AmbientDream]: onDestroy()
11-10 16:49:13.528  1900  1900 V DreamService[AmbientDream]: finish(): mFinished=true
11-10 16:49:13.573  1458  1458 D WindowManager: powerPress: eventTime=17774126 interactive=true count=1 beganFromNonInteractive=true beganFromDefaultDisplayOn=false mShortPressOnPowerBehavior=10
11-10 16:49:13.574  1458  1520 D AutomaticBrightnessController: updateAutoBrightness: mAmbientLux=12.27625, mScreenAutoBrightness=0.28190058, newScreenAutoBrightness=0.28190058, mEyeAdjustedScreenAutoBrightness=NaN
11-10 16:49:13.578  1458  1520 V DisplayPowerController[0]: Brightness [0.28190058] reason changing to: 'automatic', previous reason: 'manual'.
11-10 16:49:13.578  1458  1520 I DisplayPowerController[0]: BrightnessEvent: disp=0, brt=0.28190058, rcmdBrt=0.28190058, preBrt=NaN, lux=12.27625, lstObsLux=12.27625, preLux=NaN, hbmMax=1.0, hbmMode=off, thrmMax=1.0, flags=, reason=automatic
11-10 16:49:13.579  1458  1740 D LocalDisplayAdapter: setDisplayBrightness(id=4630946403839387521, brightnessState=0.28190055, sdrBrightnessState=0.28190055)
11-10 16:49:13.581  1458  1458 I BrightnessSynchronizer: [175] New Update 0.28190058(f) set brightness values:  73(i)
11-10 16:49:13.582  1458  1458 I BrightnessSynchronizer: New PendingUpdate: {[176] 0.28190058(f), mUpdatedTypes=0, mConfirmedTypes=0, mTimeUpdated=0}, prev=null
11-10 16:49:13.583  1458  1458 I BrightnessSynchronizer: Swallowing update of 73(i) by update: {[175] 0.28190058(f), mUpdatedTypes=1, mConfirmedTypes=1, mTimeUpdated=17774610}
11-10 16:49:13.583  1458  1458 I BrightnessSynchronizer: Completed Update: {[175] 0.28190058(f), mUpdatedTypes=1, mConfirmedTypes=1, mTimeUpdated=17774610}
11-10 16:49:14.026  1458  5047 W JobScheduler: Job didn't exist in JobStore: 83be103 #1000/1000905 com.google.wear.services/.complications.ComplicationRequesterJobService
11-10 16:49:15.205  1458  1520 D AutomaticBrightnessController: updateAutoBrightness: mAmbientLux=13.903367, mScreenAutoBrightness=0.28701466, newScreenAutoBrightness=0.28701466, mEyeAdjustedScreenAutoBrightness=NaN
11-10 16:49:15.208  1458  1520 I DisplayPowerController[0]: BrightnessEvent: disp=0, brt=0.28701466, rcmdBrt=0.28701466, preBrt=0.28190058, lux=13.903367, lstObsLux=16.74125, preLux=12.27625, hbmMax=1.0, hbmMode=off, thrmMax=1.0, flags=, reason=automatic
11-10 16:49:15.210  1458  1458 I BrightnessSynchronizer: [177] New Update 0.28701466(f) set brightness values:  74(i)
11-10 16:49:15.210  1458  1458 I BrightnessSynchronizer: New PendingUpdate: {[178] 0.28701466(f), mUpdatedTypes=0, mConfirmedTypes=0, mTimeUpdated=0}, prev=null
11-10 16:49:15.212  1458  1458 I BrightnessSynchronizer: Swallowing update of 74(i) by update: {[177] 0.28701466(f), mUpdatedTypes=1, mConfirmedTypes=1, mTimeUpdated=17776239}
11-10 16:49:15.212  1458  1458 I BrightnessSynchronizer: Completed Update: {[177] 0.28701466(f), mUpdatedTypes=1, mConfirmedTypes=1, mTimeUpdated=17776239}
11-10 16:49:15.218  1458  1740 D LocalDisplayAdapter: setDisplayBrightness(id=4630946403839387521, brightnessState=0.28378165, sdrBrightnessState=0.2837396)
11-10 16:49:15.234  1458  1740 D LocalDisplayAdapter: setDisplayBrightness(id=4630946403839387521, brightnessState=0.2868467, sdrBrightnessState=0.28680417)
11-10 16:49:15.251  1458  1740 D LocalDisplayAdapter: setDisplayBrightness(id=4630946403839387521, brightnessState=0.2870146, sdrBrightnessState=0.2870146)
11-10 16:49:15.902  1458  1520 D AutomaticBrightnessController: updateAutoBrightness: mAmbientLux=16.932108, mScreenAutoBrightness=0.2967747, newScreenAutoBrightness=0.2967747, mEyeAdjustedScreenAutoBrightness=NaN
11-10 16:49:15.906  1458  1520 I DisplayPowerController[0]: BrightnessEvent: disp=0, brt=0.2967747, rcmdBrt=0.2967747, preBrt=0.28701466, lux=16.932108, lstObsLux=27.901249, preLux=13.903367, hbmMax=1.0, hbmMode=off, thrmMax=1.0, flags=, reason=automatic
11-10 16:49:15.910  1458  1458 I BrightnessSynchronizer: [179] New Update 0.2967747(f) set brightness values:  76(i)
11-10 16:49:15.911  1458  1458 I BrightnessSynchronizer: New PendingUpdate: {[180] 0.2967747(f), mUpdatedTypes=0, mConfirmedTypes=0, mTimeUpdated=0}, prev=null
11-10 16:49:15.912  1458  1458 I BrightnessSynchronizer: Swallowing update of 76(i) by update: {[179] 0.2967747(f), mUpdatedTypes=1, mConfirmedTypes=1, mTimeUpdated=17776939}
11-10 16:49:15.912  1458  1458 I BrightnessSynchronizer: Completed Update: {[179] 0.2967747(f), mUpdatedTypes=1, mConfirmedTypes=1, mTimeUpdated=17776939}
11-10 16:49:15.919  1458  1740 D LocalDisplayAdapter: setDisplayBrightness(id=4630946403839387521, brightnessState=0.28966665, sdrBrightnessState=0.28962305)
11-10 16:49:15.936  1458  1740 D LocalDisplayAdapter: setDisplayBrightness(id=4630946403839387521, brightnessState=0.29280162, sdrBrightnessState=0.2927575)
11-10 16:49:15.954  1458  1740 D LocalDisplayAdapter: setDisplayBrightness(id=4630946403839387521, brightnessState=0.29597354, sdrBrightnessState=0.29592893)
11-10 16:49:15.981  1458  1740 D LocalDisplayAdapter: setDisplayBrightness(id=4630946403839387521, brightnessState=0.2967747, sdrBrightnessState=0.2967747)
11-10 16:49:16.329  1458  5047 I ActivityTaskManager: START u0 {act=com.mobvoi.health.notification.action.alert flg=0x10000000 cmp=com.mobvoi.wear.health.at/com.mobvoi.ticwear.health.DismissionActivity (has extras)} from uid 10057
11-10 16:49:16.333  1458  5047 D CompatibilityChangeReporter: Compat change id reported: 194480991; UID 10057; state: ENABLED
11-10 16:49:16.343  1458  5047 D CompatibilityChangeReporter: Compat change id reported: 174042980; UID 10057; state: DISABLED
11-10 16:49:16.344  1458  5047 D CompatibilityChangeReporter: Compat change id reported: 184838306; UID 10057; state: DISABLED
11-10 16:49:16.345  1458  5047 D CompatibilityChangeReporter: Compat change id reported: 185004937; UID 10057; state: DISABLED
11-10 16:49:16.346  1458  5047 D CompatibilityChangeReporter: Compat change id reported: 181136395; UID 10057; state: DISABLED
11-10 16:49:16.346  1458  5047 D CompatibilityChangeReporter: Compat change id reported: 174042936; UID 10057; state: DISABLED
11-10 16:49:16.350  1458  5047 D CompatibilityChangeReporter: Compat change id reported: 205907456; UID 10057; state: ENABLED
11-10 16:49:16.386  1458  5239 D CoreBackPreview: Window{3e65a55 u0 Splash Screen com.mobvoi.wear.health.at}: Setting back callback OnBackInvokedCallbackInfo{mCallback=android.window.IOnBackInvokedCallback$Stub$Proxy@378455b, mPriority=0}
11-10 16:49:16.394  1458  1489 W BroadcastQueue: Background execution not allowed: receiving Intent { act=android.os.UpdateLock.UPDATE_LOCK_CHANGED flg=0x4000010 (has extras) } to com.google.android.gms/.chimera.GmsIntentOperationService$PersistentTrustedReceiver
11-10 16:49:16.428  1458  1489 W BroadcastQueue: Background execution not allowed: receiving Intent { act=android.os.UpdateLock.UPDATE_LOCK_CHANGED flg=0x4000010 (has extras) } to com.google.android.gms/.chimera.GmsIntentOperationService$PersistentTrustedReceiver
11-10 16:49:16.500  1458  1520 D AutomaticBrightnessController: updateAutoBrightness: mAmbientLux=22.044655, mScreenAutoBrightness=0.31448135, newScreenAutoBrightness=0.31448135, mEyeAdjustedScreenAutoBrightness=NaN
11-10 16:49:16.501  1458  1520 I DisplayPowerController[0]: BrightnessEvent: disp=0, brt=0.31448135, rcmdBrt=0.31448135, preBrt=0.2967747, lux=22.044655, lstObsLux=39.0625, preLux=16.932108, hbmMax=1.0, hbmMode=off, thrmMax=1.0, flags=, reason=automatic
11-10 16:49:16.501  1458  5047 W JobScheduler: Job didn't exist in JobStore: fe84cb1 #u0a57/1 com.mobvoi.wear.health.at/com.mobvoi.ticwear.health.bg.TimerTaskService
11-10 16:49:16.505  1458  1458 I BrightnessSynchronizer: [181] New Update 0.31448135(f) set brightness values:  81(i)
11-10 16:49:16.506  1458  1458 I BrightnessSynchronizer: Swallowing update of 81(i) by update: {[181] 0.31448135(f), mUpdatedTypes=1, mConfirmedTypes=1, mTimeUpdated=17777534}
11-10 16:49:16.506  1458  1458 I BrightnessSynchronizer: Completed Update: {[181] 0.31448135(f), mUpdatedTypes=1, mConfirmedTypes=1, mTimeUpdated=17777534}
11-10 16:49:16.507  1458  1740 D LocalDisplayAdapter: setDisplayBrightness(id=4630946403839387521, brightnessState=0.2971765, sdrBrightnessState=0.29715848)
11-10 16:49:16.521  1458  1740 D LocalDisplayAdapter: setDisplayBrightness(id=4630946403839387521, brightnessState=0.30039993, sdrBrightnessState=0.30038163)
11-10 16:49:16.539  1458  1740 D LocalDisplayAdapter: setDisplayBrightness(id=4630946403839387521, brightnessState=0.30366132, sdrBrightnessState=0.30364284)
11-10 16:49:16.541  1458  5047 W WindowManager: Failed looking up window session=Session{8479640 1900:u0a10065} callers=com.android.server.wm.WindowManagerService.windowForClientLocked:5953 com.android.server.wm.WindowManagerService.relayoutWindow:2300 com.android.server.wm.Session.relayout:250 
11-10 16:49:16.544  1458  5239 W WindowManager: Failed looking up window session=Session{8479640 1900:u0a10065} callers=com.android.server.wm.WindowManagerService.windowForClientLocked:5953 com.android.server.wm.Session.setOnBackInvokedCallbackInfo:958 android.view.IWindowSession$Stub.onTransact:1201 
11-10 16:49:16.544  1458  5239 E WindowManager: setOnBackInvokedCallback(): No window state for package:com.google.android.apps.wearable.systemui
11-10 16:49:16.545  1458  1882 W WindowManager: Failed looking up window session=Session{8479640 1900:u0a10065} callers=com.android.server.wm.WindowManagerService.windowForClientLocked:5953 com.android.server.wm.WindowManagerService.removeWindow:2083 com.android.server.wm.Session.remove:227 
11-10 16:49:16.556  1458  1740 D LocalDisplayAdapter: setDisplayBrightness(id=4630946403839387521, brightnessState=0.30696115, sdrBrightnessState=0.30694243)
11-10 16:49:16.572  1458  1740 D LocalDisplayAdapter: setDisplayBrightness(id=4630946403839387521, brightnessState=0.31029978, sdrBrightnessState=0.3102809)
11-10 16:49:16.588  1458  1740 D LocalDisplayAdapter: setDisplayBrightness(id=4630946403839387521, brightnessState=0.31367818, sdrBrightnessState=0.313659)
11-10 16:49:16.604  1458  1740 D LocalDisplayAdapter: setDisplayBrightness(id=4630946403839387521, brightnessState=0.3144814, sdrBrightnessState=0.3144814)
11-10 16:49:16.929  1458  1879 W JobScheduler: Job didn't exist in JobStore: 99dcfd4 #1000/1000906 com.google.wear.services/.complications.ComplicationRequesterJobService
11-10 16:49:17.316  1458  1520 D AutomaticBrightnessController: updateAutoBrightness: mAmbientLux=31.256168, mScreenAutoBrightness=0.35200414, newScreenAutoBrightness=0.35200414, mEyeAdjustedScreenAutoBrightness=NaN
11-10 16:49:17.319  1458  1520 I DisplayPowerController[0]: BrightnessEvent: disp=0, brt=0.35200414, rcmdBrt=0.35200414, preBrt=0.31448135, lux=31.256168, lstObsLux=39.0625, preLux=22.044655, hbmMax=1.0, hbmMode=off, thrmMax=1.0, flags=, reason=automatic
11-10 16:49:17.321  1458  1458 I BrightnessSynchronizer: [183] New Update 0.35200414(f) set brightness values:  90(i)
11-10 16:49:17.323  1458  1458 I BrightnessSynchronizer: Swallowing update of 90(i) by update: {[183] 0.35200414(f), mUpdatedTypes=1, mConfirmedTypes=1, mTimeUpdated=17778350}
11-10 16:49:17.323  1458  1458 I BrightnessSynchronizer: Completed Update: {[183] 0.35200414(f), mUpdatedTypes=1, mConfirmedTypes=1, mTimeUpdated=17778350}
11-10 16:49:17.340  1458  1740 D LocalDisplayAdapter: setDisplayBrightness(id=4630946403839387521, brightnessState=0.31868586, sdrBrightnessState=0.31862563)
11-10 16:49:17.362  1458  1740 D LocalDisplayAdapter: setDisplayBrightness(id=4630946403839387521, brightnessState=0.3221633, sdrBrightnessState=0.32210234)
11-10 16:49:17.390  1458  1740 D LocalDisplayAdapter: setDisplayBrightness(id=4630946403839387521, brightnessState=0.32924166, sdrBrightnessState=0.32917926)
11-10 16:49:17.419  1458  1740 D LocalDisplayAdapter: setDisplayBrightness(id=4630946403839387521, brightnessState=0.33284354, sdrBrightnessState=0.3327804)
11-10 16:49:17.432  1458  1740 D LocalDisplayAdapter: setDisplayBrightness(id=4630946403839387521, brightnessState=0.3364879, sdrBrightnessState=0.336424)
11-10 16:49:17.456  1458  1740 D LocalDisplayAdapter: setDisplayBrightness(id=4630946403839387521, brightnessState=0.34390602, sdrBrightnessState=0.34384057)
11-10 16:49:17.474  1458  1740 D LocalDisplayAdapter: setDisplayBrightness(id=4630946403839387521, brightnessState=0.34768072, sdrBrightnessState=0.34761453)
11-10 16:49:17.489  1458  1740 D LocalDisplayAdapter: setDisplayBrightness(id=4630946403839387521, brightnessState=0.35150003, sdrBrightnessState=0.35143307)
11-10 16:49:17.505  1458  1740 D LocalDisplayAdapter: setDisplayBrightness(id=4630946403839387521, brightnessState=0.35200414, sdrBrightnessState=0.35200414)
11-10 16:49:17.838  1458  1458 I ActivityTaskManager: START u0 {act=android.intent.action.MAIN cat=[android.intent.category.HOME] flg=0x10000100 cmp=com.mobvoi.wear.refsysui/com.google.android.clockwork.sysui.mainui.activity.SysUiActivity (has extras)} from uid 0
11-10 16:49:17.852  1458  1879 I ActivityTaskManager: START u0 {flg=0x10000000 cmp=com.mobvoi.wear.refsysui/com.google.android.clockwork.sysui.experiences.globallauncher.AllAppsLauncherActivity (has extras)} from uid 10016
11-10 16:49:17.881  1458  1489 W BroadcastQueue: Background execution not allowed: receiving Intent { act=android.os.UpdateLock.UPDATE_LOCK_CHANGED flg=0x4000010 (has extras) } to com.google.android.gms/.chimera.GmsIntentOperationService$PersistentTrustedReceiver
11-10 16:49:17.947  1458  1484 I WindowManager: Screen frozen for +19ms due to client
11-10 16:49:18.477  1458  5047 W JobScheduler: Job didn't exist in JobStore: 478831e #1000/1000907 com.google.wear.services/.complications.ComplicationRequesterJobService
11-10 16:49:19.877  1458  2536 E TaskPersister: File error accessing recents directory (directory doesn't exist?).
11-10 16:49:20.026  1458  5239 W JobScheduler: Job didn't exist in JobStore: d68c4d0 #1000/1000908 com.google.wear.services/.complications.ComplicationRequesterJobService
11-10 16:49:20.710  1458  1520 D AutomaticBrightnessController: updateAutoBrightness: mAmbientLux=19.092775, mScreenAutoBrightness=0.3039851, newScreenAutoBrightness=0.3039851, mEyeAdjustedScreenAutoBrightness=NaN
11-10 16:49:20.713  1458  1520 I DisplayPowerController[0]: BrightnessEvent: disp=0, brt=0.3039851, rcmdBrt=0.3039851, preBrt=0.35200414, lux=19.092775, lstObsLux=20.088749, preLux=31.256168, hbmMax=1.0, hbmMode=off, thrmMax=1.0, flags=, reason=automatic
11-10 16:49:20.716  1458  1458 I BrightnessSynchronizer: [185] New Update 0.3039851(f) set brightness values:  78(i)
11-10 16:49:20.717  1458  1458 I BrightnessSynchronizer: New PendingUpdate: {[186] 0.3039851(f), mUpdatedTypes=0, mConfirmedTypes=0, mTimeUpdated=0}, prev=null
11-10 16:49:20.718  1458  1458 I BrightnessSynchronizer: Swallowing update of 78(i) by update: {[185] 0.3039851(f), mUpdatedTypes=1, mConfirmedTypes=1, mTimeUpdated=17781745}
11-10 16:49:20.718  1458  1458 I BrightnessSynchronizer: Completed Update: {[185] 0.3039851(f), mUpdatedTypes=1, mConfirmedTypes=1, mTimeUpdated=17781745}
11-10 16:49:20.730  1458  1740 D LocalDisplayAdapter: setDisplayBrightness(id=4630946403839387521, brightnessState=0.34825888, sdrBrightnessState=0.34837946)
11-10 16:49:20.746  1458  1740 D LocalDisplayAdapter: setDisplayBrightness(id=4630946403839387521, brightnessState=0.344479, sdrBrightnessState=0.34459814)
11-10 16:49:20.780  1458  1740 D LocalDisplayAdapter: setDisplayBrightness(id=4630946403839387521, brightnessState=0.3370508, sdrBrightnessState=0.33716717)
11-10 16:49:20.808  1458  1740 D LocalDisplayAdapter: setDisplayBrightness(id=4630946403839387521, brightnessState=0.33340144, sdrBrightnessState=0.33351645)
11-10 16:49:20.823  1458  1740 D LocalDisplayAdapter: setDisplayBrightness(id=4630946403839387521, brightnessState=0.3297946, sdrBrightnessState=0.32990822)
11-10 16:49:20.829  1458  1740 D LocalDisplayAdapter: setDisplayBrightness(id=4630946403839387521, brightnessState=0.32622972, sdrBrightnessState=0.32634208)
11-10 16:49:20.845  1458  1740 D LocalDisplayAdapter: setDisplayBrightness(id=4630946403839387521, brightnessState=0.32270613, sdrBrightnessState=0.32281718)
11-10 16:49:20.862  1458  1740 D LocalDisplayAdapter: setDisplayBrightness(id=4630946403839387521, brightnessState=0.31921455, sdrBrightnessState=0.3193243)
11-10 16:49:20.879  1458  1740 D LocalDisplayAdapter: setDisplayBrightness(id=4630946403839387521, brightnessState=0.31576544, sdrBrightnessState=0.3158739)
11-10 16:49:20.896  1458  1740 D LocalDisplayAdapter: setDisplayBrightness(id=4630946403839387521, brightnessState=0.31235987, sdrBrightnessState=0.31246707)
11-10 16:49:20.912  1458  1740 D LocalDisplayAdapter: setDisplayBrightness(id=4630946403839387521, brightnessState=0.30899465, sdrBrightnessState=0.3091006)
11-10 16:49:20.930  1458  1740 D LocalDisplayAdapter: setDisplayBrightness(id=4630946403839387521, brightnessState=0.30566972, sdrBrightnessState=0.30577445)
11-10 16:49:20.946  1458  1740 D LocalDisplayAdapter: setDisplayBrightness(id=4630946403839387521, brightnessState=0.30398506, sdrBrightnessState=0.30398506)
11-10 16:49:20.966  1458  1690 I ActivityTaskManager: START u0 {act=android.intent.action.MAIN cat=[android.intent.category.LAUNCHER] flg=0x10000000 cmp=com.example.obediowear/.presentation.MainActivity bnds=[53,217][101,265]} from uid 10016
11-10 16:49:20.975  1458  1690 D CompatibilityChangeReporter: Compat change id reported: 174042980; UID 10099; state: DISABLED
11-10 16:49:20.976  1458  1690 D CompatibilityChangeReporter: Compat change id reported: 184838306; UID 10099; state: DISABLED
11-10 16:49:20.976  1458  1690 D CompatibilityChangeReporter: Compat change id reported: 185004937; UID 10099; state: DISABLED
11-10 16:49:20.980  1458  1690 D CompatibilityChangeReporter: Compat change id reported: 205907456; UID 10099; state: ENABLED
11-10 16:49:21.002  1458  1483 D CompatibilityChangeReporter: Compat change id reported: 135634846; UID 10099; state: DISABLED
11-10 16:49:21.004  1458  1490 D CompatibilityChangeReporter: Compat change id reported: 143937733; UID 10099; state: ENABLED
11-10 16:49:21.008  1458  5239 D CoreBackPreview: Window{ae6cfb u0 Splash Screen com.example.obediowear}: Setting back callback OnBackInvokedCallbackInfo{mCallback=android.window.IOnBackInvokedCallback$Stub$Proxy@ee8956, mPriority=0}
11-10 16:49:21.029  1458  1490 I ActivityManager: Start proc 9398:com.example.obediowear/u0a99 for next-top-activity {com.example.obediowear/com.example.obediowear.presentation.MainActivity}
11-10 16:49:21.073  1458  1484 I WindowManager: Screen frozen for +35ms due to client
11-10 16:49:21.093  1458  1490 W ActivityManager: Slow operation: 100ms so far, now at startProcess: done updating pids map
11-10 16:49:21.293  1458  1498 W BatteryExternalStatsWorker: error reading modem stats:ERROR_PHONE_NOT_AVAILABLE
11-10 16:49:21.535  1458  5239 W JobScheduler: Job didn't exist in JobStore: b40428c #1000/1000909 com.google.wear.services/.complications.ComplicationRequesterJobService
11-10 16:49:22.513  1458  1879 D CoreBackPreview: Window{1c6f1c1 u0 com.example.obediowear/com.example.obediowear.presentation.MainActivity}: Setting back callback OnBackInvokedCallbackInfo{mCallback=android.window.IOnBackInvokedCallback$Stub$Proxy@a0558a7, mPriority=0}
11-10 16:49:22.523  1458  1879 D CompatibilityChangeReporter: Compat change id reported: 161145287; UID 10099; state: DISABLED
11-10 16:49:23.073  1458  1882 W ProcessStats: Tracking association SourceState{d47643d system/1000 BTopFgs #37766} whose proc state 2 is better than process ProcessState{4d796e7 com.mobvoi.wear.refsysui/10016 pkg=com.mobvoi.wear.refsysui} proc state 3 (56 skipped)
11-10 16:49:23.074  1458  1690 W JobScheduler: Job didn't exist in JobStore: 419433e #1000/1000910 com.google.wear.services/.complications.ComplicationRequesterJobService
11-10 16:49:24.001  1458  2536 E TaskPersister: File error accessing recents directory (directory doesn't exist?).
11-10 16:49:24.597  1458  1879 W JobScheduler: Job didn't exist in JobStore: 3a448f #1000/1000911 com.google.wear.services/.complications.ComplicationRequesterJobService
11-10 16:49:24.708  1458  1879 D CoreBackPreview: Window{ae6cfb u0 Splash Screen com.example.obediowear EXITING}: Setting back callback null
11-10 16:49:24.714  1458  1690 D CoreBackPreview: Window{9f32dea u0 com.mobvoi.wear.refsysui/com.google.android.clockwork.sysui.experiences.globallauncher.AllAppsLauncherActivity}: Setting back callback null
11-10 16:49:24.748  1458  1690 D CompatibilityChangeReporter: Compat change id reported: 214016041; UID 10099; state: ENABLED
11-10 16:49:26.096  1458  1690 W JobScheduler: Job didn't exist in JobStore: 5387026 #1000/1000912 com.google.wear.services/.complications.ComplicationRequesterJobService
11-10 16:49:27.552  1458  1597 D DeviceIdleController: Mode manager quick doze request: true
11-10 16:49:29.310  1458  1520 D AutomaticBrightnessController: updateAutoBrightness: mAmbientLux=22.159115, mScreenAutoBrightness=0.31491396, newScreenAutoBrightness=0.31491396, mEyeAdjustedScreenAutoBrightness=NaN
11-10 16:49:29.314  1458  1520 I DisplayPowerController[0]: BrightnessEvent: disp=0, brt=0.31491396, rcmdBrt=0.31491396, preBrt=0.3039851, lux=22.159115, lstObsLux=29.0175, preLux=19.092775, hbmMax=1.0, hbmMode=off, thrmMax=1.0, flags=, reason=automatic
11-10 16:49:29.317  1458  1458 I BrightnessSynchronizer: [187] New Update 0.31491396(f) set brightness values:  81(i)
11-10 16:49:29.317  1458  1458 I BrightnessSynchronizer: New PendingUpdate: {[188] 0.31491396(f), mUpdatedTypes=0, mConfirmedTypes=0, mTimeUpdated=0}, prev=null
11-10 16:49:29.318  1458  1458 I BrightnessSynchronizer: Swallowing update of 81(i) by update: {[187] 0.31491396(f), mUpdatedTypes=1, mConfirmedTypes=1, mTimeUpdated=17790345}
11-10 16:49:29.318  1458  1458 I BrightnessSynchronizer: Completed Update: {[187] 0.31491396(f), mUpdatedTypes=1, mConfirmedTypes=1, mTimeUpdated=17790345}
11-10 16:49:29.331  1458  1740 D LocalDisplayAdapter: setDisplayBrightness(id=4630946403839387521, brightnessState=0.30748555, sdrBrightnessState=0.30743042)
11-10 16:49:29.348  1458  1740 D LocalDisplayAdapter: setDisplayBrightness(id=4630946403839387521, brightnessState=0.31082377, sdrBrightnessState=0.310768)
11-10 16:49:29.365  1458  1740 D LocalDisplayAdapter: setDisplayBrightness(id=4630946403839387521, brightnessState=0.3145097, sdrBrightnessState=0.31445318)
11-10 16:49:29.394  1458  1740 D LocalDisplayAdapter: setDisplayBrightness(id=4630946403839387521, brightnessState=0.3149139, sdrBrightnessState=0.3149139)
11-10 16:49:31.326  1458  1520 D AutomaticBrightnessController: updateAutoBrightness: mAmbientLux=30.09705, mScreenAutoBrightness=0.34726697, newScreenAutoBrightness=0.34726697, mEyeAdjustedScreenAutoBrightness=NaN
11-10 16:49:31.329  1458  1520 I DisplayPowerController[0]: BrightnessEvent: disp=0, brt=0.34726697, rcmdBrt=0.34726697, preBrt=0.31491396, lux=30.09705, lstObsLux=32.36625, preLux=22.159115, hbmMax=1.0, hbmMode=off, thrmMax=1.0, flags=, reason=automatic
11-10 16:49:31.334  1458  1458 I BrightnessSynchronizer: [189] New Update 0.34726697(f) set brightness values:  89(i)
11-10 16:49:31.335  1458  1458 I BrightnessSynchronizer: New PendingUpdate: {[190] 0.34726697(f), mUpdatedTypes=0, mConfirmedTypes=0, mTimeUpdated=0}, prev=null
11-10 16:49:31.340  1458  1458 I BrightnessSynchronizer: Swallowing update of 89(i) by update: {[189] 0.34726697(f), mUpdatedTypes=1, mConfirmedTypes=1, mTimeUpdated=17792363}
11-10 16:49:31.340  1458  1458 I BrightnessSynchronizer: Completed Update: {[189] 0.34726697(f), mUpdatedTypes=1, mConfirmedTypes=1, mTimeUpdated=17792363}
11-10 16:49:31.355  1458  1740 D LocalDisplayAdapter: setDisplayBrightness(id=4630946403839387521, brightnessState=0.3202347, sdrBrightnessState=0.32018968)
11-10 16:49:31.372  1458  1740 D LocalDisplayAdapter: setDisplayBrightness(id=4630946403839387521, brightnessState=0.32372287, sdrBrightnessState=0.3236774)
11-10 16:49:31.392  1458  1740 D LocalDisplayAdapter: setDisplayBrightness(id=4630946403839387521, brightnessState=0.3272521, sdrBrightnessState=0.32720608)
11-10 16:49:31.404  1458  1740 D LocalDisplayAdapter: setDisplayBrightness(id=4630946403839387521, brightnessState=0.33082286, sdrBrightnessState=0.3307763)
11-10 16:49:31.421  1458  1740 D LocalDisplayAdapter: setDisplayBrightness(id=4630946403839387521, brightnessState=0.3344356, sdrBrightnessState=0.3343885)
11-10 16:49:31.437  1458  1740 D LocalDisplayAdapter: setDisplayBrightness(id=4630946403839387521, brightnessState=0.33792004, sdrBrightnessState=0.33787236)
11-10 16:49:31.453  1458  1740 D LocalDisplayAdapter: setDisplayBrightness(id=4630946403839387521, brightnessState=0.34160578, sdrBrightnessState=0.3415576)
11-10 16:49:31.472  1458  1740 D LocalDisplayAdapter: setDisplayBrightness(id=4630946403839387521, brightnessState=0.3453348, sdrBrightnessState=0.34528604)
11-10 16:49:31.496  1458  1740 D LocalDisplayAdapter: setDisplayBrightness(id=4630946403839387521, brightnessState=0.3472669, sdrBrightnessState=0.3472669)
11-10 16:49:37.112  1458  1520 D AutomaticBrightnessController: updateAutoBrightness: mAmbientLux=34.195675, mScreenAutoBrightness=0.36347327, newScreenAutoBrightness=0.36347327, mEyeAdjustedScreenAutoBrightness=NaN
11-10 16:49:37.114  1458  1520 I DisplayPowerController[0]: BrightnessEvent: disp=0, brt=0.36347327, rcmdBrt=0.36347327, preBrt=0.34726697, lux=34.195675, lstObsLux=33.4825, preLux=30.09705, hbmMax=1.0, hbmMode=off, thrmMax=1.0, flags=, reason=automatic
11-10 16:49:37.119  1458  1458 I BrightnessSynchronizer: [191] New Update 0.36347327(f) set brightness values:  93(i)
11-10 16:49:37.120  1458  1458 I BrightnessSynchronizer: New PendingUpdate: {[192] 0.36347327(f), mUpdatedTypes=0, mConfirmedTypes=0, mTimeUpdated=0}, prev=null
11-10 16:49:37.121  1458  1458 I BrightnessSynchronizer: Swallowing update of 93(i) by update: {[191] 0.36347327(f), mUpdatedTypes=1, mConfirmedTypes=1, mTimeUpdated=17798148}
11-10 16:49:37.121  1458  1458 I BrightnessSynchronizer: Completed Update: {[191] 0.36347327(f), mUpdatedTypes=1, mConfirmedTypes=1, mTimeUpdated=17798148}
11-10 16:49:37.128  1458  1740 D LocalDisplayAdapter: setDisplayBrightness(id=4630946403839387521, brightnessState=0.35047865, sdrBrightnessState=0.35042778)
11-10 16:49:37.145  1458  1740 D LocalDisplayAdapter: setDisplayBrightness(id=4630946403839387521, brightnessState=0.35432258, sdrBrightnessState=0.35427117)
11-10 16:49:37.157  1458  1740 D LocalDisplayAdapter: setDisplayBrightness(id=4630946403839387521, brightnessState=0.35551357, sdrBrightnessState=0.35546193)
11-10 16:49:37.168  1458  1740 D LocalDisplayAdapter: setDisplayBrightness(id=4630946403839387521, brightnessState=0.35941675, sdrBrightnessState=0.35936454)
11-10 16:49:37.183  1458  1740 D LocalDisplayAdapter: setDisplayBrightness(id=4630946403839387521, brightnessState=0.36336592, sdrBrightnessState=0.36331308)
11-10 16:49:37.199  1458  1740 D LocalDisplayAdapter: setDisplayBrightness(id=4630946403839387521, brightnessState=0.36347327, sdrBrightnessState=0.36347327)
11-10 16:49:37.817  1458  1642 D ActivityManager: freezing 7875 com.qualcomm.qti.poweroffalarm
11-10 16:49:42.847  1458  1597 W ProcessStats: Tracking association SourceState{d47643d system/1000 BTopFgs #37855} whose proc state 2 is better than process ProcessState{4d796e7 com.mobvoi.wear.refsysui/10016 pkg=com.mobvoi.wear.refsysui} proc state 3 (120 skipped)
11-10 16:49:46.117  1458  5239 W JobScheduler: Job didn't exist in JobStore: 4b9b35e #1000/1000913 com.google.wear.services/.complications.ComplicationRequesterJobService
11-10 16:49:50.878  1458  1520 I PowerGroup: Powering off display group due to timeout (groupId= 0, uid= 1000)...
11-10 16:49:50.878  1458  1520 I PowerManagerService: Going to sleep due to timeout (uid 1000)...
11-10 16:49:50.883  1458  1520 I DreamManagerService: Entering dreamland.
11-10 16:49:50.886  1458  1520 I PowerManagerService: Dozing...
11-10 16:49:50.902  1458  1480 I DreamController: Starting dream: name=ComponentInfo{com.google.android.apps.wearable.systemui/com.google.android.clockwork.systemui.ambient.AmbientDream}, isPreviewMode=false, canDoze=true, userId=0
11-10 16:49:50.910  1900  1900 V DreamService[AmbientDream]: onBind() intent = Intent { act=android.service.dreams.DreamService flg=0x800000 cmp=com.google.android.apps.wearable.systemui/com.google.android.clockwork.systemui.ambient.AmbientDream (has extras) }
11-10 16:49:50.914  1458  1520 I DisplayPowerController[0]: Blocking screen off
11-10 16:49:50.914  1458  1520 I DisplayPowerController[0]: Unblocked screen off after 0 ms
11-10 16:49:50.924  1458  1520 D ActivityTaskManager: Top Process State changed to PROCESS_STATE_TOP_SLEEPING
11-10 16:49:50.933  1458  1520 V DisplayPowerController[0]: Brightness [0.0] reason changing to: 'screen_off', previous reason: 'automatic'.
11-10 16:49:50.933  1458  1520 I DisplayPowerController[0]: BrightnessEvent: disp=0, brt=0.0, rcmdBrt=NaN, preBrt=NaN, lux=0.0, lstObsLux=0.0, preLux=0.0, hbmMax=1.0, hbmMode=off, thrmMax=1.0, flags=, reason=screen_off
11-10 16:49:50.934  1458  1740 D LocalDisplayAdapter: setDisplayBrightness(id=4630946403839387521, brightnessState=-1.0, sdrBrightnessState=-1.0)
11-10 16:49:50.947  1458  1483 I DisplayDeviceRepository: Display device changed state: "Built-in Screen", OFF
11-10 16:49:50.950  1458  1740 D LocalDisplayAdapter: setDisplayState(id=4630946403839387521, state=OFF)
11-10 16:49:51.208  1458  1483 I DisplayDeviceRepository: Display device changed state: "Built-in Screen", OFF
11-10 16:49:53.673  1458  1651 I PowerGroup: Waking up power group from Dozing (groupId=0, uid=1000, reason=WAKE_REASON_WAKE_KEY, details=android.policy:KEY)...
11-10 16:49:53.674  1458  1651 I PowerManagerService: Waking up from Dozing (uid=1000, reason=WAKE_REASON_WAKE_KEY, details=android.policy:KEY)...
11-10 16:49:53.674  1458  1651 D PowerManagerService: SpecialCaseTimeout: 0
11-10 16:49:53.685  1458  1520 I DisplayPowerController[0]: Blocking screen on until initial contents have been drawn.
11-10 16:49:53.685  1458  1520 D ActivityTaskManager: Top Process State changed to PROCESS_STATE_TOP
11-10 16:49:53.696  1458  1458 I ActivityManager: updateOomAdj start time is before than pendingPid added, don't delete it
11-10 16:49:53.696  1458  1458 W ProcessStats: Tracking association SourceState{d47643d system/1000 BTopFgs #37920} whose proc state 2 is better than process ProcessState{4d796e7 com.mobvoi.wear.refsysui/10016 pkg=com.mobvoi.wear.refsysui} proc state 3 (88 skipped)
11-10 16:49:53.729  1458  1520 V DisplayPowerController[0]: Brightness [0.36347327] reason changing to: 'manual', previous reason: 'screen_off'.
11-10 16:49:53.730  1458  1520 I DisplayPowerController[0]: BrightnessEvent: disp=0, brt=0.36347327, rcmdBrt=NaN, preBrt=NaN, lux=NaN, lstObsLux=NaN, preLux=NaN, hbmMax=1.0, hbmMode=off, thrmMax=1.0, flags=invalid_lux doze_scale , reason=manual
11-10 16:49:53.730  1458  1520 I DisplayPowerController[0]: Unblocked screen on after 45 ms
11-10 16:49:53.730  1458  1740 D LocalDisplayAdapter: setDisplayState(id=4630946403839387521, state=ON)
11-10 16:49:53.733  1458  1483 I DisplayDeviceRepository: Display device changed state: "Built-in Screen", ON
11-10 16:49:54.015  1458  1520 W PowerManagerService: Screen on took 345 ms
11-10 16:49:54.018  1458  1520 I DreamManagerService: Gently waking up from dream.
11-10 16:49:54.018  1458  1480 I DreamManagerService: Performing gentle wake from dream.
11-10 16:49:54.020  1900  1900 V DreamService[AmbientDream]: wakeUp(): fromSystem=true, mWaking=false, mFinished=false
11-10 16:49:54.020  1900  1900 V DreamService[AmbientDream]: finish(): mFinished=false
11-10 16:49:54.021  1458  1879 I DreamManagerService: Leaving dreamland.
11-10 16:49:54.025  1458  1483 I DisplayDeviceRepository: Display device changed state: "Built-in Screen", ON
11-10 16:49:54.026  1458  1480 I DreamManagerService: Performing gentle wake from dream.
11-10 16:49:54.026  1458  1480 I DreamController: Stopping dream: name=ComponentInfo{com.google.android.apps.wearable.systemui/com.google.android.clockwork.systemui.ambient.AmbientDream}, isPreviewMode=false, canDoze=true, userId=0, reason='finished self'(from 'requested stopDream')
11-10 16:49:54.027  1458  1740 D LocalDisplayAdapter: setDisplayBrightness(id=4630946403839387521, brightnessState=0.36347327, sdrBrightnessState=0.36347327)
11-10 16:49:54.037  1900  1900 V DreamService[AmbientDream]: detach(): Calling onDreamingStopped()
11-10 16:49:54.038  1900  1900 V DreamService[AmbientDream]: finish(): mFinished=true
11-10 16:49:54.038  1900  1900 V DreamService[AmbientDream]: onDestroy()
11-10 16:49:54.038  1900  1900 V DreamService[AmbientDream]: finish(): mFinished=true
11-10 16:49:54.175  1458  1520 D AutomaticBrightnessController: updateAutoBrightness: mAmbientLux=30.133749, mScreenAutoBrightness=0.34741813, newScreenAutoBrightness=0.34741813, mEyeAdjustedScreenAutoBrightness=NaN
11-10 16:49:54.176  1458  1520 V DisplayPowerController[0]: Brightness [0.34741813] reason changing to: 'automatic', previous reason: 'manual'.
11-10 16:49:54.177  1458  1520 I DisplayPowerController[0]: BrightnessEvent: disp=0, brt=0.34741813, rcmdBrt=0.34741813, preBrt=NaN, lux=30.133749, lstObsLux=30.133749, preLux=NaN, hbmMax=1.0, hbmMode=off, thrmMax=1.0, flags=, reason=automatic
11-10 16:49:54.177  1458  1740 D LocalDisplayAdapter: setDisplayBrightness(id=4630946403839387521, brightnessState=0.34741816, sdrBrightnessState=0.34741816)
11-10 16:49:54.178  1458  1458 I BrightnessSynchronizer: [195] New Update 0.34741813(f) set brightness values:  89(i)
11-10 16:49:54.178  1458  1458 I BrightnessSynchronizer: New PendingUpdate: {[196] 0.34741813(f), mUpdatedTypes=0, mConfirmedTypes=0, mTimeUpdated=0}, prev=null
11-10 16:49:54.179  1458  1458 I BrightnessSynchronizer: Swallowing update of 89(i) by update: {[195] 0.34741813(f), mUpdatedTypes=1, mConfirmedTypes=1, mTimeUpdated=17815207}
11-10 16:49:54.179  1458  1458 I BrightnessSynchronizer: Completed Update: {[195] 0.34741813(f), mUpdatedTypes=1, mConfirmedTypes=1, mTimeUpdated=17815207}
11-10 16:49:55.406  1458  1642 D ActivityManager: freezing 7745 com.android.statementservice
11-10 16:49:56.042  1458  1642 D ActivityManager: freezing 7453 com.google.android.calendar
11-10 16:49:56.424  1458  1642 D ActivityManager: freezing 7807 com.google.android.permissioncontroller
11-10 16:49:56.867  1458  1642 D ActivityManager: freezing 7826 com.google.android.wearable.weather
11-10 16:49:57.294  1458  1642 D ActivityManager: freezing 7855 com.qualcomm.timeservice
11-10 16:49:57.300  1458  1520 D AutomaticBrightnessController: updateAutoBrightness: mAmbientLux=14.939514, mScreenAutoBrightness=0.29031432, newScreenAutoBrightness=0.29031432, mEyeAdjustedScreenAutoBrightness=NaN
11-10 16:49:57.303  1458  1520 I DisplayPowerController[0]: BrightnessEvent: disp=0, brt=0.29031432, rcmdBrt=0.29031432, preBrt=0.34741813, lux=14.939514, lstObsLux=23.4375, preLux=30.133749, hbmMax=1.0, hbmMode=off, thrmMax=1.0, flags=, reason=automatic
11-10 16:49:57.305  1458  1458 I BrightnessSynchronizer: [197] New Update 0.29031432(f) set brightness values:  75(i)
11-10 16:49:57.305  1458  1458 I BrightnessSynchronizer: New PendingUpdate: {[198] 0.29031432(f), mUpdatedTypes=0, mConfirmedTypes=0, mTimeUpdated=0}, prev=null
11-10 16:49:57.309  1458  1740 D LocalDisplayAdapter: setDisplayBrightness(id=4630946403839387521, brightnessState=0.34573102, sdrBrightnessState=0.3458624)
11-10 16:49:57.310  1458  1458 I BrightnessSynchronizer: Swallowing update of 75(i) by update: {[197] 0.29031432(f), mUpdatedTypes=1, mConfirmedTypes=1, mTimeUpdated=17818334}
11-10 16:49:57.311  1458  1458 I BrightnessSynchronizer: Completed Update: {[197] 0.29031432(f), mUpdatedTypes=1, mConfirmedTypes=1, mTimeUpdated=17818334}
11-10 16:49:57.325  1458  1740 D LocalDisplayAdapter: setDisplayBrightness(id=4630946403839387521, brightnessState=0.3419869, sdrBrightnessState=0.3421168)
11-10 16:49:57.332  1458  1740 D LocalDisplayAdapter: setDisplayBrightness(id=4630946403839387521, brightnessState=0.34053358, sdrBrightnessState=0.34066287)
11-10 16:49:57.349  1458  1740 D LocalDisplayAdapter: setDisplayBrightness(id=4630946403839387521, brightnessState=0.33684993, sdrBrightnessState=0.33697772)
11-10 16:49:57.366  1458  1740 D LocalDisplayAdapter: setDisplayBrightness(id=4630946403839387521, brightnessState=0.3332091, sdrBrightnessState=0.33333537)
11-10 16:49:57.383  1458  1740 D LocalDisplayAdapter: setDisplayBrightness(id=4630946403839387521, brightnessState=0.32961062, sdrBrightnessState=0.32973543)
11-10 16:49:57.399  1458  1740 D LocalDisplayAdapter: setDisplayBrightness(id=4630946403839387521, brightnessState=0.32605395, sdrBrightnessState=0.32617733)
11-10 16:49:57.416  1458  1740 D LocalDisplayAdapter: setDisplayBrightness(id=4630946403839387521, brightnessState=0.3226003, sdrBrightnessState=0.32272226)
11-10 16:49:57.432  1458  1740 D LocalDisplayAdapter: setDisplayBrightness(id=4630946403839387521, brightnessState=0.31912723, sdrBrightnessState=0.31924775)
11-10 16:49:57.449  1458  1740 D LocalDisplayAdapter: setDisplayBrightness(id=4630946403839387521, brightnessState=0.31569448, sdrBrightnessState=0.31581363)
11-10 16:49:57.479  1458  1740 D LocalDisplayAdapter: setDisplayBrightness(id=4630946403839387521, brightnessState=0.3123017, sdrBrightnessState=0.31241944)
11-10 16:49:57.497  1458  1740 D LocalDisplayAdapter: setDisplayBrightness(id=4630946403839387521, brightnessState=0.30894828, sdrBrightnessState=0.30906466)
11-10 16:49:57.507  1458  1740 D LocalDisplayAdapter: setDisplayBrightness(id=4630946403839387521, brightnessState=0.3056338, sdrBrightnessState=0.30574885)
11-10 16:49:57.521  1458  1740 D LocalDisplayAdapter: setDisplayBrightness(id=4630946403839387521, brightnessState=0.30235788, sdrBrightnessState=0.3024716)
11-10 16:49:57.533  1458  1740 D LocalDisplayAdapter: setDisplayBrightness(id=4630946403839387521, brightnessState=0.29912007, sdrBrightnessState=0.29923245)
11-10 16:49:57.548  1458  1740 D LocalDisplayAdapter: setDisplayBrightness(id=4630946403839387521, brightnessState=0.29591984, sdrBrightnessState=0.2960309)
11-10 16:49:57.565  1458  1740 D LocalDisplayAdapter: setDisplayBrightness(id=4630946403839387521, brightnessState=0.29275677, sdrBrightnessState=0.29286656)
11-10 16:49:57.581  1458  1740 D LocalDisplayAdapter: setDisplayBrightness(id=4630946403839387521, brightnessState=0.29031435, sdrBrightnessState=0.29031435)
11-10 16:49:57.595  1458  1520 D AutomaticBrightnessController: updateAutoBrightness: mAmbientLux=16.588718, mScreenAutoBrightness=0.29564944, newScreenAutoBrightness=0.29564944, mEyeAdjustedScreenAutoBrightness=NaN
11-10 16:49:57.597  1458  1520 I DisplayPowerController[0]: BrightnessEvent: disp=0, brt=0.29564944, rcmdBrt=0.29564944, preBrt=0.29031432, lux=16.588718, lstObsLux=23.4375, preLux=14.939514, hbmMax=1.0, hbmMode=off, thrmMax=1.0, flags=, reason=automatic
11-10 16:49:57.599  1458  1458 I BrightnessSynchronizer: [199] New Update 0.29564944(f) set brightness values:  76(i)
11-10 16:49:57.599  1458  1740 D LocalDisplayAdapter: setDisplayBrightness(id=4630946403839387521, brightnessState=0.29054093, sdrBrightnessState=0.29050252)
11-10 16:49:57.599  1458  1458 I BrightnessSynchronizer: New PendingUpdate: {[200] 0.29564944(f), mUpdatedTypes=0, mConfirmedTypes=0, mTimeUpdated=0}, prev=null
11-10 16:49:57.600  1458  1458 I BrightnessSynchronizer: Swallowing update of 76(i) by update: {[199] 0.29564944(f), mUpdatedTypes=1, mConfirmedTypes=1, mTimeUpdated=17818628}
11-10 16:49:57.601  1458  1458 I BrightnessSynchronizer: Completed Update: {[199] 0.29564944(f), mUpdatedTypes=1, mConfirmedTypes=1, mTimeUpdated=17818628}
11-10 16:49:57.616  1458  1740 D LocalDisplayAdapter: setDisplayBrightness(id=4630946403839387521, brightnessState=0.2936779, sdrBrightnessState=0.29363906)
11-10 16:49:57.632  1458  1740 D LocalDisplayAdapter: setDisplayBrightness(id=4630946403839387521, brightnessState=0.29564944, sdrBrightnessState=0.29564944)
11-10 16:49:58.096  1458  1520 D AutomaticBrightnessController: updateAutoBrightness: mAmbientLux=19.557928, mScreenAutoBrightness=0.30556944, newScreenAutoBrightness=0.30556944, mEyeAdjustedScreenAutoBrightness=NaN
11-10 16:49:58.101  1458  1520 I DisplayPowerController[0]: BrightnessEvent: disp=0, brt=0.30556944, rcmdBrt=0.30556944, preBrt=0.29564944, lux=19.557928, lstObsLux=29.0175, preLux=16.588718, hbmMax=1.0, hbmMode=off, thrmMax=1.0, flags=, reason=automatic
11-10 16:49:58.106  1458  1458 I BrightnessSynchronizer: [201] New Update 0.30556944(f) set brightness values:  79(i)
11-10 16:49:58.106  1458  1458 I BrightnessSynchronizer: New PendingUpdate: {[202] 0.30556944(f), mUpdatedTypes=0, mConfirmedTypes=0, mTimeUpdated=0}, prev=null
11-10 16:49:58.107  1458  1458 I BrightnessSynchronizer: Swallowing update of 79(i) by update: {[201] 0.30556944(f), mUpdatedTypes=1, mConfirmedTypes=1, mTimeUpdated=17819135}
11-10 16:49:58.107  1458  1458 I BrightnessSynchronizer: Completed Update: {[201] 0.30556944(f), mUpdatedTypes=1, mConfirmedTypes=1, mTimeUpdated=17819135}
11-10 16:49:58.117  1458  1740 D LocalDisplayAdapter: setDisplayBrightness(id=4630946403839387521, brightnessState=0.29877672, sdrBrightnessState=0.29872262)
11-10 16:49:58.132  1458  1740 D LocalDisplayAdapter: setDisplayBrightness(id=4630946403839387521, brightnessState=0.3020105, sdrBrightnessState=0.30195582)
11-10 16:49:58.148  1458  1740 D LocalDisplayAdapter: setDisplayBrightness(id=4630946403839387521, brightnessState=0.30528235, sdrBrightnessState=0.30522698)
11-10 16:49:58.165  1458  1740 D LocalDisplayAdapter: setDisplayBrightness(id=4630946403839387521, brightnessState=0.3055695, sdrBrightnessState=0.3055695)
11-10 16:49:58.490  1458  1520 D AutomaticBrightnessController: updateAutoBrightness: mAmbientLux=22.499868, mScreenAutoBrightness=0.3162122, newScreenAutoBrightness=0.3162122, mEyeAdjustedScreenAutoBrightness=NaN
11-10 16:49:58.493  1458  1520 I DisplayPowerController[0]: BrightnessEvent: disp=0, brt=0.3162122, rcmdBrt=0.3162122, preBrt=0.30556944, lux=22.499868, lstObsLux=29.0175, preLux=19.557928, hbmMax=1.0, hbmMode=off, thrmMax=1.0, flags=, reason=automatic
11-10 16:49:58.495  1458  1458 I BrightnessSynchronizer: [203] New Update 0.3162122(f) set brightness values:  81(i)
11-10 16:49:58.496  1458  1458 I BrightnessSynchronizer: New PendingUpdate: {[204] 0.3162122(f), mUpdatedTypes=0, mConfirmedTypes=0, mTimeUpdated=0}, prev=null
11-10 16:49:58.497  1458  1458 I BrightnessSynchronizer: Swallowing update of 81(i) by update: {[203] 0.3162122(f), mUpdatedTypes=1, mConfirmedTypes=1, mTimeUpdated=17819524}
11-10 16:49:58.498  1458  1458 I BrightnessSynchronizer: Completed Update: {[203] 0.3162122(f), mUpdatedTypes=1, mConfirmedTypes=1, mTimeUpdated=17819524}
11-10 16:49:58.498  1458  1740 D LocalDisplayAdapter: setDisplayBrightness(id=4630946403839387521, brightnessState=0.306757, sdrBrightnessState=0.30665243)
