11-10 16:57:15.449  1458  1881 I BatteryStatsService: In wakeup_callback: suspend aborted
11-10 16:57:16.660  2854  2854 D wpa_supplicant: nl80211: Event message available
11-10 16:57:16.661  2854  2854 D wpa_supplicant: nl80211: Drv Event 79 (NL80211_CMD_SET_REKEY_OFFLOAD) received for wlan0
11-10 16:57:16.661  2854  2854 D wpa_supplicant: nl80211: Rekey offload event for BSSID e8:65:d4:25:e6:a1
11-10 16:57:16.661  2854  2854 D wpa_supplicant: nl80211: Rekey offload - Replay Counter - hexdump(len=8): 00 00 00 00 00 00 00 01
11-10 16:57:16.661  2854  2854 D wpa_supplicant: wlan0: Event DRIVER_GTK_REKEY (34) received
11-10 16:57:16.716  1458  1881 I BatteryStatsService: In wakeup_callback: resumed from suspend
11-10 16:57:17.873  2854  2854 D wpa_supplicant: nl80211: Event message available
11-10 16:57:17.873  2854  2854 D wpa_supplicant: nl80211: Drv Event 79 (NL80211_CMD_SET_REKEY_OFFLOAD) received for wlan0
11-10 16:57:17.873  2854  2854 D wpa_supplicant: nl80211: Rekey offload event for BSSID e8:65:d4:25:e6:a1
11-10 16:57:17.874  2854  2854 D wpa_supplicant: nl80211: Rekey offload - Replay Counter - hexdump(len=8): 00 00 00 00 00 00 00 01
11-10 16:57:17.874  2854  2854 D wpa_supplicant: wlan0: Event DRIVER_GTK_REKEY (34) received
11-10 16:57:17.905  1458  1881 I BatteryStatsService: In wakeup_callback: resumed from suspend
11-10 16:57:19.096  2854  2854 D wpa_supplicant: nl80211: Event message available
11-10 16:57:19.098  2854  2854 D wpa_supplicant: nl80211: Drv Event 79 (NL80211_CMD_SET_REKEY_OFFLOAD) received for wlan0
11-10 16:57:19.098  2854  2854 D wpa_supplicant: nl80211: Rekey offload event for BSSID e8:65:d4:25:e6:a1
11-10 16:57:19.098  2854  2854 D wpa_supplicant: nl80211: Rekey offload - Replay Counter - hexdump(len=8): 00 00 00 00 00 00 00 01
11-10 16:57:19.098  2854  2854 D wpa_supplicant: wlan0: Event DRIVER_GTK_REKEY (34) received
11-10 16:57:19.142  1458  9691 I BatteryStatsService: In wakeup_callback: resumed from suspend
11-10 16:57:20.326  2854  2854 D wpa_supplicant: nl80211: Event message available
11-10 16:57:20.327  2854  2854 D wpa_supplicant: nl80211: Drv Event 79 (NL80211_CMD_SET_REKEY_OFFLOAD) received for wlan0
11-10 16:57:20.327  2854  2854 D wpa_supplicant: nl80211: Rekey offload event for BSSID e8:65:d4:25:e6:a1
11-10 16:57:20.327  2854  2854 D wpa_supplicant: nl80211: Rekey offload - Replay Counter - hexdump(len=8): 00 00 00 00 00 00 00 01
11-10 16:57:20.327  2854  2854 D wpa_supplicant: wlan0: Event DRIVER_GTK_REKEY (34) received
11-10 16:57:20.364  1458  9691 I BatteryStatsService: In wakeup_callback: resumed from suspend
11-10 16:57:21.574  2854  2854 D wpa_supplicant: nl80211: Event message available
11-10 16:57:21.575  2854  2854 D wpa_supplicant: nl80211: Drv Event 79 (NL80211_CMD_SET_REKEY_OFFLOAD) received for wlan0
11-10 16:57:21.575  2854  2854 D wpa_supplicant: nl80211: Rekey offload event for BSSID e8:65:d4:25:e6:a1
11-10 16:57:21.575  2854  2854 D wpa_supplicant: nl80211: Rekey offload - Replay Counter - hexdump(len=8): 00 00 00 00 00 00 00 01
11-10 16:57:21.575  2854  2854 D wpa_supplicant: wlan0: Event DRIVER_GTK_REKEY (34) received
11-10 16:57:21.624  1458  9691 I BatteryStatsService: In wakeup_callback: resumed from suspend
11-10 16:57:21.676  5375  5375 W ThreadPoolForeg: type=1400 audit(0.0:1755): avc: denied { write } for name="traced_producer" dev="tmpfs" ino=982 scontext=u:r:gmscore_app:s0:c512,c768 tcontext=u:object_r:traced_producer_socket:s0 tclass=sock_file permissive=0 app=com.google.android.gms
11-10 16:57:22.785  2854  2854 D wpa_supplicant: nl80211: Event message available
11-10 16:57:22.786  2854  2854 D wpa_supplicant: nl80211: Drv Event 79 (NL80211_CMD_SET_REKEY_OFFLOAD) received for wlan0
11-10 16:57:22.786  2854  2854 D wpa_supplicant: nl80211: Rekey offload event for BSSID e8:65:d4:25:e6:a1
11-10 16:57:22.786  2854  2854 D wpa_supplicant: nl80211: Rekey offload - Replay Counter - hexdump(len=8): 00 00 00 00 00 00 00 01
11-10 16:57:22.786  2854  2854 D wpa_supplicant: wlan0: Event DRIVER_GTK_REKEY (34) received
11-10 16:57:22.829  1458  9691 I BatteryStatsService: In wakeup_callback: resumed from suspend
11-10 16:57:24.030  2854  2854 D wpa_supplicant: nl80211: Event message available
11-10 16:57:24.030  2854  2854 D wpa_supplicant: nl80211: Drv Event 79 (NL80211_CMD_SET_REKEY_OFFLOAD) received for wlan0
11-10 16:57:24.030  2854  2854 D wpa_supplicant: nl80211: Rekey offload event for BSSID e8:65:d4:25:e6:a1
11-10 16:57:24.030  2854  2854 D wpa_supplicant: nl80211: Rekey offload - Replay Counter - hexdump(len=8): 00 00 00 00 00 00 00 01
11-10 16:57:24.030  2854  2854 D wpa_supplicant: wlan0: Event DRIVER_GTK_REKEY (34) received
11-10 16:57:24.061  1458  9691 I BatteryStatsService: In wakeup_callback: resumed from suspend
11-10 16:57:25.262  2854  2854 D wpa_supplicant: nl80211: Event message available
11-10 16:57:25.262  2854  2854 D wpa_supplicant: nl80211: Drv Event 79 (NL80211_CMD_SET_REKEY_OFFLOAD) received for wlan0
11-10 16:57:25.262  2854  2854 D wpa_supplicant: nl80211: Rekey offload event for BSSID e8:65:d4:25:e6:a1
11-10 16:57:25.262  2854  2854 D wpa_supplicant: nl80211: Rekey offload - Replay Counter - hexdump(len=8): 00 00 00 00 00 00 00 01
11-10 16:57:25.262  2854  2854 D wpa_supplicant: wlan0: Event DRIVER_GTK_REKEY (34) received
11-10 16:57:25.305  1458  9691 I BatteryStatsService: In wakeup_callback: resumed from suspend
11-10 16:57:26.482  2854  2854 D wpa_supplicant: nl80211: Event message available
11-10 16:57:26.482  2854  2854 D wpa_supplicant: nl80211: Drv Event 79 (NL80211_CMD_SET_REKEY_OFFLOAD) received for wlan0
11-10 16:57:26.482  2854  2854 D wpa_supplicant: nl80211: Rekey offload event for BSSID e8:65:d4:25:e6:a1
11-10 16:57:26.482  2854  2854 D wpa_supplicant: nl80211: Rekey offload - Replay Counter - hexdump(len=8): 00 00 00 00 00 00 00 01
11-10 16:57:26.482  2854  2854 D wpa_supplicant: wlan0: Event DRIVER_GTK_REKEY (34) received
11-10 16:57:26.504  1458  9691 I BatteryStatsService: In wakeup_callback: resumed from suspend
11-10 16:57:26.703  1458  9691 I BatteryStatsService: In wakeup_callback: suspend aborted
11-10 16:57:27.831  2854  2854 D wpa_supplicant: nl80211: Event message available
11-10 16:57:27.832  2854  2854 D wpa_supplicant: nl80211: Drv Event 79 (NL80211_CMD_SET_REKEY_OFFLOAD) received for wlan0
11-10 16:57:27.832  2854  2854 D wpa_supplicant: nl80211: Rekey offload event for BSSID e8:65:d4:25:e6:a1
11-10 16:57:27.832  2854  2854 D wpa_supplicant: nl80211: Rekey offload - Replay Counter - hexdump(len=8): 00 00 00 00 00 00 00 01
11-10 16:57:27.832  2854  2854 D wpa_supplicant: wlan0: Event DRIVER_GTK_REKEY (34) received
11-10 16:57:27.893  1458  9691 I BatteryStatsService: In wakeup_callback: resumed from suspend
11-10 16:57:29.053  2854  2854 D wpa_supplicant: nl80211: Event message available
11-10 16:57:29.053  2854  2854 D wpa_supplicant: nl80211: Drv Event 79 (NL80211_CMD_SET_REKEY_OFFLOAD) received for wlan0
11-10 16:57:29.053  2854  2854 D wpa_supplicant: nl80211: Rekey offload event for BSSID e8:65:d4:25:e6:a1
11-10 16:57:29.053  2854  2854 D wpa_supplicant: nl80211: Rekey offload - Replay Counter - hexdump(len=8): 00 00 00 00 00 00 00 01
11-10 16:57:29.054  2854  2854 D wpa_supplicant: wlan0: Event DRIVER_GTK_REKEY (34) received
11-10 16:57:29.110  1458  9691 I BatteryStatsService: In wakeup_callback: resumed from suspend
11-10 16:57:30.377  2854  2854 D wpa_supplicant: nl80211: Event message available
11-10 16:57:30.377  2854  2854 D wpa_supplicant: nl80211: Drv Event 79 (NL80211_CMD_SET_REKEY_OFFLOAD) received for wlan0
11-10 16:57:30.377  2854  2854 D wpa_supplicant: nl80211: Rekey offload event for BSSID e8:65:d4:25:e6:a1
11-10 16:57:30.377  2854  2854 D wpa_supplicant: nl80211: Rekey offload - Replay Counter - hexdump(len=8): 00 00 00 00 00 00 00 01
11-10 16:57:30.377  2854  2854 D wpa_supplicant: wlan0: Event DRIVER_GTK_REKEY (34) received
11-10 16:57:30.408  1458  1881 I BatteryStatsService: In wakeup_callback: resumed from suspend
11-10 16:57:31.607  2854  2854 D wpa_supplicant: nl80211: Event message available
11-10 16:57:31.607  2854  2854 D wpa_supplicant: nl80211: Drv Event 79 (NL80211_CMD_SET_REKEY_OFFLOAD) received for wlan0
11-10 16:57:31.607  2854  2854 D wpa_supplicant: nl80211: Rekey offload event for BSSID e8:65:d4:25:e6:a1
11-10 16:57:31.607  2854  2854 D wpa_supplicant: nl80211: Rekey offload - Replay Counter - hexdump(len=8): 00 00 00 00 00 00 00 01
11-10 16:57:31.607  2854  2854 D wpa_supplicant: wlan0: Event DRIVER_GTK_REKEY (34) received
11-10 16:57:31.651  1458  1881 I BatteryStatsService: In wakeup_callback: resumed from suspend
11-10 16:57:32.838  2854  2854 D wpa_supplicant: nl80211: Event message available
11-10 16:57:32.838  2854  2854 D wpa_supplicant: nl80211: Drv Event 79 (NL80211_CMD_SET_REKEY_OFFLOAD) received for wlan0
11-10 16:57:32.838  2854  2854 D wpa_supplicant: nl80211: Rekey offload event for BSSID e8:65:d4:25:e6:a1
11-10 16:57:32.838  2854  2854 D wpa_supplicant: nl80211: Rekey offload - Replay Counter - hexdump(len=8): 00 00 00 00 00 00 00 01
11-10 16:57:32.838  2854  2854 D wpa_supplicant: wlan0: Event DRIVER_GTK_REKEY (34) received
11-10 16:57:32.888  1458  1881 I BatteryStatsService: In wakeup_callback: resumed from suspend
11-10 16:57:34.160  2854  2854 D wpa_supplicant: nl80211: Event message available
11-10 16:57:34.160  2854  2854 D wpa_supplicant: nl80211: Drv Event 79 (NL80211_CMD_SET_REKEY_OFFLOAD) received for wlan0
11-10 16:57:34.161  2854  2854 D wpa_supplicant: nl80211: Rekey offload event for BSSID e8:65:d4:25:e6:a1
11-10 16:57:34.161  2854  2854 D wpa_supplicant: nl80211: Rekey offload - Replay Counter - hexdump(len=8): 00 00 00 00 00 00 00 01
11-10 16:57:34.161  2854  2854 D wpa_supplicant: wlan0: Event DRIVER_GTK_REKEY (34) received
11-10 16:57:34.193  1458  1881 I BatteryStatsService: In wakeup_callback: resumed from suspend
11-10 16:57:35.393  2854  2854 D wpa_supplicant: nl80211: Event message available
11-10 16:57:35.394  2854  2854 D wpa_supplicant: nl80211: Drv Event 79 (NL80211_CMD_SET_REKEY_OFFLOAD) received for wlan0
11-10 16:57:35.394  2854  2854 D wpa_supplicant: nl80211: Rekey offload event for BSSID e8:65:d4:25:e6:a1
11-10 16:57:35.394  2854  2854 D wpa_supplicant: nl80211: Rekey offload - Replay Counter - hexdump(len=8): 00 00 00 00 00 00 00 01
11-10 16:57:35.394  2854  2854 D wpa_supplicant: wlan0: Event DRIVER_GTK_REKEY (34) received
11-10 16:57:35.431  1458  1881 I BatteryStatsService: In wakeup_callback: resumed from suspend
11-10 16:57:36.624  2854  2854 D wpa_supplicant: nl80211: Event message available
11-10 16:57:36.624  2854  2854 D wpa_supplicant: nl80211: Drv Event 79 (NL80211_CMD_SET_REKEY_OFFLOAD) received for wlan0
11-10 16:57:36.624  2854  2854 D wpa_supplicant: nl80211: Rekey offload event for BSSID e8:65:d4:25:e6:a1
11-10 16:57:36.624  2854  2854 D wpa_supplicant: nl80211: Rekey offload - Replay Counter - hexdump(len=8): 00 00 00 00 00 00 00 01
11-10 16:57:36.624  2854  2854 D wpa_supplicant: wlan0: Event DRIVER_GTK_REKEY (34) received
11-10 16:57:36.646  1458  1881 I BatteryStatsService: In wakeup_callback: resumed from suspend
11-10 16:57:36.843  1458  1881 I BatteryStatsService: In wakeup_callback: suspend aborted
11-10 16:57:37.965  2854  2854 D wpa_supplicant: nl80211: Event message available
11-10 16:57:37.965  2854  2854 D wpa_supplicant: nl80211: Drv Event 79 (NL80211_CMD_SET_REKEY_OFFLOAD) received for wlan0
11-10 16:57:37.965  2854  2854 D wpa_supplicant: nl80211: Rekey offload event for BSSID e8:65:d4:25:e6:a1
11-10 16:57:37.965  2854  2854 D wpa_supplicant: nl80211: Rekey offload - Replay Counter - hexdump(len=8): 00 00 00 00 00 00 00 01
11-10 16:57:37.965  2854  2854 D wpa_supplicant: wlan0: Event DRIVER_GTK_REKEY (34) received
11-10 16:57:38.029  1458  1881 I BatteryStatsService: In wakeup_callback: resumed from suspend
11-10 16:57:39.186  2854  2854 D wpa_supplicant: nl80211: Event message available
11-10 16:57:39.186  2854  2854 D wpa_supplicant: nl80211: Drv Event 79 (NL80211_CMD_SET_REKEY_OFFLOAD) received for wlan0
11-10 16:57:39.186  2854  2854 D wpa_supplicant: nl80211: Rekey offload event for BSSID e8:65:d4:25:e6:a1
11-10 16:57:39.186  2854  2854 D wpa_supplicant: nl80211: Rekey offload - Replay Counter - hexdump(len=8): 00 00 00 00 00 00 00 01
11-10 16:57:39.186  2854  2854 D wpa_supplicant: wlan0: Event DRIVER_GTK_REKEY (34) received
11-10 16:57:39.237  1458  1881 I BatteryStatsService: In wakeup_callback: resumed from suspend
11-10 16:57:40.395  2854  2854 D wpa_supplicant: nl80211: Event message available
11-10 16:57:40.396  2854  2854 D wpa_supplicant: nl80211: Drv Event 79 (NL80211_CMD_SET_REKEY_OFFLOAD) received for wlan0
11-10 16:57:40.396  2854  2854 D wpa_supplicant: nl80211: Rekey offload event for BSSID e8:65:d4:25:e6:a1
11-10 16:57:40.396  2854  2854 D wpa_supplicant: nl80211: Rekey offload - Replay Counter - hexdump(len=8): 00 00 00 00 00 00 00 01
11-10 16:57:40.396  2854  2854 D wpa_supplicant: wlan0: Event DRIVER_GTK_REKEY (34) received
11-10 16:57:40.447  1458  1881 I BatteryStatsService: In wakeup_callback: resumed from suspend
11-10 16:57:41.625  2854  2854 D wpa_supplicant: nl80211: Event message available
11-10 16:57:41.626  2854  2854 D wpa_supplicant: nl80211: Drv Event 79 (NL80211_CMD_SET_REKEY_OFFLOAD) received for wlan0
11-10 16:57:41.626  2854  2854 D wpa_supplicant: nl80211: Rekey offload event for BSSID e8:65:d4:25:e6:a1
11-10 16:57:41.626  2854  2854 D wpa_supplicant: nl80211: Rekey offload - Replay Counter - hexdump(len=8): 00 00 00 00 00 00 00 01
11-10 16:57:41.626  2854  2854 D wpa_supplicant: wlan0: Event DRIVER_GTK_REKEY (34) received
11-10 16:57:41.662  1458  1881 I BatteryStatsService: In wakeup_callback: resumed from suspend
11-10 16:57:42.870  2854  2854 D wpa_supplicant: nl80211: Event message available
11-10 16:57:42.870  2854  2854 D wpa_supplicant: nl80211: Drv Event 79 (NL80211_CMD_SET_REKEY_OFFLOAD) received for wlan0
11-10 16:57:42.870  2854  2854 D wpa_supplicant: nl80211: Rekey offload event for BSSID e8:65:d4:25:e6:a1
11-10 16:57:42.870  2854  2854 D wpa_supplicant: nl80211: Rekey offload - Replay Counter - hexdump(len=8): 00 00 00 00 00 00 00 01
11-10 16:57:42.870  2854  2854 D wpa_supplicant: wlan0: Event DRIVER_GTK_REKEY (34) received
11-10 16:57:42.902  1458  1881 I BatteryStatsService: In wakeup_callback: resumed from suspend
11-10 16:57:44.091  2854  2854 D wpa_supplicant: nl80211: Event message available
11-10 16:57:44.091  2854  2854 D wpa_supplicant: nl80211: Drv Event 79 (NL80211_CMD_SET_REKEY_OFFLOAD) received for wlan0
11-10 16:57:44.091  2854  2854 D wpa_supplicant: nl80211: Rekey offload event for BSSID e8:65:d4:25:e6:a1
11-10 16:57:44.091  2854  2854 D wpa_supplicant: nl80211: Rekey offload - Replay Counter - hexdump(len=8): 00 00 00 00 00 00 00 01
11-10 16:57:44.091  2854  2854 D wpa_supplicant: wlan0: Event DRIVER_GTK_REKEY (34) received
11-10 16:57:44.131  1458  1881 I BatteryStatsService: In wakeup_callback: resumed from suspend
11-10 16:57:45.311  2854  2854 D wpa_supplicant: nl80211: Event message available
11-10 16:57:45.311  2854  2854 D wpa_supplicant: nl80211: Drv Event 79 (NL80211_CMD_SET_REKEY_OFFLOAD) received for wlan0
11-10 16:57:45.311  2854  2854 D wpa_supplicant: nl80211: Rekey offload event for BSSID e8:65:d4:25:e6:a1
11-10 16:57:45.311  2854  2854 D wpa_supplicant: nl80211: Rekey offload - Replay Counter - hexdump(len=8): 00 00 00 00 00 00 00 01
11-10 16:57:45.311  2854  2854 D wpa_supplicant: wlan0: Event DRIVER_GTK_REKEY (34) received
11-10 16:57:45.346  1458  1881 I BatteryStatsService: In wakeup_callback: resumed from suspend
11-10 16:57:46.553  2854  2854 D wpa_supplicant: nl80211: Event message available
11-10 16:57:46.553  2854  2854 D wpa_supplicant: nl80211: Drv Event 79 (NL80211_CMD_SET_REKEY_OFFLOAD) received for wlan0
11-10 16:57:46.553  2854  2854 D wpa_supplicant: nl80211: Rekey offload event for BSSID e8:65:d4:25:e6:a1
11-10 16:57:46.553  2854  2854 D wpa_supplicant: nl80211: Rekey offload - Replay Counter - hexdump(len=8): 00 00 00 00 00 00 00 01
11-10 16:57:46.553  2854  2854 D wpa_supplicant: wlan0: Event DRIVER_GTK_REKEY (34) received
11-10 16:57:46.605  1458  1881 I BatteryStatsService: In wakeup_callback: resumed from suspend
11-10 16:57:47.786  2854  2854 D wpa_supplicant: nl80211: Event message available
11-10 16:57:47.786  2854  2854 D wpa_supplicant: nl80211: Drv Event 79 (NL80211_CMD_SET_REKEY_OFFLOAD) received for wlan0
11-10 16:57:47.786  2854  2854 D wpa_supplicant: nl80211: Rekey offload event for BSSID e8:65:d4:25:e6:a1
11-10 16:57:47.786  2854  2854 D wpa_supplicant: nl80211: Rekey offload - Replay Counter - hexdump(len=8): 00 00 00 00 00 00 00 01
11-10 16:57:47.786  2854  2854 D wpa_supplicant: wlan0: Event DRIVER_GTK_REKEY (34) received
11-10 16:57:47.788  1458  1881 W ProcessStats: Tracking association SourceState{60d4f4f com.google.android.wearable.media.sessions/10079 BTopFgs #38607} whose proc state 2 is better than process ProcessState{1d0830f com.google.android.gms.persistent/10062 pkg=com.google.android.gms} proc state 3 (0 skipped)
11-10 16:57:47.818  1458  1881 I BatteryStatsService: In wakeup_callback: resumed from suspend
11-10 16:57:48.997  2854  2854 D wpa_supplicant: nl80211: Event message available
11-10 16:57:48.998  2854  2854 D wpa_supplicant: nl80211: Drv Event 79 (NL80211_CMD_SET_REKEY_OFFLOAD) received for wlan0
11-10 16:57:48.998  2854  2854 D wpa_supplicant: nl80211: Rekey offload event for BSSID e8:65:d4:25:e6:a1
11-10 16:57:48.998  2854  2854 D wpa_supplicant: nl80211: Rekey offload - Replay Counter - hexdump(len=8): 00 00 00 00 00 00 00 01
11-10 16:57:48.998  2854  2854 D wpa_supplicant: wlan0: Event DRIVER_GTK_REKEY (34) received
11-10 16:57:49.063  1458  1881 I BatteryStatsService: In wakeup_callback: resumed from suspend
11-10 16:57:50.144  2854  2854 D wpa_supplicant: nl80211: Event message available
11-10 16:57:50.144  2854  2854 D wpa_supplicant: nl80211: Drv Event 79 (NL80211_CMD_SET_REKEY_OFFLOAD) received for wlan0
11-10 16:57:50.144  2854  2854 D wpa_supplicant: nl80211: Rekey offload event for BSSID e8:65:d4:25:e6:a1
11-10 16:57:50.144  2854  2854 D wpa_supplicant: nl80211: Rekey offload - Replay Counter - hexdump(len=8): 00 00 00 00 00 00 00 01
11-10 16:57:50.144  2854  2854 D wpa_supplicant: wlan0: Event DRIVER_GTK_REKEY (34) received
11-10 16:57:50.223  1458  1881 I BatteryStatsService: In wakeup_callback: resumed from suspend
11-10 16:57:51.376  2854  2854 D wpa_supplicant: nl80211: Event message available
11-10 16:57:51.376  2854  2854 D wpa_supplicant: nl80211: Drv Event 79 (NL80211_CMD_SET_REKEY_OFFLOAD) received for wlan0
11-10 16:57:51.376  2854  2854 D wpa_supplicant: nl80211: Rekey offload event for BSSID e8:65:d4:25:e6:a1
11-10 16:57:51.376  2854  2854 D wpa_supplicant: nl80211: Rekey offload - Replay Counter - hexdump(len=8): 00 00 00 00 00 00 00 01
11-10 16:57:51.376  2854  2854 D wpa_supplicant: wlan0: Event DRIVER_GTK_REKEY (34) received
11-10 16:57:51.402  1458  1881 I BatteryStatsService: In wakeup_callback: resumed from suspend
11-10 16:57:51.627  1458  1881 I BatteryStatsService: In wakeup_callback: suspend aborted
11-10 16:57:52.807  2854  2854 D wpa_supplicant: nl80211: Event message available
11-10 16:57:52.807  2854  2854 D wpa_supplicant: nl80211: Drv Event 79 (NL80211_CMD_SET_REKEY_OFFLOAD) received for wlan0
11-10 16:57:52.807  2854  2854 D wpa_supplicant: nl80211: Rekey offload event for BSSID e8:65:d4:25:e6:a1
11-10 16:57:52.807  2854  2854 D wpa_supplicant: nl80211: Rekey offload - Replay Counter - hexdump(len=8): 00 00 00 00 00 00 00 01
11-10 16:57:52.807  2854  2854 D wpa_supplicant: wlan0: Event DRIVER_GTK_REKEY (34) received
11-10 16:57:52.856  1458  1881 I BatteryStatsService: In wakeup_callback: resumed from suspend
11-10 16:57:54.144  2854  2854 D wpa_supplicant: nl80211: Event message available
11-10 16:57:54.144  2854  2854 D wpa_supplicant: nl80211: Drv Event 79 (NL80211_CMD_SET_REKEY_OFFLOAD) received for wlan0
11-10 16:57:54.144  2854  2854 D wpa_supplicant: nl80211: Rekey offload event for BSSID e8:65:d4:25:e6:a1
11-10 16:57:54.144  2854  2854 D wpa_supplicant: nl80211: Rekey offload - Replay Counter - hexdump(len=8): 00 00 00 00 00 00 00 01
11-10 16:57:54.144  2854  2854 D wpa_supplicant: wlan0: Event DRIVER_GTK_REKEY (34) received
11-10 16:57:54.159  1458  1881 I BatteryStatsService: In wakeup_callback: resumed from suspend
11-10 16:57:55.356  2854  2854 D wpa_supplicant: nl80211: Event message available
11-10 16:57:55.356  2854  2854 D wpa_supplicant: nl80211: Drv Event 79 (NL80211_CMD_SET_REKEY_OFFLOAD) received for wlan0
11-10 16:57:55.356  2854  2854 D wpa_supplicant: nl80211: Rekey offload event for BSSID e8:65:d4:25:e6:a1
11-10 16:57:55.356  2854  2854 D wpa_supplicant: nl80211: Rekey offload - Replay Counter - hexdump(len=8): 00 00 00 00 00 00 00 01
11-10 16:57:55.356  2854  2854 D wpa_supplicant: wlan0: Event DRIVER_GTK_REKEY (34) received
11-10 16:57:55.385  1458  1881 I BatteryStatsService: In wakeup_callback: resumed from suspend
11-10 16:57:56.574  2854  2854 D wpa_supplicant: nl80211: Event message available
11-10 16:57:56.574  2854  2854 D wpa_supplicant: nl80211: Drv Event 79 (NL80211_CMD_SET_REKEY_OFFLOAD) received for wlan0
11-10 16:57:56.574  2854  2854 D wpa_supplicant: nl80211: Rekey offload event for BSSID e8:65:d4:25:e6:a1
11-10 16:57:56.574  2854  2854 D wpa_supplicant: nl80211: Rekey offload - Replay Counter - hexdump(len=8): 00 00 00 00 00 00 00 01
11-10 16:57:56.574  2854  2854 D wpa_supplicant: wlan0: Event DRIVER_GTK_REKEY (34) received
11-10 16:57:56.606  1458  1881 I BatteryStatsService: In wakeup_callback: resumed from suspend
11-10 16:57:56.801  1458  1881 I BatteryStatsService: In wakeup_callback: suspend aborted
11-10 16:57:58.137  2854  2854 D wpa_supplicant: nl80211: Event message available
11-10 16:57:58.137  2854  2854 D wpa_supplicant: nl80211: Drv Event 79 (NL80211_CMD_SET_REKEY_OFFLOAD) received for wlan0
11-10 16:57:58.137  2854  2854 D wpa_supplicant: nl80211: Rekey offload event for BSSID e8:65:d4:25:e6:a1
11-10 16:57:58.137  2854  2854 D wpa_supplicant: nl80211: Rekey offload - Replay Counter - hexdump(len=8): 00 00 00 00 00 00 00 01
11-10 16:57:58.137  2854  2854 D wpa_supplicant: wlan0: Event DRIVER_GTK_REKEY (34) received
11-10 16:57:58.199  1458  1881 I BatteryStatsService: In wakeup_callback: resumed from suspend
11-10 16:57:59.349  2854  2854 D wpa_supplicant: nl80211: Event message available
11-10 16:57:59.350  2854  2854 D wpa_supplicant: nl80211: Drv Event 79 (NL80211_CMD_SET_REKEY_OFFLOAD) received for wlan0
11-10 16:57:59.350  2854  2854 D wpa_supplicant: nl80211: Rekey offload event for BSSID e8:65:d4:25:e6:a1
11-10 16:57:59.350  2854  2854 D wpa_supplicant: nl80211: Rekey offload - Replay Counter - hexdump(len=8): 00 00 00 00 00 00 00 01
11-10 16:57:59.350  2854  2854 D wpa_supplicant: wlan0: Event DRIVER_GTK_REKEY (34) received
11-10 16:57:59.388  1458  1881 I BatteryStatsService: In wakeup_callback: resumed from suspend
11-10 16:57:59.651  2854  2854 D wpa_supplicant: nl80211: Event message available
11-10 16:57:59.652  2854  2854 D wpa_supplicant: nl80211: Drv Event 79 (NL80211_CMD_SET_REKEY_OFFLOAD) received for wlan0
11-10 16:57:59.652  2854  2854 D wpa_supplicant: nl80211: Rekey offload event for BSSID e8:65:d4:25:e6:a1
11-10 16:57:59.652  2854  2854 D wpa_supplicant: nl80211: Rekey offload - Replay Counter - hexdump(len=8): 00 00 00 00 00 00 00 01
11-10 16:57:59.652  2854  2854 D wpa_supplicant: wlan0: Event DRIVER_GTK_REKEY (34) received
11-10 16:57:59.687  1458  1881 I BatteryStatsService: In wakeup_callback: suspend aborted
11-10 16:57:59.873  2003  2003 W ThreadPoolForeg: type=1400 audit(0.0:1756): avc: denied { write } for name="traced_producer" dev="tmpfs" ino=982 scontext=u:r:gmscore_app:s0:c512,c768 tcontext=u:object_r:traced_producer_socket:s0 tclass=sock_file permissive=0 app=com.google.android.gms
11-10 16:58:00.658  2003 10124 I NetworkScheduler.Stats: (REDACTED) Task %s/%s started execution. cause:%s exec_start_elapsed_seconds: %s
11-10 16:58:00.696  2003 10124 I NetworkScheduler.Stats: (REDACTED) Task %s/%s started execution. cause:%s exec_start_elapsed_seconds: %s
11-10 16:58:00.703  2003 10241 I NetworkScheduler.Stats: (REDACTED) Task %s/%s finished executing. cause:%s result: %s elapsed_millis: %s uptime_millis: %s exec_start_elapsed_seconds: %s
11-10 16:58:00.742  1458  1470 I system_server: Background young concurrent copying GC freed 75827(18MB) AllocSpace objects, 0(0B) LOS objects, 48% free, 18MB/35MB, paused 510us,469us total 101.028ms
11-10 16:58:00.772  5375  5390 W Dck     : reporting API failure since DCK module is disabled [CONTEXT service_id=289 ]
11-10 16:58:00.778  2003  2206 W GoogleApiManager: Not showing notification since connectionResult is not user-facing: ConnectionResult{statusCode=API_UNAVAILABLE, resolution=null, message=null, clientMethodKey=null}
11-10 16:58:00.789  2003 10124 I NetworkScheduler.Stats: (REDACTED) Task %s/%s finished executing. cause:%s result: %s elapsed_millis: %s uptime_millis: %s exec_start_elapsed_seconds: %s
11-10 16:58:00.797  2003  2012 I .gms.persistent: Background young concurrent copying GC freed 373191(14MB) AllocSpace objects, 15(544KB) LOS objects, 41% free, 20MB/35MB, paused 187us,131us total 117.395ms
11-10 16:58:00.808  2003  2014 W System  : A resource failed to call AbstractCursor.close. 
11-10 16:58:00.808  2003  2014 W System  : A resource failed to call AbstractCursor.close. 
11-10 16:58:00.812  2003  2014 W System  : A resource failed to call AbstractCursor.close. 
11-10 16:58:06.217  2854  2854 D wpa_supplicant: nl80211: Event message available
11-10 16:58:06.217  2854  2854 D wpa_supplicant: nl80211: Drv Event 79 (NL80211_CMD_SET_REKEY_OFFLOAD) received for wlan0
11-10 16:58:06.218  2854  2854 D wpa_supplicant: nl80211: Rekey offload event for BSSID e8:65:d4:25:e6:a1
11-10 16:58:06.218  2854  2854 D wpa_supplicant: nl80211: Rekey offload - Replay Counter - hexdump(len=8): 00 00 00 00 00 00 00 01
11-10 16:58:06.218  2854  2854 D wpa_supplicant: wlan0: Event DRIVER_GTK_REKEY (34) received
11-10 16:58:06.229  1458  1879 W ProcessStats: Tracking association SourceState{60d4f4f com.google.android.wearable.media.sessions/10079 BTopFgs #38625} whose proc state 2 is better than process ProcessState{1d0830f com.google.android.gms.persistent/10062 pkg=com.google.android.gms} proc state 3 (17 skipped)
11-10 16:58:06.249  1458  1879 I BatteryStatsService: In wakeup_callback: resumed from suspend
11-10 16:58:07.431  2854  2854 D wpa_supplicant: nl80211: Event message available
11-10 16:58:07.431  2854  2854 D wpa_supplicant: nl80211: Drv Event 79 (NL80211_CMD_SET_REKEY_OFFLOAD) received for wlan0
11-10 16:58:07.432  2854  2854 D wpa_supplicant: nl80211: Rekey offload event for BSSID e8:65:d4:25:e6:a1
11-10 16:58:07.432  2854  2854 D wpa_supplicant: nl80211: Rekey offload - Replay Counter - hexdump(len=8): 00 00 00 00 00 00 00 01
11-10 16:58:07.432  2854  2854 D wpa_supplicant: wlan0: Event DRIVER_GTK_REKEY (34) received
11-10 16:58:07.467  1458  1879 I BatteryStatsService: In wakeup_callback: resumed from suspend
11-10 16:58:08.656  2854  2854 D wpa_supplicant: nl80211: Event message available
11-10 16:58:08.657  2854  2854 D wpa_supplicant: nl80211: Drv Event 79 (NL80211_CMD_SET_REKEY_OFFLOAD) received for wlan0
11-10 16:58:08.657  2854  2854 D wpa_supplicant: nl80211: Rekey offload event for BSSID e8:65:d4:25:e6:a1
11-10 16:58:08.657  2854  2854 D wpa_supplicant: nl80211: Rekey offload - Replay Counter - hexdump(len=8): 00 00 00 00 00 00 00 01
11-10 16:58:08.657  2854  2854 D wpa_supplicant: wlan0: Event DRIVER_GTK_REKEY (34) received
11-10 16:58:08.688  1458  1879 I BatteryStatsService: In wakeup_callback: resumed from suspend
11-10 16:58:09.904  2854  2854 D wpa_supplicant: nl80211: Event message available
11-10 16:58:09.904  2854  2854 D wpa_supplicant: nl80211: Drv Event 79 (NL80211_CMD_SET_REKEY_OFFLOAD) received for wlan0
11-10 16:58:09.904  2854  2854 D wpa_supplicant: nl80211: Rekey offload event for BSSID e8:65:d4:25:e6:a1
11-10 16:58:09.904  2854  2854 D wpa_supplicant: nl80211: Rekey offload - Replay Counter - hexdump(len=8): 00 00 00 00 00 00 00 01
11-10 16:58:09.904  2854  2854 D wpa_supplicant: wlan0: Event DRIVER_GTK_REKEY (34) received
11-10 16:58:09.949  1458  1879 I BatteryStatsService: In wakeup_callback: resumed from suspend
11-10 16:58:11.134  2854  2854 D wpa_supplicant: nl80211: Event message available
11-10 16:58:11.134  2854  2854 D wpa_supplicant: nl80211: Drv Event 79 (NL80211_CMD_SET_REKEY_OFFLOAD) received for wlan0
11-10 16:58:11.134  2854  2854 D wpa_supplicant: nl80211: Rekey offload event for BSSID e8:65:d4:25:e6:a1
11-10 16:58:11.134  2854  2854 D wpa_supplicant: nl80211: Rekey offload - Replay Counter - hexdump(len=8): 00 00 00 00 00 00 00 01
11-10 16:58:11.134  2854  2854 D wpa_supplicant: wlan0: Event DRIVER_GTK_REKEY (34) received
11-10 16:58:11.169  1458  1879 I BatteryStatsService: In wakeup_callback: resumed from suspend
11-10 16:58:12.354  2854  2854 D wpa_supplicant: nl80211: Event message available
11-10 16:58:12.354  2854  2854 D wpa_supplicant: nl80211: Drv Event 79 (NL80211_CMD_SET_REKEY_OFFLOAD) received for wlan0
11-10 16:58:12.355  2854  2854 D wpa_supplicant: nl80211: Rekey offload event for BSSID e8:65:d4:25:e6:a1
11-10 16:58:12.355  2854  2854 D wpa_supplicant: nl80211: Rekey offload - Replay Counter - hexdump(len=8): 00 00 00 00 00 00 00 01
11-10 16:58:12.355  2854  2854 D wpa_supplicant: wlan0: Event DRIVER_GTK_REKEY (34) received
11-10 16:58:12.390  1458  1879 I BatteryStatsService: In wakeup_callback: resumed from suspend
11-10 16:58:13.595  2854  2854 D wpa_supplicant: nl80211: Event message available
11-10 16:58:13.596  2854  2854 D wpa_supplicant: nl80211: Drv Event 79 (NL80211_CMD_SET_REKEY_OFFLOAD) received for wlan0
11-10 16:58:13.596  2854  2854 D wpa_supplicant: nl80211: Rekey offload event for BSSID e8:65:d4:25:e6:a1
11-10 16:58:13.596  2854  2854 D wpa_supplicant: nl80211: Rekey offload - Replay Counter - hexdump(len=8): 00 00 00 00 00 00 00 01
11-10 16:58:13.596  2854  2854 D wpa_supplicant: wlan0: Event DRIVER_GTK_REKEY (34) received
11-10 16:58:13.643  1458  1879 I BatteryStatsService: In wakeup_callback: resumed from suspend
11-10 16:58:14.804  2854  2854 D wpa_supplicant: nl80211: Event message available
11-10 16:58:14.805  2854  2854 D wpa_supplicant: nl80211: Drv Event 79 (NL80211_CMD_SET_REKEY_OFFLOAD) received for wlan0
11-10 16:58:14.805  2854  2854 D wpa_supplicant: nl80211: Rekey offload event for BSSID e8:65:d4:25:e6:a1
11-10 16:58:14.805  2854  2854 D wpa_supplicant: nl80211: Rekey offload - Replay Counter - hexdump(len=8): 00 00 00 00 00 00 00 01
11-10 16:58:14.805  2854  2854 D wpa_supplicant: wlan0: Event DRIVER_GTK_REKEY (34) received
11-10 16:58:14.843  1458  9691 I BatteryStatsService: In wakeup_callback: resumed from suspend
11-10 16:58:16.031  2854  2854 D wpa_supplicant: nl80211: Event message available
11-10 16:58:16.032  2854  2854 D wpa_supplicant: nl80211: Drv Event 79 (NL80211_CMD_SET_REKEY_OFFLOAD) received for wlan0
11-10 16:58:16.032  2854  2854 D wpa_supplicant: nl80211: Rekey offload event for BSSID e8:65:d4:25:e6:a1
11-10 16:58:16.032  2854  2854 D wpa_supplicant: nl80211: Rekey offload - Replay Counter - hexdump(len=8): 00 00 00 00 00 00 00 01
11-10 16:58:16.032  2854  2854 D wpa_supplicant: wlan0: Event DRIVER_GTK_REKEY (34) received
11-10 16:58:16.080  1458  9691 I BatteryStatsService: In wakeup_callback: resumed from suspend
11-10 16:58:16.294  1458  9691 I BatteryStatsService: In wakeup_callback: suspend aborted
11-10 16:58:17.486  2854  2854 D wpa_supplicant: nl80211: Event message available
11-10 16:58:17.487  2854  2854 D wpa_supplicant: nl80211: Drv Event 79 (NL80211_CMD_SET_REKEY_OFFLOAD) received for wlan0
11-10 16:58:17.487  2854  2854 D wpa_supplicant: nl80211: Rekey offload event for BSSID e8:65:d4:25:e6:a1
11-10 16:58:17.487  2854  2854 D wpa_supplicant: nl80211: Rekey offload - Replay Counter - hexdump(len=8): 00 00 00 00 00 00 00 01
11-10 16:58:17.487  2854  2854 D wpa_supplicant: wlan0: Event DRIVER_GTK_REKEY (34) received
11-10 16:58:17.527  1458  9691 I BatteryStatsService: In wakeup_callback: resumed from suspend
11-10 16:58:17.739  1458  9691 I BatteryStatsService: In wakeup_callback: suspend aborted
11-10 16:58:19.013  2854  2854 D wpa_supplicant: nl80211: Event message available
11-10 16:58:19.013  2854  2854 D wpa_supplicant: nl80211: Drv Event 79 (NL80211_CMD_SET_REKEY_OFFLOAD) received for wlan0
11-10 16:58:19.013  2854  2854 D wpa_supplicant: nl80211: Rekey offload event for BSSID e8:65:d4:25:e6:a1
11-10 16:58:19.013  2854  2854 D wpa_supplicant: nl80211: Rekey offload - Replay Counter - hexdump(len=8): 00 00 00 00 00 00 00 01
11-10 16:58:19.013  2854  2854 D wpa_supplicant: wlan0: Event DRIVER_GTK_REKEY (34) received
11-10 16:58:19.043  1458  9691 I BatteryStatsService: In wakeup_callback: resumed from suspend
11-10 16:58:20.229  2854  2854 D wpa_supplicant: nl80211: Event message available
11-10 16:58:20.229  2854  2854 D wpa_supplicant: nl80211: Drv Event 79 (NL80211_CMD_SET_REKEY_OFFLOAD) received for wlan0
11-10 16:58:20.229  2854  2854 D wpa_supplicant: nl80211: Rekey offload event for BSSID e8:65:d4:25:e6:a1
11-10 16:58:20.229  2854  2854 D wpa_supplicant: nl80211: Rekey offload - Replay Counter - hexdump(len=8): 00 00 00 00 00 00 00 01
11-10 16:58:20.229  2854  2854 D wpa_supplicant: wlan0: Event DRIVER_GTK_REKEY (34) received
11-10 16:58:20.276  1458  9691 I BatteryStatsService: In wakeup_callback: resumed from suspend
11-10 16:58:21.379  2854  2854 D wpa_supplicant: nl80211: Event message available
11-10 16:58:21.380  2854  2854 D wpa_supplicant: nl80211: Drv Event 79 (NL80211_CMD_SET_REKEY_OFFLOAD) received for wlan0
11-10 16:58:21.380  2854  2854 D wpa_supplicant: nl80211: Rekey offload event for BSSID e8:65:d4:25:e6:a1
11-10 16:58:21.380  2854  2854 D wpa_supplicant: nl80211: Rekey offload - Replay Counter - hexdump(len=8): 00 00 00 00 00 00 00 01
11-10 16:58:21.380  2854  2854 D wpa_supplicant: wlan0: Event DRIVER_GTK_REKEY (34) received
11-10 16:58:21.438  1458  9691 I BatteryStatsService: In wakeup_callback: resumed from suspend
11-10 16:58:22.597  2854  2854 D wpa_supplicant: nl80211: Event message available
11-10 16:58:22.597  2854  2854 D wpa_supplicant: nl80211: Drv Event 79 (NL80211_CMD_SET_REKEY_OFFLOAD) received for wlan0
11-10 16:58:22.598  2854  2854 D wpa_supplicant: nl80211: Rekey offload event for BSSID e8:65:d4:25:e6:a1
11-10 16:58:22.598  2854  2854 D wpa_supplicant: nl80211: Rekey offload - Replay Counter - hexdump(len=8): 00 00 00 00 00 00 00 01
11-10 16:58:22.598  2854  2854 D wpa_supplicant: wlan0: Event DRIVER_GTK_REKEY (34) received
11-10 16:58:22.637  1458  9691 I BatteryStatsService: In wakeup_callback: resumed from suspend
11-10 16:58:23.935  2854  2854 D wpa_supplicant: nl80211: Event message available
11-10 16:58:23.935  2854  2854 D wpa_supplicant: nl80211: Drv Event 79 (NL80211_CMD_SET_REKEY_OFFLOAD) received for wlan0
11-10 16:58:23.936  2854  2854 D wpa_supplicant: nl80211: Rekey offload event for BSSID e8:65:d4:25:e6:a1
11-10 16:58:23.936  2854  2854 D wpa_supplicant: nl80211: Rekey offload - Replay Counter - hexdump(len=8): 00 00 00 00 00 00 00 01
11-10 16:58:23.936  2854  2854 D wpa_supplicant: wlan0: Event DRIVER_GTK_REKEY (34) received
11-10 16:58:23.993  1458  9691 I BatteryStatsService: In wakeup_callback: resumed from suspend
11-10 16:58:25.146  2854  2854 D wpa_supplicant: nl80211: Event message available
11-10 16:58:25.147  2854  2854 D wpa_supplicant: nl80211: Drv Event 79 (NL80211_CMD_SET_REKEY_OFFLOAD) received for wlan0
11-10 16:58:25.147  2854  2854 D wpa_supplicant: nl80211: Rekey offload event for BSSID e8:65:d4:25:e6:a1
11-10 16:58:25.147  2854  2854 D wpa_supplicant: nl80211: Rekey offload - Replay Counter - hexdump(len=8): 00 00 00 00 00 00 00 01
11-10 16:58:25.147  2854  2854 D wpa_supplicant: wlan0: Event DRIVER_GTK_REKEY (34) received
11-10 16:58:25.176  1458  9691 I BatteryStatsService: In wakeup_callback: resumed from suspend
11-10 16:58:26.374  2854  2854 D wpa_supplicant: nl80211: Event message available
11-10 16:58:26.374  2854  2854 D wpa_supplicant: nl80211: Drv Event 79 (NL80211_CMD_SET_REKEY_OFFLOAD) received for wlan0
11-10 16:58:26.374  2854  2854 D wpa_supplicant: nl80211: Rekey offload event for BSSID e8:65:d4:25:e6:a1
11-10 16:58:26.374  2854  2854 D wpa_supplicant: nl80211: Rekey offload - Replay Counter - hexdump(len=8): 00 00 00 00 00 00 00 01
11-10 16:58:26.374  2854  2854 D wpa_supplicant: wlan0: Event DRIVER_GTK_REKEY (34) received
11-10 16:58:26.419  1458  9691 I BatteryStatsService: In wakeup_callback: resumed from suspend
11-10 16:58:27.605  2854  2854 D wpa_supplicant: nl80211: Event message available
11-10 16:58:27.606  2854  2854 D wpa_supplicant: nl80211: Drv Event 79 (NL80211_CMD_SET_REKEY_OFFLOAD) received for wlan0
11-10 16:58:27.606  2854  2854 D wpa_supplicant: nl80211: Rekey offload event for BSSID e8:65:d4:25:e6:a1
11-10 16:58:27.606  2854  2854 D wpa_supplicant: nl80211: Rekey offload - Replay Counter - hexdump(len=8): 00 00 00 00 00 00 00 01
11-10 16:58:27.606  2854  2854 D wpa_supplicant: wlan0: Event DRIVER_GTK_REKEY (34) received
11-10 16:58:27.629  1458  9691 I BatteryStatsService: In wakeup_callback: resumed from suspend
11-10 16:58:28.833  2854  2854 D wpa_supplicant: nl80211: Event message available
11-10 16:58:28.834  2854  2854 D wpa_supplicant: nl80211: Drv Event 79 (NL80211_CMD_SET_REKEY_OFFLOAD) received for wlan0
11-10 16:58:28.834  2854  2854 D wpa_supplicant: nl80211: Rekey offload event for BSSID e8:65:d4:25:e6:a1
11-10 16:58:28.835  2854  2854 D wpa_supplicant: nl80211: Rekey offload - Replay Counter - hexdump(len=8): 00 00 00 00 00 00 00 01
11-10 16:58:28.835  2854  2854 D wpa_supplicant: wlan0: Event DRIVER_GTK_REKEY (34) received
11-10 16:58:28.871  1458  9691 I BatteryStatsService: In wakeup_callback: resumed from suspend
11-10 16:58:30.061  2854  2854 D wpa_supplicant: nl80211: Event message available
11-10 16:58:30.061  2854  2854 D wpa_supplicant: nl80211: Drv Event 79 (NL80211_CMD_SET_REKEY_OFFLOAD) received for wlan0
11-10 16:58:30.061  2854  2854 D wpa_supplicant: nl80211: Rekey offload event for BSSID e8:65:d4:25:e6:a1
11-10 16:58:30.061  2854  2854 D wpa_supplicant: nl80211: Rekey offload - Replay Counter - hexdump(len=8): 00 00 00 00 00 00 00 01
11-10 16:58:30.061  2854  2854 D wpa_supplicant: wlan0: Event DRIVER_GTK_REKEY (34) received
11-10 16:58:30.094  1458  9691 I BatteryStatsService: In wakeup_callback: resumed from suspend
11-10 16:58:31.299  2854  2854 D wpa_supplicant: nl80211: Event message available
11-10 16:58:31.300  2854  2854 D wpa_supplicant: nl80211: Drv Event 79 (NL80211_CMD_SET_REKEY_OFFLOAD) received for wlan0
11-10 16:58:31.300  2854  2854 D wpa_supplicant: nl80211: Rekey offload event for BSSID e8:65:d4:25:e6:a1
11-10 16:58:31.300  2854  2854 D wpa_supplicant: nl80211: Rekey offload - Replay Counter - hexdump(len=8): 00 00 00 00 00 00 00 01
11-10 16:58:31.300  2854  2854 D wpa_supplicant: wlan0: Event DRIVER_GTK_REKEY (34) received
11-10 16:58:31.334  1458  9691 I BatteryStatsService: In wakeup_callback: resumed from suspend
11-10 16:58:32.528  2854  2854 D wpa_supplicant: nl80211: Event message available
11-10 16:58:32.529  2854  2854 D wpa_supplicant: nl80211: Drv Event 79 (NL80211_CMD_SET_REKEY_OFFLOAD) received for wlan0
11-10 16:58:32.529  2854  2854 D wpa_supplicant: nl80211: Rekey offload event for BSSID e8:65:d4:25:e6:a1
11-10 16:58:32.529  2854  2854 D wpa_supplicant: nl80211: Rekey offload - Replay Counter - hexdump(len=8): 00 00 00 00 00 00 00 01
11-10 16:58:32.529  2854  2854 D wpa_supplicant: wlan0: Event DRIVER_GTK_REKEY (34) received
11-10 16:58:32.566  1458  9691 I BatteryStatsService: In wakeup_callback: resumed from suspend
11-10 16:58:32.768  1458  9691 I BatteryStatsService: In wakeup_callback: suspend aborted
11-10 16:58:34.077  2854  2854 D wpa_supplicant: nl80211: Event message available
11-10 16:58:34.077  2854  2854 D wpa_supplicant: nl80211: Drv Event 79 (NL80211_CMD_SET_REKEY_OFFLOAD) received for wlan0
11-10 16:58:34.077  2854  2854 D wpa_supplicant: nl80211: Rekey offload event for BSSID e8:65:d4:25:e6:a1
11-10 16:58:34.077  2854  2854 D wpa_supplicant: nl80211: Rekey offload - Replay Counter - hexdump(len=8): 00 00 00 00 00 00 00 01
11-10 16:58:34.077  2854  2854 D wpa_supplicant: wlan0: Event DRIVER_GTK_REKEY (34) received
11-10 16:58:34.131  1458  9691 I BatteryStatsService: In wakeup_callback: resumed from suspend
11-10 16:58:35.282  2854  2854 D wpa_supplicant: nl80211: Event message available
11-10 16:58:35.283  2854  2854 D wpa_supplicant: nl80211: Drv Event 79 (NL80211_CMD_SET_REKEY_OFFLOAD) received for wlan0
11-10 16:58:35.283  2854  2854 D wpa_supplicant: nl80211: Rekey offload event for BSSID e8:65:d4:25:e6:a1
11-10 16:58:35.283  2854  2854 D wpa_supplicant: nl80211: Rekey offload - Replay Counter - hexdump(len=8): 00 00 00 00 00 00 00 01
11-10 16:58:35.283  2854  2854 D wpa_supplicant: wlan0: Event DRIVER_GTK_REKEY (34) received
11-10 16:58:35.332  1458  9691 I BatteryStatsService: In wakeup_callback: resumed from suspend
11-10 16:58:36.526  2854  2854 D wpa_supplicant: nl80211: Event message available
11-10 16:58:36.533  2854  2854 D wpa_supplicant: nl80211: Drv Event 79 (NL80211_CMD_SET_REKEY_OFFLOAD) received for wlan0
11-10 16:58:36.533  2854  2854 D wpa_supplicant: nl80211: Rekey offload event for BSSID e8:65:d4:25:e6:a1
11-10 16:58:36.533  2854  2854 D wpa_supplicant: nl80211: Rekey offload - Replay Counter - hexdump(len=8): 00 00 00 00 00 00 00 01
11-10 16:58:36.533  2854  2854 D wpa_supplicant: wlan0: Event DRIVER_GTK_REKEY (34) received
11-10 16:58:36.580  1458  9691 I BatteryStatsService: In wakeup_callback: resumed from suspend
11-10 16:58:37.741  2854  2854 D wpa_supplicant: nl80211: Event message available
11-10 16:58:37.742  2854  2854 D wpa_supplicant: nl80211: Drv Event 79 (NL80211_CMD_SET_REKEY_OFFLOAD) received for wlan0
11-10 16:58:37.742  2854  2854 D wpa_supplicant: nl80211: Rekey offload event for BSSID e8:65:d4:25:e6:a1
11-10 16:58:37.742  2854  2854 D wpa_supplicant: nl80211: Rekey offload - Replay Counter - hexdump(len=8): 00 00 00 00 00 00 00 01
11-10 16:58:37.742  2854  2854 D wpa_supplicant: wlan0: Event DRIVER_GTK_REKEY (34) received
11-10 16:58:37.786  1458  9691 I BatteryStatsService: In wakeup_callback: resumed from suspend
11-10 16:58:38.978  2854  2854 D wpa_supplicant: nl80211: Event message available
11-10 16:58:38.978  2854  2854 D wpa_supplicant: nl80211: Drv Event 79 (NL80211_CMD_SET_REKEY_OFFLOAD) received for wlan0
11-10 16:58:38.978  2854  2854 D wpa_supplicant: nl80211: Rekey offload event for BSSID e8:65:d4:25:e6:a1
11-10 16:58:38.978  2854  2854 D wpa_supplicant: nl80211: Rekey offload - Replay Counter - hexdump(len=8): 00 00 00 00 00 00 00 01
11-10 16:58:38.978  2854  2854 D wpa_supplicant: wlan0: Event DRIVER_GTK_REKEY (34) received
11-10 16:58:39.018  1458  9691 I BatteryStatsService: In wakeup_callback: resumed from suspend
11-10 16:58:40.217  2854  2854 D wpa_supplicant: nl80211: Event message available
11-10 16:58:40.217  2854  2854 D wpa_supplicant: nl80211: Drv Event 79 (NL80211_CMD_SET_REKEY_OFFLOAD) received for wlan0
11-10 16:58:40.217  2854  2854 D wpa_supplicant: nl80211: Rekey offload event for BSSID e8:65:d4:25:e6:a1
11-10 16:58:40.218  2854  2854 D wpa_supplicant: nl80211: Rekey offload - Replay Counter - hexdump(len=8): 00 00 00 00 00 00 00 01
11-10 16:58:40.218  2854  2854 D wpa_supplicant: wlan0: Event DRIVER_GTK_REKEY (34) received
11-10 16:58:40.261  1458  9691 I BatteryStatsService: In wakeup_callback: resumed from suspend
11-10 16:58:41.438  2854  2854 D wpa_supplicant: nl80211: Event message available
11-10 16:58:41.439  2854  2854 D wpa_supplicant: nl80211: Drv Event 79 (NL80211_CMD_SET_REKEY_OFFLOAD) received for wlan0
11-10 16:58:41.439  2854  2854 D wpa_supplicant: nl80211: Rekey offload event for BSSID e8:65:d4:25:e6:a1
11-10 16:58:41.439  2854  2854 D wpa_supplicant: nl80211: Rekey offload - Replay Counter - hexdump(len=8): 00 00 00 00 00 00 00 01
11-10 16:58:41.439  2854  2854 D wpa_supplicant: wlan0: Event DRIVER_GTK_REKEY (34) received
11-10 16:58:41.472  1458  9691 I BatteryStatsService: In wakeup_callback: resumed from suspend
11-10 16:58:42.673  2854  2854 D wpa_supplicant: nl80211: Event message available
11-10 16:58:42.673  2854  2854 D wpa_supplicant: nl80211: Drv Event 79 (NL80211_CMD_SET_REKEY_OFFLOAD) received for wlan0
11-10 16:58:42.673  2854  2854 D wpa_supplicant: nl80211: Rekey offload event for BSSID e8:65:d4:25:e6:a1
11-10 16:58:42.673  2854  2854 D wpa_supplicant: nl80211: Rekey offload - Replay Counter - hexdump(len=8): 00 00 00 00 00 00 00 01
11-10 16:58:42.673  2854  2854 D wpa_supplicant: wlan0: Event DRIVER_GTK_REKEY (34) received
11-10 16:58:42.707  1458  9691 I BatteryStatsService: In wakeup_callback: resumed from suspend
11-10 16:58:43.887  2854  2854 D wpa_supplicant: nl80211: Event message available
11-10 16:58:43.887  2854  2854 D wpa_supplicant: nl80211: Drv Event 79 (NL80211_CMD_SET_REKEY_OFFLOAD) received for wlan0
11-10 16:58:43.887  2854  2854 D wpa_supplicant: nl80211: Rekey offload event for BSSID e8:65:d4:25:e6:a1
11-10 16:58:43.887  2854  2854 D wpa_supplicant: nl80211: Rekey offload - Replay Counter - hexdump(len=8): 00 00 00 00 00 00 00 01
11-10 16:58:43.887  2854  2854 D wpa_supplicant: wlan0: Event DRIVER_GTK_REKEY (34) received
11-10 16:58:43.931  1458  9691 I BatteryStatsService: In wakeup_callback: resumed from suspend
11-10 16:58:45.121  2854  2854 D wpa_supplicant: nl80211: Event message available
11-10 16:58:45.122  2854  2854 D wpa_supplicant: nl80211: Drv Event 79 (NL80211_CMD_SET_REKEY_OFFLOAD) received for wlan0
11-10 16:58:45.122  2854  2854 D wpa_supplicant: nl80211: Rekey offload event for BSSID e8:65:d4:25:e6:a1
11-10 16:58:45.122  2854  2854 D wpa_supplicant: nl80211: Rekey offload - Replay Counter - hexdump(len=8): 00 00 00 00 00 00 00 01
11-10 16:58:45.122  2854  2854 D wpa_supplicant: wlan0: Event DRIVER_GTK_REKEY (34) received
11-10 16:58:45.161  1458  9691 I BatteryStatsService: In wakeup_callback: resumed from suspend
11-10 16:58:46.352  2854  2854 D wpa_supplicant: nl80211: Event message available
11-10 16:58:46.355  2854  2854 D wpa_supplicant: nl80211: Drv Event 79 (NL80211_CMD_SET_REKEY_OFFLOAD) received for wlan0
11-10 16:58:46.355  2854  2854 D wpa_supplicant: nl80211: Rekey offload event for BSSID e8:65:d4:25:e6:a1
11-10 16:58:46.355  2854  2854 D wpa_supplicant: nl80211: Rekey offload - Replay Counter - hexdump(len=8): 00 00 00 00 00 00 00 01
11-10 16:58:46.355  2854  2854 D wpa_supplicant: wlan0: Event DRIVER_GTK_REKEY (34) received
11-10 16:58:46.381  1458  9691 I BatteryStatsService: In wakeup_callback: resumed from suspend
11-10 16:58:47.580  2854  2854 D wpa_supplicant: nl80211: Event message available
11-10 16:58:47.580  2854  2854 D wpa_supplicant: nl80211: Drv Event 79 (NL80211_CMD_SET_REKEY_OFFLOAD) received for wlan0
11-10 16:58:47.580  2854  2854 D wpa_supplicant: nl80211: Rekey offload event for BSSID e8:65:d4:25:e6:a1
11-10 16:58:47.580  2854  2854 D wpa_supplicant: nl80211: Rekey offload - Replay Counter - hexdump(len=8): 00 00 00 00 00 00 00 01
11-10 16:58:47.580  2854  2854 D wpa_supplicant: wlan0: Event DRIVER_GTK_REKEY (34) received
11-10 16:58:47.610  1458  9691 I BatteryStatsService: In wakeup_callback: resumed from suspend
11-10 16:58:47.809  1458  9691 I BatteryStatsService: In wakeup_callback: suspend aborted
11-10 16:58:48.912  2854  2854 D wpa_supplicant: nl80211: Event message available
11-10 16:58:48.913  2854  2854 D wpa_supplicant: nl80211: Drv Event 79 (NL80211_CMD_SET_REKEY_OFFLOAD) received for wlan0
11-10 16:58:48.913  2854  2854 D wpa_supplicant: nl80211: Rekey offload event for BSSID e8:65:d4:25:e6:a1
11-10 16:58:48.913  2854  2854 D wpa_supplicant: nl80211: Rekey offload - Replay Counter - hexdump(len=8): 00 00 00 00 00 00 00 01
11-10 16:58:48.913  2854  2854 D wpa_supplicant: wlan0: Event DRIVER_GTK_REKEY (34) received
11-10 16:58:48.947  1458  9691 I BatteryStatsService: In wakeup_callback: resumed from suspend
11-10 16:58:49.199  2854  2854 D wpa_supplicant: nl80211: Event message available
11-10 16:58:49.199  2854  2854 D wpa_supplicant: nl80211: Drv Event 79 (NL80211_CMD_SET_REKEY_OFFLOAD) received for wlan0
11-10 16:58:49.199  2854  2854 D wpa_supplicant: nl80211: Rekey offload event for BSSID e8:65:d4:25:e6:a1
11-10 16:58:49.199  2854  2854 D wpa_supplicant: nl80211: Rekey offload - Replay Counter - hexdump(len=8): 00 00 00 00 00 00 00 01
11-10 16:58:49.199  2854  2854 D wpa_supplicant: wlan0: Event DRIVER_GTK_REKEY (34) received
11-10 16:58:49.232  1458  9691 I BatteryStatsService: In wakeup_callback: suspend aborted
11-10 16:58:49.683  5375  5375 W ThreadPoolForeg: type=1400 audit(0.0:1757): avc: denied { write } for name="traced_producer" dev="tmpfs" ino=982 scontext=u:r:gmscore_app:s0:c512,c768 tcontext=u:object_r:traced_producer_socket:s0 tclass=sock_file permissive=0 app=com.google.android.gms
11-10 16:58:51.073   903   903 D vendor.qti.bluetooth@1.0-ibs_handler: SerialClockVote: vote for UART CLK ON
11-10 16:58:51.082   903   903 D vendor.qti.bluetooth@1.0-uart_transport: ClockOperation: USERIAL_OP_CLK_ON - after sys fs write-ret:4
11-10 16:58:51.083   903   903 D vendor.qti.bluetooth@1.0-wake_lock: Acquire wakelock is acquired 
11-10 16:58:51.083   903   903 I vendor.qti.bluetooth@1.0-ibs_handler: DeviceWakeUp: Writing IBS_WAKE_IND
11-10 16:58:51.090   903  2502 I vendor.qti.bluetooth@1.0-ibs_handler: ProcessIbsCmd: Received IBS_WAKE_ACK: 0xFC
11-10 16:58:51.090   903  2502 I vendor.qti.bluetooth@1.0-ibs_handler: ProcessIbsCmd: Signal wack_cond_
