--------- beginning of crash
11-10 11:02:09.323  2344  2344 F libc    : Fatal signal 6 (SIGABRT), code -1 (SI_QUEUE) in tid 2344 (init), pid 2344 (init)
11-10 11:02:10.387  2344  2344 F libc    : crash_dump helper failed to exec, or was killed
--------- beginning of system
11-10 16:34:37.279  1458  1483 I DisplayDeviceRepository: Display device changed state: "Built-in Screen", ON
11-10 16:34:37.287  1900  1900 V DreamService[AmbientDream]: wakeUp(): fromSystem=true, mWaking=false, mFinished=false
11-10 16:34:37.287  1900  1900 V DreamService[AmbientDream]: finish(): mFinished=false
11-10 16:34:37.289  1458  1883 I DreamManagerService: Leaving dreamland.
11-10 16:34:37.290  1458  1480 I DreamManagerService: Performing gentle wake from dream.
11-10 16:34:37.291  1458  1480 I DreamController: Stopping dream: name=ComponentInfo{com.google.android.apps.wearable.systemui/com.google.android.clockwork.systemui.ambient.AmbientDream}, isPreviewMode=false, canDoze=true, userId=0, reason='finished self'(from 'requested stopDream')
11-10 16:34:37.292  1900  1900 V DreamService[AmbientDream]: detach(): Calling onDreamingStopped()
11-10 16:34:37.300  1900  1900 V DreamService[AmbientDream]: finish(): mFinished=true
11-10 16:34:37.301  1900  1900 V DreamService[AmbientDream]: onDestroy()
11-10 16:34:37.301  1900  1900 V DreamService[AmbientDream]: finish(): mFinished=true
11-10 16:34:37.413  1458  1520 D AutomaticBrightnessController: updateAutoBrightness: mAmbientLux=39.0625, mScreenAutoBrightness=0.37943277, newScreenAutoBrightness=0.37943277, mEyeAdjustedScreenAutoBrightness=NaN
11-10 16:34:37.415  1458  1520 V DisplayPowerController[0]: Brightness [0.37943277] reason changing to: 'automatic', previous reason: 'manual'.
11-10 16:34:37.415  1458  1520 I DisplayPowerController[0]: BrightnessEvent: disp=0, brt=0.37943277, rcmdBrt=0.37943277, preBrt=NaN, lux=39.0625, lstObsLux=39.0625, preLux=NaN, hbmMax=1.0, hbmMode=off, thrmMax=1.0, flags=, reason=automatic
11-10 16:34:37.416  1458  1740 D LocalDisplayAdapter: setDisplayBrightness(id=4630946403839387521, brightnessState=0.3794327, sdrBrightnessState=0.3794327)
11-10 16:34:37.417  1458  1458 I BrightnessSynchronizer: [145] New Update 0.37943277(f) set brightness values:  97(i)
11-10 16:34:37.418  1458  1458 I BrightnessSynchronizer: Swallowing update of 97(i) by update: {[145] 0.37943277(f), mUpdatedTypes=1, mConfirmedTypes=1, mTimeUpdated=17645505}
11-10 16:34:37.418  1458  1458 I BrightnessSynchronizer: Completed Update: {[145] 0.37943277(f), mUpdatedTypes=1, mConfirmedTypes=1, mTimeUpdated=17645505}
11-10 16:34:37.550  1458  1879 W JobScheduler: Job didn't exist in JobStore: 9511ac4 #1000/1000895 com.google.wear.services/.complications.ComplicationRequesterJobService
11-10 16:34:39.749  1458  1520 D AutomaticBrightnessController: updateAutoBrightness: mAmbientLux=43.721794, mScreenAutoBrightness=0.39070725, newScreenAutoBrightness=0.39070725, mEyeAdjustedScreenAutoBrightness=NaN
11-10 16:34:39.751  1458  1520 I DisplayPowerController[0]: BrightnessEvent: disp=0, brt=0.39070725, rcmdBrt=0.39070725, preBrt=0.37943277, lux=43.721794, lstObsLux=47.99125, preLux=39.0625, hbmMax=1.0, hbmMode=off, thrmMax=1.0, flags=, reason=automatic
11-10 16:34:39.757  1458  1458 I BrightnessSynchronizer: [147] New Update 0.39070725(f) set brightness values:  100(i)
11-10 16:34:39.757  1458  1458 I BrightnessSynchronizer: New PendingUpdate: {[148] 0.39070725(f), mUpdatedTypes=0, mConfirmedTypes=0, mTimeUpdated=0}, prev=null
11-10 16:34:39.758  1458  1458 I BrightnessSynchronizer: Swallowing update of 100(i) by update: {[147] 0.39070725(f), mUpdatedTypes=1, mConfirmedTypes=1, mTimeUpdated=17647845}
11-10 16:34:39.758  1458  1458 I BrightnessSynchronizer: Completed Update: {[147] 0.39070725(f), mUpdatedTypes=1, mConfirmedTypes=1, mTimeUpdated=17647845}
11-10 16:34:39.765  1458  1740 D LocalDisplayAdapter: setDisplayBrightness(id=4630946403839387521, brightnessState=0.38281587, sdrBrightnessState=0.3827622)
11-10 16:34:39.781  1458  1740 D LocalDisplayAdapter: setDisplayBrightness(id=4630946403839387521, brightnessState=0.3870403, sdrBrightnessState=0.38698593)
11-10 16:34:39.807  1458  1740 D LocalDisplayAdapter: setDisplayBrightness(id=4630946403839387521, brightnessState=0.39070734, sdrBrightnessState=0.39070734)
11-10 16:34:39.897  1458  1458 I ActivityTaskManager: START u0 {act=android.intent.action.MAIN cat=[android.intent.category.HOME] flg=0x10000100 cmp=com.mobvoi.wear.refsysui/com.google.android.clockwork.sysui.mainui.activity.SysUiActivity (has extras)} from uid 0
11-10 16:34:39.910  1458  1690 I ActivityTaskManager: START u0 {flg=0x10000000 cmp=com.mobvoi.wear.refsysui/com.google.android.clockwork.sysui.experiences.globallauncher.AllAppsLauncherActivity (has extras)} from uid 10016
11-10 16:34:39.936  1458  1690 W ActivityTaskManager: Tried to set launchTime (0) < mLastActivityLaunchTime (17551256)
11-10 16:34:39.953  1458  1489 W BroadcastQueue: Background execution not allowed: receiving Intent { act=android.os.UpdateLock.UPDATE_LOCK_CHANGED flg=0x4000010 (has extras) } to com.google.android.gms/.chimera.GmsIntentOperationService$PersistentTrustedReceiver
11-10 16:34:39.985  1458  1474 W WindowManager: Failed looking up window session=Session{2cb30f4 1758:u0a10016} callers=com.android.server.wm.WindowManagerService.windowForClientLocked:5953 com.android.server.wm.Session.updateRequestedVisibilities:705 android.view.IWindowSession$Stub.onTransact:1096 
11-10 16:34:39.990  1458  5239 D CoreBackPreview: Window{9f32dea u0 com.mobvoi.wear.refsysui/com.google.android.clockwork.sysui.experiences.globallauncher.AllAppsLauncherActivity}: Setting back callback OnBackInvokedCallbackInfo{mCallback=android.window.IOnBackInvokedCallback$Stub$Proxy@44caf78, mPriority=0}
11-10 16:34:40.065  1458  1484 I WindowManager: Screen frozen for +25ms due to client
11-10 16:34:41.288  1458  1458 D WindowManager: powerPress: eventTime=17648958 interactive=true count=1 beganFromNonInteractive=false beganFromDefaultDisplayOn=true mShortPressOnPowerBehavior=10
11-10 16:34:41.294  1458  1458 I ActivityTaskManager: START u0 {act=android.intent.action.ALL_APPS flg=0x10200000 cmp=com.mobvoi.wear.refsysui/com.google.android.clockwork.sysui.experiences.globallauncher.RecentsActivity} from uid 1000
11-10 16:34:41.400  1458  1484 I WindowManager: Screen frozen for +25ms due to client
11-10 16:34:42.251  1458  1474 D CoreBackPreview: Window{cfdd4aa u0 Splash Screen com.google.android.apps.wearable.settings}: Setting back callback OnBackInvokedCallbackInfo{mCallback=android.window.IOnBackInvokedCallback$Stub$Proxy@6e01377, mPriority=0}
11-10 16:34:42.256  1458  1879 W AdbDebuggingManager: Ignoring tag 'keyStore'. Not recognized.
11-10 16:34:42.262  1458  1483 W ProcessStats: Tracking association SourceState{d47643d system/1000 BTopFgs #37132} whose proc state 2 is better than process ProcessState{4d796e7 com.mobvoi.wear.refsysui/10016 pkg=com.mobvoi.wear.refsysui} proc state 3 (41 skipped)
11-10 16:34:42.333  1458  1484 I WindowManager: Screen frozen for +27ms due to client
11-10 16:34:42.393  1458  8403 D CoreBackPreview: Window{cfdd4aa u0 Splash Screen com.google.android.apps.wearable.settings EXITING}: Setting back callback null
11-10 16:34:42.858  1458  5239 D CoreBackPreview: Window{fb4c51a u0 com.mobvoi.wear.refsysui/com.google.android.clockwork.sysui.experiences.globallauncher.RecentsActivity}: Setting back callback null
11-10 16:34:45.302  1458  1690 I ActivityTaskManager: START u0 {act=android.intent.action.MAIN cmp=com.google.android.apps.wearable.settings/com.google.android.clockwork.settings.common.InternalSettingsPreferenceActivity (has extras)} from uid 1000
11-10 16:34:45.328  1458  1690 W ActivityTaskManager: Tried to set launchTime (0) < mLastActivityLaunchTime (17604324)
11-10 16:34:45.376  1458  1690 W WindowManager: Failed looking up window session=Session{9f75ae8 7966:1000} callers=com.android.server.wm.WindowManagerService.windowForClientLocked:5953 com.android.server.wm.Session.updateRequestedVisibilities:705 android.view.IWindowSession$Stub.onTransact:1096 
11-10 16:34:45.381  1458  1690 D CoreBackPreview: Window{5231a09 u0 com.google.android.apps.wearable.settings/com.google.android.clockwork.settings.common.InternalSettingsPreferenceActivity}: Setting back callback OnBackInvokedCallbackInfo{mCallback=android.window.IOnBackInvokedCallback$Stub$Proxy@89d2e2f, mPriority=0}
11-10 16:34:53.239  1458  1690 W ProcessStats: Tracking association SourceState{60d4f4f com.google.android.wearable.media.sessions/10079 BTopFgs #37157} whose proc state 2 is better than process ProcessState{1d0830f com.google.android.gms.persistent/10062 pkg=com.google.android.gms} proc state 3 (34 skipped)
11-10 16:34:57.579  1458  1690 W JobScheduler: Job didn't exist in JobStore: a3d8d04 #1000/1000896 com.google.wear.services/.complications.ComplicationRequesterJobService
11-10 16:35:16.629  1458  1520 I PowerGroup: Powering off display group due to timeout (groupId= 0, uid= 1000)...
11-10 16:35:16.630  1458  1520 I PowerManagerService: Going to sleep due to timeout (uid 1000)...
11-10 16:35:16.635  1458  1520 I DreamManagerService: Entering dreamland.
11-10 16:35:16.645  1458  1520 I PowerManagerService: Dozing...
11-10 16:35:16.649  1458  1458 W ProcessStats: Tracking association SourceState{60d4f4f com.google.android.wearable.media.sessions/10079 BTopFgs #37192} whose proc state 2 is better than process ProcessState{1d0830f com.google.android.gms.persistent/10062 pkg=com.google.android.gms} proc state 3 (30 skipped)
11-10 16:35:16.652  1458  1480 I DreamController: Starting dream: name=ComponentInfo{com.google.android.apps.wearable.systemui/com.google.android.clockwork.systemui.ambient.AmbientDream}, isPreviewMode=false, canDoze=true, userId=0
11-10 16:35:16.658  1900  1900 V DreamService[AmbientDream]: onBind() intent = Intent { act=android.service.dreams.DreamService flg=0x800000 cmp=com.google.android.apps.wearable.systemui/com.google.android.clockwork.systemui.ambient.AmbientDream (has extras) }
11-10 16:35:16.661  1458  1520 I DisplayPowerController[0]: Blocking screen off
11-10 16:35:16.662  1458  1520 I DisplayPowerController[0]: Unblocked screen off after 0 ms
11-10 16:35:16.670  1458  1520 D ActivityTaskManager: Top Process State changed to PROCESS_STATE_TOP_SLEEPING
11-10 16:35:16.682  1458  1520 V DisplayPowerController[0]: Brightness [0.0] reason changing to: 'screen_off', previous reason: 'automatic'.
11-10 16:35:16.682  1458  1520 I DisplayPowerController[0]: BrightnessEvent: disp=0, brt=0.0, rcmdBrt=NaN, preBrt=NaN, lux=0.0, lstObsLux=0.0, preLux=0.0, hbmMax=1.0, hbmMode=off, thrmMax=1.0, flags=, reason=screen_off
11-10 16:35:16.682  1458  1740 D LocalDisplayAdapter: setDisplayBrightness(id=4630946403839387521, brightnessState=-1.0, sdrBrightnessState=-1.0)
11-10 16:35:16.684  1458  1483 I DisplayDeviceRepository: Display device changed state: "Built-in Screen", OFF
11-10 16:35:16.708  1458  1740 D LocalDisplayAdapter: setDisplayState(id=4630946403839387521, state=OFF)
11-10 16:35:16.937  1458  1483 I DisplayDeviceRepository: Display device changed state: "Built-in Screen", OFF
11-10 16:38:10.547  1458  1498 V BatteryExternalStatsWorker: WiFi energy data was reset, new WiFi energy data is WifiActivityEnergyInfo{ mTimeSinceBootMillis=20210977 mStackState=3 mControllerTxDurationMillis=0 mControllerRxDurationMillis=0 mControllerScanDurationMillis=0 mControllerIdleDurationMillis=0 mControllerEnergyUsedMicroJoules=0 }
11-10 16:38:30.207  1458  1498 V BatteryExternalStatsWorker: WiFi energy data was reset, new WiFi energy data is WifiActivityEnergyInfo{ mTimeSinceBootMillis=20230637 mStackState=3 mControllerTxDurationMillis=0 mControllerRxDurationMillis=0 mControllerScanDurationMillis=0 mControllerIdleDurationMillis=0 mControllerEnergyUsedMicroJoules=0 }
11-10 16:38:47.867  1458  1498 V BatteryExternalStatsWorker: WiFi energy data was reset, new WiFi energy data is WifiActivityEnergyInfo{ mTimeSinceBootMillis=20248298 mStackState=3 mControllerTxDurationMillis=0 mControllerRxDurationMillis=0 mControllerScanDurationMillis=0 mControllerIdleDurationMillis=0 mControllerEnergyUsedMicroJoules=0 }
11-10 16:38:48.013  1458  1498 V BatteryExternalStatsWorker: WiFi energy data was reset, new WiFi energy data is WifiActivityEnergyInfo{ mTimeSinceBootMillis=20248443 mStackState=3 mControllerTxDurationMillis=0 mControllerRxDurationMillis=0 mControllerScanDurationMillis=0 mControllerIdleDurationMillis=0 mControllerEnergyUsedMicroJoules=0 }
11-10 16:40:49.067  1458  1498 V BatteryExternalStatsWorker: WiFi energy data was reset, new WiFi energy data is WifiActivityEnergyInfo{ mTimeSinceBootMillis=20369498 mStackState=3 mControllerTxDurationMillis=0 mControllerRxDurationMillis=0 mControllerScanDurationMillis=0 mControllerIdleDurationMillis=0 mControllerEnergyUsedMicroJoules=0 }
11-10 16:43:54.909  1458  1458 W ProcessStats: Tracking association SourceState{60d4f4f com.google.android.wearable.media.sessions/10079 BTopFgs #37233} whose proc state 2 is better than process ProcessState{1d0830f com.google.android.gms.persistent/10062 pkg=com.google.android.gms} proc state 3 (25 skipped)
11-10 16:43:55.543  1458  1498 V BatteryExternalStatsWorker: WiFi energy data was reset, new WiFi energy data is WifiActivityEnergyInfo{ mTimeSinceBootMillis=20555973 mStackState=3 mControllerTxDurationMillis=0 mControllerRxDurationMillis=0 mControllerScanDurationMillis=0 mControllerIdleDurationMillis=0 mControllerEnergyUsedMicroJoules=0 }
11-10 16:47:25.311  1458  1597 D DeviceIdleController: Mode manager quick doze request: false
11-10 16:47:26.173  1458  1651 I PowerGroup: Waking up power group from Dozing (groupId=0, uid=1000, reason=WAKE_REASON_WAKE_KEY, details=android.policy:KEY)...
11-10 16:47:26.174  1458  1651 I PowerManagerService: Waking up from Dozing (uid=1000, reason=WAKE_REASON_WAKE_KEY, details=android.policy:KEY)...
11-10 16:47:26.175  1458  1651 D PowerManagerService: SpecialCaseTimeout: 0
11-10 16:47:26.232  1458  1520 I DisplayPowerController[0]: Blocking screen on until initial contents have been drawn.
11-10 16:47:26.232  1458  1520 D ActivityTaskManager: Top Process State changed to PROCESS_STATE_TOP
11-10 16:47:26.281  1458  1489 W BroadcastQueue: Background execution not allowed: receiving Intent { act=android.os.UpdateLock.UPDATE_LOCK_CHANGED flg=0x4000010 (has extras) } to com.google.android.gms/.chimera.GmsIntentOperationService$PersistentTrustedReceiver
11-10 16:47:26.293  1458  1520 V DisplayPowerController[0]: Brightness [0.39070725] reason changing to: 'manual', previous reason: 'screen_off'.
11-10 16:47:26.293  1458  1520 I DisplayPowerController[0]: BrightnessEvent: disp=0, brt=0.39070725, rcmdBrt=NaN, preBrt=NaN, lux=NaN, lstObsLux=NaN, preLux=NaN, hbmMax=1.0, hbmMode=off, thrmMax=1.0, flags=invalid_lux doze_scale , reason=manual
11-10 16:47:26.293  1458  1520 I DisplayPowerController[0]: Unblocked screen on after 61 ms
11-10 16:47:26.293  1458  1740 D LocalDisplayAdapter: setDisplayState(id=4630946403839387521, state=ON)
11-10 16:47:26.294  1458  1483 I DisplayDeviceRepository: Display device changed state: "Built-in Screen", ON
11-10 16:47:26.639  1458  1740 D LocalDisplayAdapter: setDisplayBrightness(id=4630946403839387521, brightnessState=0.39070734, sdrBrightnessState=0.39070734)
11-10 16:47:26.642  1458  1483 I DisplayDeviceRepository: Display device changed state: "Built-in Screen", ON
11-10 16:47:26.651  1458  1520 W PowerManagerService: Screen on took 529 ms
11-10 16:47:26.651  1458  1520 I DreamManagerService: Gently waking up from dream.
11-10 16:47:26.652  1458  1480 I DreamManagerService: Performing gentle wake from dream.
11-10 16:47:26.653  1900  1900 V DreamService[AmbientDream]: wakeUp(): fromSystem=true, mWaking=false, mFinished=false
11-10 16:47:26.654  1900  1900 V DreamService[AmbientDream]: finish(): mFinished=false
11-10 16:47:26.654  1458  8403 I DreamManagerService: Leaving dreamland.
11-10 16:47:26.663  1458  1480 I DreamManagerService: Performing gentle wake from dream.
11-10 16:47:26.663  1458  1480 I DreamController: Stopping dream: name=ComponentInfo{com.google.android.apps.wearable.systemui/com.google.android.clockwork.systemui.ambient.AmbientDream}, isPreviewMode=false, canDoze=true, userId=0, reason='finished self'(from 'requested stopDream')
11-10 16:47:26.670  1900  1900 V DreamService[AmbientDream]: detach(): Calling onDreamingStopped()
11-10 16:47:26.677  1900  1900 V DreamService[AmbientDream]: finish(): mFinished=true
11-10 16:47:26.678  1900  1900 V DreamService[AmbientDream]: onDestroy()
11-10 16:47:26.678  1900  1900 V DreamService[AmbientDream]: finish(): mFinished=true
11-10 16:47:26.703  1458  1520 D AutomaticBrightnessController: updateAutoBrightness: mAmbientLux=25.67, mScreenAutoBrightness=0.32886973, newScreenAutoBrightness=0.32886973, mEyeAdjustedScreenAutoBrightness=NaN
11-10 16:47:26.705  1458  1520 V DisplayPowerController[0]: Brightness [0.32886973] reason changing to: 'automatic', previous reason: 'manual'.
11-10 16:47:26.706  1458  1520 I DisplayPowerController[0]: BrightnessEvent: disp=0, brt=0.32886973, rcmdBrt=0.32886973, preBrt=NaN, lux=25.67, lstObsLux=25.67, preLux=NaN, hbmMax=1.0, hbmMode=off, thrmMax=1.0, flags=, reason=automatic
11-10 16:47:26.707  1458  1740 D LocalDisplayAdapter: setDisplayBrightness(id=4630946403839387521, brightnessState=0.32886982, sdrBrightnessState=0.32886982)
11-10 16:47:26.709  1458  1458 I BrightnessSynchronizer: [151] New Update 0.32886973(f) set brightness values:  85(i)
11-10 16:47:26.710  1458  1458 I BrightnessSynchronizer: New PendingUpdate: {[152] 0.32886973(f), mUpdatedTypes=0, mConfirmedTypes=0, mTimeUpdated=0}, prev=null
11-10 16:47:26.710  1458  1458 I BrightnessSynchronizer: Swallowing update of 85(i) by update: {[151] 0.32886973(f), mUpdatedTypes=1, mConfirmedTypes=1, mTimeUpdated=17705721}
11-10 16:47:26.711  1458  1458 I BrightnessSynchronizer: Completed Update: {[151] 0.32886973(f), mUpdatedTypes=1, mConfirmedTypes=1, mTimeUpdated=17705721}
11-10 16:47:26.826  1458  1796 W JobScheduler: Job didn't exist in JobStore: 1d552a2 #1000/1000897 com.google.wear.services/.complications.ComplicationRequesterJobService
11-10 16:47:26.965  1458  1458 D WindowManager: powerPress: eventTime=17705540 interactive=true count=1 beganFromNonInteractive=false beganFromDefaultDisplayOn=true mShortPressOnPowerBehavior=10
11-10 16:47:26.969  1458  1458 I ActivityTaskManager: START u0 {act=android.intent.action.ALL_APPS flg=0x10200000 cmp=com.mobvoi.wear.refsysui/com.google.android.clockwork.sysui.experiences.globallauncher.RecentsActivity} from uid 1000
11-10 16:47:26.989  1458  1796 W ActivityTaskManager: Tried to set launchTime (0) < mLastActivityLaunchTime (17648029)
11-10 16:47:27.016  1458  1489 W BroadcastQueue: Background execution not allowed: receiving Intent { act=android.os.UpdateLock.UPDATE_LOCK_CHANGED flg=0x4000010 (has extras) } to com.google.android.gms/.chimera.GmsIntentOperationService$PersistentTrustedReceiver
11-10 16:47:27.046  1458  8403 W WindowManager: Failed looking up window session=Session{2cb30f4 1758:u0a10016} callers=com.android.server.wm.WindowManagerService.windowForClientLocked:5953 com.android.server.wm.Session.updateRequestedVisibilities:705 android.view.IWindowSession$Stub.onTransact:1096 
11-10 16:47:27.051  1458  1796 D CoreBackPreview: Window{f9ba852 u0 com.mobvoi.wear.refsysui/com.google.android.clockwork.sysui.experiences.globallauncher.RecentsActivity}: Setting back callback OnBackInvokedCallbackInfo{mCallback=android.window.IOnBackInvokedCallback$Stub$Proxy@5d97420, mPriority=0}
11-10 16:47:27.130  1458  1484 I WindowManager: Screen frozen for +30ms due to client
11-10 16:47:27.843  1458  1458 D WindowManager: powerPress: eventTime=17706436 interactive=true count=1 beganFromNonInteractive=false beganFromDefaultDisplayOn=true mShortPressOnPowerBehavior=10
11-10 16:47:27.847  1458  1458 I ActivityTaskManager: START u0 {act=android.intent.action.ALL_APPS flg=0x10200000 cmp=com.mobvoi.wear.refsysui/com.google.android.clockwork.sysui.experiences.globallauncher.RecentsActivity} from uid 1000
11-10 16:47:27.881  1458  1489 W BroadcastQueue: Background execution not allowed: receiving Intent { act=android.os.UpdateLock.UPDATE_LOCK_CHANGED flg=0x4000010 (has extras) } to com.google.android.gms/.chimera.GmsIntentOperationService$PersistentTrustedReceiver
11-10 16:47:27.947  1458  1484 I WindowManager: Screen frozen for +25ms due to client
11-10 16:47:28.326  1458  1520 D AutomaticBrightnessController: updateAutoBrightness: mAmbientLux=28.5438, mScreenAutoBrightness=0.34082043, newScreenAutoBrightness=0.34082043, mEyeAdjustedScreenAutoBrightness=NaN
11-10 16:47:28.330  1458  1520 I DisplayPowerController[0]: BrightnessEvent: disp=0, brt=0.34082043, rcmdBrt=0.34082043, preBrt=0.32886973, lux=28.5438, lstObsLux=33.4825, preLux=25.67, hbmMax=1.0, hbmMode=off, thrmMax=1.0, flags=, reason=automatic
11-10 16:47:28.331  1458  1458 I BrightnessSynchronizer: [153] New Update 0.34082043(f) set brightness values:  88(i)
11-10 16:47:28.331  1458  1458 I BrightnessSynchronizer: New PendingUpdate: {[154] 0.34082043(f), mUpdatedTypes=0, mConfirmedTypes=0, mTimeUpdated=0}, prev=null
11-10 16:47:28.332  1458  1458 I BrightnessSynchronizer: Swallowing update of 88(i) by update: {[153] 0.34082043(f), mUpdatedTypes=1, mConfirmedTypes=1, mTimeUpdated=17707342}
11-10 16:47:28.332  1458  1458 I BrightnessSynchronizer: Completed Update: {[153] 0.34082043(f), mUpdatedTypes=1, mConfirmedTypes=1, mTimeUpdated=17707342}
11-10 16:47:28.343  1458  1740 D LocalDisplayAdapter: setDisplayBrightness(id=4630946403839387521, brightnessState=0.33184916, sdrBrightnessState=0.3318272)
11-10 16:47:28.360  1458  1740 D LocalDisplayAdapter: setDisplayBrightness(id=4630946403839387521, brightnessState=0.33548117, sdrBrightnessState=0.3354589)
11-10 16:47:28.378  1458  1740 D LocalDisplayAdapter: setDisplayBrightness(id=4630946403839387521, brightnessState=0.33915606, sdrBrightnessState=0.3391336)
11-10 16:47:28.408  1458  1740 D LocalDisplayAdapter: setDisplayBrightness(id=4630946403839387521, brightnessState=0.3408204, sdrBrightnessState=0.3408204)
11-10 16:47:28.416  1458  1879 D CoreBackPreview: Window{f9ba852 u0 com.mobvoi.wear.refsysui/com.google.android.clockwork.sysui.experiences.globallauncher.RecentsActivity}: Setting back callback null
11-10 16:47:28.420  1458  1690 W JobScheduler: Job didn't exist in JobStore: b1a566a #1000/1000898 com.google.wear.services/.complications.ComplicationRequesterJobService
11-10 16:47:28.940  1458  1458 D WindowManager: powerPress: eventTime=17707544 interactive=true count=1 beganFromNonInteractive=false beganFromDefaultDisplayOn=true mShortPressOnPowerBehavior=10
11-10 16:47:28.946  1458  1458 I ActivityTaskManager: START u0 {act=android.intent.action.ALL_APPS flg=0x10200000 cmp=com.mobvoi.wear.refsysui/com.google.android.clockwork.sysui.experiences.globallauncher.RecentsActivity} from uid 1000
11-10 16:47:28.980  1458  8403 W ActivityTaskManager: Tried to set launchTime (0) < mLastActivityLaunchTime (17706009)
11-10 16:47:28.989  1458  1489 W BroadcastQueue: Background execution not allowed: receiving Intent { act=android.os.UpdateLock.UPDATE_LOCK_CHANGED flg=0x4000010 (has extras) } to com.google.android.gms/.chimera.GmsIntentOperationService$PersistentTrustedReceiver
11-10 16:47:29.012  1458  5239 W WindowManager: Failed looking up window session=Session{2cb30f4 1758:u0a10016} callers=com.android.server.wm.WindowManagerService.windowForClientLocked:5953 com.android.server.wm.Session.updateRequestedVisibilities:705 android.view.IWindowSession$Stub.onTransact:1096 
11-10 16:47:29.016  1458  6420 D CoreBackPreview: Window{593c9d4 u0 com.mobvoi.wear.refsysui/com.google.android.clockwork.sysui.experiences.globallauncher.RecentsActivity}: Setting back callback OnBackInvokedCallbackInfo{mCallback=android.window.IOnBackInvokedCallback$Stub$Proxy@50b6672, mPriority=0}
11-10 16:47:29.091  1458  1484 I WindowManager: Screen frozen for +21ms due to client
11-10 16:47:29.827  1458  1879 D CoreBackPreview: Window{4ab7d59 u0 Splash Screen com.google.android.apps.wearable.settings}: Setting back callback OnBackInvokedCallbackInfo{mCallback=android.window.IOnBackInvokedCallback$Stub$Proxy@be2d0b, mPriority=0}
11-10 16:47:29.835  1458  1483 W ProcessStats: Tracking association SourceState{d47643d system/1000 BTopFgs #37355} whose proc state 2 is better than process ProcessState{4d796e7 com.mobvoi.wear.refsysui/10016 pkg=com.mobvoi.wear.refsysui} proc state 3 (10 skipped)
11-10 16:47:29.897  1458  1484 I WindowManager: Screen frozen for +26ms due to client
11-10 16:47:29.956  1458  6420 D CoreBackPreview: Window{4ab7d59 u0 Splash Screen com.google.android.apps.wearable.settings EXITING}: Setting back callback null
11-10 16:47:30.068  1458  1879 W JobScheduler: Job didn't exist in JobStore: 6bfc273 #1000/1000899 com.google.wear.services/.complications.ComplicationRequesterJobService
11-10 16:47:30.439  1458  1879 D CoreBackPreview: Window{593c9d4 u0 com.mobvoi.wear.refsysui/com.google.android.clockwork.sysui.experiences.globallauncher.RecentsActivity}: Setting back callback null
11-10 16:47:31.512  1458  8403 W JobScheduler: Job didn't exist in JobStore: 42a7de #1000/1000900 com.google.wear.services/.complications.ComplicationRequesterJobService
11-10 16:47:31.924  1458  1520 D AutomaticBrightnessController: updateAutoBrightness: mAmbientLux=34.240597, mScreenAutoBrightness=0.36364034, newScreenAutoBrightness=0.36364034, mEyeAdjustedScreenAutoBrightness=NaN
11-10 16:47:31.927  1458  1520 I DisplayPowerController[0]: BrightnessEvent: disp=0, brt=0.36364034, rcmdBrt=0.36364034, preBrt=0.34082043, lux=34.240597, lstObsLux=49.1075, preLux=28.5438, hbmMax=1.0, hbmMode=off, thrmMax=1.0, flags=, reason=automatic
11-10 16:47:31.935  1458  1740 D LocalDisplayAdapter: setDisplayBrightness(id=4630946403839387521, brightnessState=0.3424976, sdrBrightnessState=0.34235215)
11-10 16:47:31.951  1458  1740 D LocalDisplayAdapter: setDisplayBrightness(id=4630946403839387521, brightnessState=0.34625372, sdrBrightnessState=0.34610653)
11-10 16:47:31.968  1458  1740 D LocalDisplayAdapter: setDisplayBrightness(id=4630946403839387521, brightnessState=0.35005534, sdrBrightnessState=0.34990653)
11-10 16:47:31.985  1458  1740 D LocalDisplayAdapter: setDisplayBrightness(id=4630946403839387521, brightnessState=0.35390094, sdrBrightnessState=0.35375035)
11-10 16:47:32.000  1458  1740 D LocalDisplayAdapter: setDisplayBrightness(id=4630946403839387521, brightnessState=0.35779253, sdrBrightnessState=0.35764018)
11-10 16:47:32.017  1458  1740 D LocalDisplayAdapter: setDisplayBrightness(id=4630946403839387521, brightnessState=0.3617296, sdrBrightnessState=0.3615754)
11-10 16:47:32.033  1458  1740 D LocalDisplayAdapter: setDisplayBrightness(id=4630946403839387521, brightnessState=0.3636403, sdrBrightnessState=0.3636403)
11-10 16:47:32.326  1458  1458 I BrightnessSynchronizer: [155] New Update 0.36364034(f) set brightness values:  93(i)
11-10 16:47:32.327  1458  1458 I BrightnessSynchronizer: New PendingUpdate: {[156] 0.36364034(f), mUpdatedTypes=0, mConfirmedTypes=0, mTimeUpdated=0}, prev=null
11-10 16:47:32.327  1458  1458 I BrightnessSynchronizer: Swallowing update of 93(i) by update: {[155] 0.36364034(f), mUpdatedTypes=1, mConfirmedTypes=1, mTimeUpdated=17711337}
11-10 16:47:32.327  1458  1458 I BrightnessSynchronizer: Completed Update: {[155] 0.36364034(f), mUpdatedTypes=1, mConfirmedTypes=1, mTimeUpdated=17711337}
11-10 16:47:33.023  1458  1879 W JobScheduler: Job didn't exist in JobStore: 7348d #1000/1000901 com.google.wear.services/.complications.ComplicationRequesterJobService
11-10 16:47:33.621  1458  1520 D AutomaticBrightnessController: updateAutoBrightness: mAmbientLux=49.113407, mScreenAutoBrightness=0.40194026, newScreenAutoBrightness=0.40194026, mEyeAdjustedScreenAutoBrightness=NaN
11-10 16:47:33.627  1458  1520 I DisplayPowerController[0]: BrightnessEvent: disp=0, brt=0.40194026, rcmdBrt=0.40194026, preBrt=0.36364034, lux=49.113407, lstObsLux=52.454998, preLux=34.240597, hbmMax=1.0, hbmMode=off, thrmMax=1.0, flags=, reason=automatic
11-10 16:47:33.628  1458  1458 I BrightnessSynchronizer: [157] New Update 0.40194026(f) set brightness values:  103(i)
11-10 16:47:33.629  1458  1458 I BrightnessSynchronizer: New PendingUpdate: {[158] 0.40194026(f), mUpdatedTypes=0, mConfirmedTypes=0, mTimeUpdated=0}, prev=null
11-10 16:47:33.629  1458  1458 I BrightnessSynchronizer: Swallowing update of 103(i) by update: {[157] 0.40194026(f), mUpdatedTypes=1, mConfirmedTypes=1, mTimeUpdated=17712639}
11-10 16:47:33.629  1458  1458 I BrightnessSynchronizer: Completed Update: {[157] 0.40194026(f), mUpdatedTypes=1, mConfirmedTypes=1, mTimeUpdated=17712639}
11-10 16:47:33.637  1458  1740 D LocalDisplayAdapter: setDisplayBrightness(id=4630946403839387521, brightnessState=0.36693895, sdrBrightnessState=0.36690894)
11-10 16:47:33.658  1458  1740 D LocalDisplayAdapter: setDisplayBrightness(id=4630946403839387521, brightnessState=0.37098607, sdrBrightnessState=0.37095574)
11-10 16:47:33.674  1458  1740 D LocalDisplayAdapter: setDisplayBrightness(id=4630946403839387521, brightnessState=0.37507915, sdrBrightnessState=0.3750485)
11-10 16:47:33.689  1458  1740 D LocalDisplayAdapter: setDisplayBrightness(id=4630946403839387521, brightnessState=0.37922096, sdrBrightnessState=0.37918994)
11-10 16:47:33.706  1458  1740 D LocalDisplayAdapter: setDisplayBrightness(id=4630946403839387521, brightnessState=0.3834119, sdrBrightnessState=0.38338053)
11-10 16:47:33.724  1458  1740 D LocalDisplayAdapter: setDisplayBrightness(id=4630946403839387521, brightnessState=0.38765225, sdrBrightnessState=0.38762042)
11-10 16:47:33.739  1458  1740 D LocalDisplayAdapter: setDisplayBrightness(id=4630946403839387521, brightnessState=0.39194298, sdrBrightnessState=0.39191082)
11-10 16:47:33.755  1458  1740 D LocalDisplayAdapter: setDisplayBrightness(id=4630946403839387521, brightnessState=0.39628384, sdrBrightnessState=0.39625132)
11-10 16:47:33.772  1458  1740 D LocalDisplayAdapter: setDisplayBrightness(id=4630946403839387521, brightnessState=0.40067586, sdrBrightnessState=0.4006429)
11-10 16:47:33.789  1458  1740 D LocalDisplayAdapter: setDisplayBrightness(id=4630946403839387521, brightnessState=0.40194023, sdrBrightnessState=0.40194023)
11-10 16:47:33.998  1458  1707 W AdbDebuggingManager: Ignoring tag 'keyStore'. Not recognized.
11-10 16:47:34.015  1458  1707 D CoreBackPreview: Window{5231a09 u0 com.google.android.apps.wearable.settings/com.google.android.clockwork.settings.common.InternalSettingsPreferenceActivity}: Setting back callback null
11-10 16:47:34.533  1458  5239 W JobScheduler: Job didn't exist in JobStore: 79ead1c #1000/1000902 com.google.wear.services/.complications.ComplicationRequesterJobService
11-10 16:47:36.065  1458  6420 W JobScheduler: Job didn't exist in JobStore: b656352 #1000/1000903 com.google.wear.services/.complications.ComplicationRequesterJobService
11-10 16:47:36.216  1458  1520 D AutomaticBrightnessController: updateAutoBrightness: mAmbientLux=30.420137, mScreenAutoBrightness=0.34859565, newScreenAutoBrightness=0.34859565, mEyeAdjustedScreenAutoBrightness=NaN
11-10 16:47:36.217  1458  1520 I DisplayPowerController[0]: BrightnessEvent: disp=0, brt=0.34859565, rcmdBrt=0.34859565, preBrt=0.40194026, lux=30.420137, lstObsLux=35.71375, preLux=49.113407, hbmMax=1.0, hbmMode=off, thrmMax=1.0, flags=, reason=automatic
11-10 16:47:36.220  1458  1458 I BrightnessSynchronizer: [159] New Update 0.34859565(f) set brightness values:  90(i)
11-10 16:47:36.220  1458  1458 I BrightnessSynchronizer: New PendingUpdate: {[160] 0.34859565(f), mUpdatedTypes=0, mConfirmedTypes=0, mTimeUpdated=0}, prev=null
11-10 16:47:36.221  1458  1458 I BrightnessSynchronizer: Swallowing update of 90(i) by update: {[159] 0.34859565(f), mUpdatedTypes=1, mConfirmedTypes=1, mTimeUpdated=17715231}
11-10 16:47:36.221  1458  1458 I BrightnessSynchronizer: Completed Update: {[159] 0.34859565(f), mUpdatedTypes=1, mConfirmedTypes=1, mTimeUpdated=17715231}
11-10 16:47:36.229  1458  1740 D LocalDisplayAdapter: setDisplayBrightness(id=4630946403839387521, brightnessState=0.39994082, sdrBrightnessState=0.3999717)
11-10 16:47:36.243  1458  1740 D LocalDisplayAdapter: setDisplayBrightness(id=4630946403839387521, brightnessState=0.3955585, sdrBrightnessState=0.39558896)
11-10 16:47:36.261  1458  1740 D LocalDisplayAdapter: setDisplayBrightness(id=4630946403839387521, brightnessState=0.39122668, sdrBrightnessState=0.39125684)
11-10 16:47:36.275  1458  1740 D LocalDisplayAdapter: setDisplayBrightness(id=4630946403839387521, brightnessState=0.38692203, sdrBrightnessState=0.3869518)
11-10 16:47:36.292  1458  1740 D LocalDisplayAdapter: setDisplayBrightness(id=4630946403839387521, brightnessState=0.3826803, sdrBrightnessState=0.38270974)
11-10 16:47:36.310  1458  1740 D LocalDisplayAdapter: setDisplayBrightness(id=4630946403839387521, brightnessState=0.3784918, sdrBrightnessState=0.37852094)
11-10 16:47:36.325  1458  1740 D LocalDisplayAdapter: setDisplayBrightness(id=4630946403839387521, brightnessState=0.37435505, sdrBrightnessState=0.37438372)
11-10 16:47:36.342  1458  1740 D LocalDisplayAdapter: setDisplayBrightness(id=4630946403839387521, brightnessState=0.37026665, sdrBrightnessState=0.37029505)
11-10 16:47:36.360  1458  1740 D LocalDisplayAdapter: setDisplayBrightness(id=4630946403839387521, brightnessState=0.36622736, sdrBrightnessState=0.36625543)
11-10 16:47:36.377  1458  1740 D LocalDisplayAdapter: setDisplayBrightness(id=4630946403839387521, brightnessState=0.36223534, sdrBrightnessState=0.36226308)
11-10 16:47:36.403  1458  1740 D LocalDisplayAdapter: setDisplayBrightness(id=4630946403839387521, brightnessState=0.35829043, sdrBrightnessState=0.35831785)
11-10 16:47:36.412  1458  1740 D LocalDisplayAdapter: setDisplayBrightness(id=4630946403839387521, brightnessState=0.3543918, sdrBrightnessState=0.35441896)
11-10 16:47:36.426  1458  1740 D LocalDisplayAdapter: setDisplayBrightness(id=4630946403839387521, brightnessState=0.3505384, sdrBrightnessState=0.3505652)
11-10 16:47:36.442  1458  1740 D LocalDisplayAdapter: setDisplayBrightness(id=4630946403839387521, brightnessState=0.34859562, sdrBrightnessState=0.34859562)
11-10 16:47:37.444  1458  1520 D AutomaticBrightnessController: updateAutoBrightness: mAmbientLux=33.60641, mScreenAutoBrightness=0.3612554, newScreenAutoBrightness=0.3612554, mEyeAdjustedScreenAutoBrightness=NaN
11-10 16:47:37.447  1458  1520 I DisplayPowerController[0]: BrightnessEvent: disp=0, brt=0.3612554, rcmdBrt=0.3612554, preBrt=0.34859565, lux=33.60641, lstObsLux=36.829998, preLux=30.420137, hbmMax=1.0, hbmMode=off, thrmMax=1.0, flags=, reason=automatic
11-10 16:47:37.451  1458  1458 I BrightnessSynchronizer: [161] New Update 0.3612554(f) set brightness values:  93(i)
11-10 16:47:37.451  1458  1458 I BrightnessSynchronizer: New PendingUpdate: {[162] 0.3612554(f), mUpdatedTypes=0, mConfirmedTypes=0, mTimeUpdated=0}, prev=null
11-10 16:47:37.453  1458  1458 I BrightnessSynchronizer: Swallowing update of 93(i) by update: {[161] 0.3612554(f), mUpdatedTypes=1, mConfirmedTypes=1, mTimeUpdated=17716462}
11-10 16:47:37.453  1458  1458 I BrightnessSynchronizer: Completed Update: {[161] 0.3612554(f), mUpdatedTypes=1, mConfirmedTypes=1, mTimeUpdated=17716462}
11-10 16:47:37.459  1458  1740 D LocalDisplayAdapter: setDisplayBrightness(id=4630946403839387521, brightnessState=0.35148188, sdrBrightnessState=0.35142663)
11-10 16:47:37.478  1458  1740 D LocalDisplayAdapter: setDisplayBrightness(id=4630946403839387521, brightnessState=0.3553377, sdrBrightnessState=0.35528174)
11-10 16:47:37.495  1458  1740 D LocalDisplayAdapter: setDisplayBrightness(id=4630946403839387521, brightnessState=0.3598111, sdrBrightnessState=0.3597544)
11-10 16:47:37.514  1458  1740 D LocalDisplayAdapter: setDisplayBrightness(id=4630946403839387521, brightnessState=0.3612554, sdrBrightnessState=0.3612554)
11-10 16:47:38.316  1458  1520 D AutomaticBrightnessController: updateAutoBrightness: mAmbientLux=37.955654, mScreenAutoBrightness=0.37624252, newScreenAutoBrightness=0.37624252, mEyeAdjustedScreenAutoBrightness=NaN
11-10 16:47:38.321  1458  1520 I DisplayPowerController[0]: BrightnessEvent: disp=0, brt=0.37624252, rcmdBrt=0.37624252, preBrt=0.3612554, lux=37.955654, lstObsLux=41.295, preLux=33.60641, hbmMax=1.0, hbmMode=off, thrmMax=1.0, flags=, reason=automatic
11-10 16:47:38.323  1458  1458 I BrightnessSynchronizer: [163] New Update 0.37624252(f) set brightness values:  97(i)
11-10 16:47:38.324  1458  1458 I BrightnessSynchronizer: New PendingUpdate: {[164] 0.37624252(f), mUpdatedTypes=0, mConfirmedTypes=0, mTimeUpdated=0}, prev=null
11-10 16:47:38.325  1458  1458 I BrightnessSynchronizer: Swallowing update of 97(i) by update: {[163] 0.37624252(f), mUpdatedTypes=1, mConfirmedTypes=1, mTimeUpdated=17717334}
11-10 16:47:38.325  1458  1458 I BrightnessSynchronizer: Completed Update: {[163] 0.37624252(f), mUpdatedTypes=1, mConfirmedTypes=1, mTimeUpdated=17717334}
11-10 16:47:38.331  1458  1740 D LocalDisplayAdapter: setDisplayBrightness(id=4630946403839387521, brightnessState=0.36378324, sdrBrightnessState=0.36369812)
11-10 16:47:38.349  1458  1740 D LocalDisplayAdapter: setDisplayBrightness(id=4630946403839387521, brightnessState=0.3677938, sdrBrightnessState=0.36770773)
11-10 16:47:38.363  1458  1740 D LocalDisplayAdapter: setDisplayBrightness(id=4630946403839387521, brightnessState=0.37185347, sdrBrightnessState=0.37176633)
11-10 16:47:38.387  1458  1740 D LocalDisplayAdapter: setDisplayBrightness(id=4630946403839387521, brightnessState=0.3759556, sdrBrightnessState=0.37586746)
11-10 16:47:38.398  1458  1740 D LocalDisplayAdapter: setDisplayBrightness(id=4630946403839387521, brightnessState=0.37624252, sdrBrightnessState=0.37624252)
11-10 16:47:39.644  1458  2300 W AdbDebuggingManager: Read failed with count -1
11-10 16:47:40.214  1458  6420 W ProcessStats: Tracking association SourceState{60d4f4f com.google.android.wearable.media.sessions/10079 BTopFgs #37483} whose proc state 2 is better than process ProcessState{1d0830f com.google.android.gms.persistent/10062 pkg=com.google.android.gms} proc state 3 (151 skipped)
11-10 16:47:40.421  1458  1520 D AutomaticBrightnessController: updateAutoBrightness: mAmbientLux=49.406574, mScreenAutoBrightness=0.4025023, newScreenAutoBrightness=0.4025023, mEyeAdjustedScreenAutoBrightness=NaN
11-10 16:47:40.424  1458  1520 I DisplayPowerController[0]: BrightnessEvent: disp=0, brt=0.4025023, rcmdBrt=0.4025023, preBrt=0.37624252, lux=49.406574, lstObsLux=53.571247, preLux=37.955654, hbmMax=1.0, hbmMode=off, thrmMax=1.0, flags=, reason=automatic
11-10 16:47:40.426  1458  1458 I BrightnessSynchronizer: [165] New Update 0.4025023(f) set brightness values:  103(i)
11-10 16:47:40.427  1458  1458 I BrightnessSynchronizer: New PendingUpdate: {[166] 0.4025023(f), mUpdatedTypes=0, mConfirmedTypes=0, mTimeUpdated=0}, prev=null
11-10 16:47:40.428  1458  1458 I BrightnessSynchronizer: Swallowing update of 103(i) by update: {[165] 0.4025023(f), mUpdatedTypes=1, mConfirmedTypes=1, mTimeUpdated=17719438}
11-10 16:47:40.428  1458  1458 I BrightnessSynchronizer: Completed Update: {[165] 0.4025023(f), mUpdatedTypes=1, mConfirmedTypes=1, mTimeUpdated=17719438}
11-10 16:47:40.434  1458  1740 D LocalDisplayAdapter: setDisplayBrightness(id=4630946403839387521, brightnessState=0.3787963, sdrBrightnessState=0.37874448)
11-10 16:47:40.452  1458  1740 D LocalDisplayAdapter: setDisplayBrightness(id=4630946403839387521, brightnessState=0.3829812, sdrBrightnessState=0.38292882)
11-10 16:47:40.469  1458  1740 D LocalDisplayAdapter: setDisplayBrightness(id=4630946403839387521, brightnessState=0.3872154, sdrBrightnessState=0.38716242)
11-10 16:47:40.491  1458  1740 D LocalDisplayAdapter: setDisplayBrightness(id=4630946403839387521, brightnessState=0.391499, sdrBrightnessState=0.39144528)
11-10 16:47:40.501  1458  1740 D LocalDisplayAdapter: setDisplayBrightness(id=4630946403839387521, brightnessState=0.3958352, sdrBrightnessState=0.3957809)
11-10 16:47:40.519  1458  1740 D LocalDisplayAdapter: setDisplayBrightness(id=4630946403839387521, brightnessState=0.40021968, sdrBrightnessState=0.40016472)
11-10 16:47:40.534  1458  1740 D LocalDisplayAdapter: setDisplayBrightness(id=4630946403839387521, brightnessState=0.4025024, sdrBrightnessState=0.4025024)
11-10 16:47:41.821  1458  1707 W AdbDebuggingManager: Ignoring tag 'keyStore'. Not recognized.
11-10 16:47:42.821  1458  1520 D AutomaticBrightnessController: updateAutoBrightness: mAmbientLux=72.42236, mScreenAutoBrightness=0.4343909, newScreenAutoBrightness=0.4343909, mEyeAdjustedScreenAutoBrightness=NaN
11-10 16:47:42.822  1458  6420 W AdbDebuggingManager: Ignoring tag 'keyStore'. Not recognized.
11-10 16:47:42.824  1458  1520 I DisplayPowerController[0]: BrightnessEvent: disp=0, brt=0.4343909, rcmdBrt=0.4343909, preBrt=0.4025023, lux=72.42236, lstObsLux=68.08, preLux=49.406574, hbmMax=1.0, hbmMode=off, thrmMax=1.0, flags=, reason=automatic
11-10 16:47:42.828  1458  1458 I BrightnessSynchronizer: [167] New Update 0.4343909(f) set brightness values:  111(i)
11-10 16:47:42.828  1458  1458 I BrightnessSynchronizer: New PendingUpdate: {[168] 0.4343909(f), mUpdatedTypes=0, mConfirmedTypes=0, mTimeUpdated=0}, prev=null
11-10 16:47:42.829  1458  1458 I BrightnessSynchronizer: Swallowing update of 111(i) by update: {[167] 0.4343909(f), mUpdatedTypes=1, mConfirmedTypes=1, mTimeUpdated=17721839}
11-10 16:47:42.829  1458  1458 I BrightnessSynchronizer: Completed Update: {[167] 0.4343909(f), mUpdatedTypes=1, mConfirmedTypes=1, mTimeUpdated=17721839}
11-10 16:47:42.840  1458  1740 D LocalDisplayAdapter: setDisplayBrightness(id=4630946403839387521, brightnessState=0.40646222, sdrBrightnessState=0.40640476)
11-10 16:47:42.858  1458  1740 D LocalDisplayAdapter: setDisplayBrightness(id=4630946403839387521, brightnessState=0.41097486, sdrBrightnessState=0.4109168)
11-10 16:47:42.873  1458  1740 D LocalDisplayAdapter: setDisplayBrightness(id=4630946403839387521, brightnessState=0.41554072, sdrBrightnessState=0.41548193)
11-10 16:47:42.893  1458  1740 D LocalDisplayAdapter: setDisplayBrightness(id=4630946403839387521, brightnessState=0.4201604, sdrBrightnessState=0.42010096)
11-10 16:47:42.905  1458  1740 D LocalDisplayAdapter: setDisplayBrightness(id=4630946403839387521, brightnessState=0.42483497, sdrBrightnessState=0.42477486)
11-10 16:47:42.924  1458  1740 D LocalDisplayAdapter: setDisplayBrightness(id=4630946403839387521, brightnessState=0.42956424, sdrBrightnessState=0.42950335)
11-10 16:47:42.924  1458  1597 D DeviceIdleController: Mode manager quick doze request: true
11-10 16:47:42.938  1458  1740 D LocalDisplayAdapter: setDisplayBrightness(id=4630946403839387521, brightnessState=0.43434846, sdrBrightnessState=0.43428686)
11-10 16:47:42.955  1458  1740 D LocalDisplayAdapter: setDisplayBrightness(id=4630946403839387521, brightnessState=0.4343909, sdrBrightnessState=0.4343909)
11-10 16:47:43.848  1458  1597 D DeviceIdleController: Mode manager quick doze request: false
11-10 16:47:44.295  1458  1597 D DeviceIdleController: Mode manager quick doze request: true
11-10 16:47:46.300  1458  1520 D AutomaticBrightnessController: updateAutoBrightness: mAmbientLux=34.402626, mScreenAutoBrightness=0.36424047, newScreenAutoBrightness=0.36424047, mEyeAdjustedScreenAutoBrightness=NaN
11-10 16:47:46.304  1458  1520 I DisplayPowerController[0]: BrightnessEvent: disp=0, brt=0.36424047, rcmdBrt=0.36424047, preBrt=0.4343909, lux=34.402626, lstObsLux=40.17875, preLux=72.42236, hbmMax=1.0, hbmMode=off, thrmMax=1.0, flags=, reason=automatic
11-10 16:47:46.307  1458  1458 I BrightnessSynchronizer: [169] New Update 0.36424047(f) set brightness values:  94(i)
11-10 16:47:46.308  1458  1458 I BrightnessSynchronizer: New PendingUpdate: {[170] 0.36424047(f), mUpdatedTypes=0, mConfirmedTypes=0, mTimeUpdated=0}, prev=null
11-10 16:47:46.309  1458  1740 D LocalDisplayAdapter: setDisplayBrightness(id=4630946403839387521, brightnessState=0.4327567, sdrBrightnessState=0.4328452)
11-10 16:47:46.310  1458  1458 I BrightnessSynchronizer: Swallowing update of 94(i) by update: {[169] 0.36424047(f), mUpdatedTypes=1, mConfirmedTypes=1, mTimeUpdated=17725318}
11-10 16:47:46.310  1458  1458 I BrightnessSynchronizer: Completed Update: {[169] 0.36424047(f), mUpdatedTypes=1, mConfirmedTypes=1, mTimeUpdated=17725318}
11-10 16:47:46.327  1458  1740 D LocalDisplayAdapter: setDisplayBrightness(id=4630946403839387521, brightnessState=0.42800078, sdrBrightnessState=0.42808822)
11-10 16:47:46.355  1458  1740 D LocalDisplayAdapter: setDisplayBrightness(id=4630946403839387521, brightnessState=0.4220167, sdrBrightnessState=0.4221029)
11-10 16:47:46.371  1458  1740 D LocalDisplayAdapter: setDisplayBrightness(id=4630946403839387521, brightnessState=0.4173856, sdrBrightnessState=0.4174708)
11-10 16:47:46.380  1458  1740 D LocalDisplayAdapter: setDisplayBrightness(id=4630946403839387521, brightnessState=0.4128084, sdrBrightnessState=0.41289255)
11-10 16:47:46.398  1458  1740 D LocalDisplayAdapter: setDisplayBrightness(id=4630946403839387521, brightnessState=0.40828434, sdrBrightnessState=0.40836754)
11-10 16:47:46.413  1458  1740 D LocalDisplayAdapter: setDisplayBrightness(id=4630946403839387521, brightnessState=0.40433002, sdrBrightnessState=0.4044124)
11-10 16:47:46.429  1458  1740 D LocalDisplayAdapter: setDisplayBrightness(id=4630946403839387521, brightnessState=0.39996603, sdrBrightnessState=0.40004742)
11-10 16:47:46.445  1458  1740 D LocalDisplayAdapter: setDisplayBrightness(id=4630946403839387521, brightnessState=0.39565206, sdrBrightnessState=0.39573252)
11-10 16:47:46.462  1458  1740 D LocalDisplayAdapter: setDisplayBrightness(id=4630946403839387521, brightnessState=0.39138755, sdrBrightnessState=0.39146712)
11-10 16:47:46.485  1458  1740 D LocalDisplayAdapter: setDisplayBrightness(id=4630946403839387521, brightnessState=0.38717198, sdrBrightnessState=0.38725057)
11-10 16:47:46.517  1458  1740 D LocalDisplayAdapter: setDisplayBrightness(id=4630946403839387521, brightnessState=0.37888524, sdrBrightnessState=0.37896204)
11-10 16:47:46.528  1458  1740 D LocalDisplayAdapter: setDisplayBrightness(id=4630946403839387521, brightnessState=0.37481293, sdrBrightnessState=0.3748889)
11-10 16:47:46.542  1458  1740 D LocalDisplayAdapter: setDisplayBrightness(id=4630946403839387521, brightnessState=0.37078738, sdrBrightnessState=0.37086245)
11-10 16:47:46.559  1458  1740 D LocalDisplayAdapter: setDisplayBrightness(id=4630946403839387521, brightnessState=0.36680803, sdrBrightnessState=0.3668822)
11-10 16:47:46.575  1458  1740 D LocalDisplayAdapter: setDisplayBrightness(id=4630946403839387521, brightnessState=0.3642404, sdrBrightnessState=0.3642404)
11-10 16:47:47.034  1458  1520 D AutomaticBrightnessController: updateAutoBrightness: mAmbientLux=38.003, mScreenAutoBrightness=0.37638497, newScreenAutoBrightness=0.37638497, mEyeAdjustedScreenAutoBrightness=NaN
11-10 16:47:47.039  1458  1520 I DisplayPowerController[0]: BrightnessEvent: disp=0, brt=0.37638497, rcmdBrt=0.37638497, preBrt=0.36424047, lux=38.003, lstObsLux=39.0625, preLux=34.402626, hbmMax=1.0, hbmMode=off, thrmMax=1.0, flags=, reason=automatic
11-10 16:47:47.042  1458  1458 I BrightnessSynchronizer: [171] New Update 0.37638497(f) set brightness values:  97(i)
11-10 16:47:47.043  1458  1458 I BrightnessSynchronizer: New PendingUpdate: {[172] 0.37638497(f), mUpdatedTypes=0, mConfirmedTypes=0, mTimeUpdated=0}, prev=null
11-10 16:47:47.043  1458  1458 I BrightnessSynchronizer: Swallowing update of 97(i) by update: {[171] 0.37638497(f), mUpdatedTypes=1, mConfirmedTypes=1, mTimeUpdated=17726053}
11-10 16:47:47.043  1458  1458 I BrightnessSynchronizer: Completed Update: {[171] 0.37638497(f), mUpdatedTypes=1, mConfirmedTypes=1, mTimeUpdated=17726053}
11-10 16:47:47.053  1458  1740 D LocalDisplayAdapter: setDisplayBrightness(id=4630946403839387521, brightnessState=0.36797646, sdrBrightnessState=0.3679062)
11-10 16:47:47.070  1458  1740 D LocalDisplayAdapter: setDisplayBrightness(id=4630946403839387521, brightnessState=0.37196943, sdrBrightnessState=0.37189838)
11-10 16:47:47.091  1458  1740 D LocalDisplayAdapter: setDisplayBrightness(id=4630946403839387521, brightnessState=0.37600866, sdrBrightnessState=0.37593684)
11-10 16:47:47.118  1458  1740 D LocalDisplayAdapter: setDisplayBrightness(id=4630946403839387521, brightnessState=0.37638497, sdrBrightnessState=0.37638497)
11-10 16:47:54.550  1458  2300 D AdbDebuggingManager: Received WIFI TLS connected key message: QAAAAEMPat6Vipkrm/SlTwqsqwhGeshDsc3m0Gw/2xAK1ZdpAl8Weh3GwddCH4CboDL7SdE5HlD/IPT94T4wHBnJMBPbb8uZKGp/e2ZkphCf/42SWUhFmNDxCnHVUWPikzaajXfwlbsx09ldvvBE+nxiKxf8z8fnDEhZoiOrPCkYmyKOui27m8oKTgn3rWbjUN1z9v+5kQFwGKlX6hcA+GlCIhOQzQzDr1HL+pD9fdwQpLjf0yTr9SWm1sK4xy7L48ugmL2exoJEF5jMAkA+HWpVLi8hOzl76U6GSm8jtvc7O+Y4fdZxUeTeAljpTusXovYXI+UgkNXJnc6OgEB9Ac9TOMKOSti3ugAf4QCrvItBbD43Lx3Z+i3txDVl46+2gzyuKxf8i+waYT7AKQC8uzrfkZI4cbm43VtDmmsTELd8lySDhcL0wsFXA7lcbwNpHU0BjHxnP6n3tB4y+WuXe/Jk/p8eF/vlLDqqTq1zLQGBrX0kGU6hgr7PAZe7YPubPsP/Jt1hY8SuK7I9JV3Y3KGVS7JjN2BL2O7spiC24t3y+KDl3ncIcxp4oIS4V7KB86Qzui2bPQvtVUSQLtYnNeAR4LhR+45sXnus4PSQRPDFXM2CK6JhEj0ratwLus2uNpcxxP6T7LAg7m38FqtAp1kOlEkTcRtN+OV0NY8Cf4+LemrRIx4ijQEAAQA= debra@ALIENWARE
11-10 16:47:54.566  1458  1458 W NotificationHistory: Attempted to add notif for locked/gone/disabled user 0
11-10 16:47:55.669  1458  1879 W ProcessStats: Tracking association SourceState{d47643d system/1000 BTopFgs #37490} whose proc state 2 is better than process ProcessState{4d796e7 com.mobvoi.wear.refsysui/10016 pkg=com.mobvoi.wear.refsysui} proc state 3 (2 skipped)
11-10 16:47:56.072  1458  6420 W JobScheduler: Job didn't exist in JobStore: ea8723c #1000/1000904 com.google.wear.services/.complications.ComplicationRequesterJobService
