src/prisma/seed.ts(315,11): error TS2353: Object literal may only specify known properties, and 'cabinImage' does not exist in type '(Without<ServiceRequestCreateInput, ServiceRequestUncheckedCreateInput> & ServiceRequestUncheckedCreateInput) | (Without<...> & ServiceRequestCreateInput)'.
src/prisma/seed.ts(329,11): error TS2353: Object literal may only specify known properties, and 'cabinImage' does not exist in type '(Without<ServiceRequestCreateInput, ServiceRequestUncheckedCreateInput> & ServiceRequestUncheckedCreateInput) | (Without<...> & ServiceRequestCreateInput)'.
src/prisma/seed.ts(344,11): error TS2353: Object literal may only specify known properties, and 'crewId' does not exist in type '(Without<AssignmentCreateInput, AssignmentUncheckedCreateInput> & AssignmentUncheckedCreateInput) | (Without<...> & AssignmentCreateInput)'.
src/prisma/seed.ts(352,11): error TS2353: Object literal may only specify known properties, and 'crewId' does not exist in type '(Without<AssignmentCreateInput, AssignmentUncheckedCreateInput> & AssignmentUncheckedCreateInput) | (Without<...> & AssignmentCreateInput)'.
src/prisma/seed.ts(360,11): error TS2353: Object literal may only specify known properties, and 'crewId' does not exist in type '(Without<AssignmentCreateInput, AssignmentUncheckedCreateInput> & AssignmentUncheckedCreateInput) | (Without<...> & AssignmentCreateInput)'.
src/routes/devices.ts(35,7): error TS2561: Object literal may only specify known properties, but 'crewMember' does not exist in type 'DeviceInclude<DefaultArgs>'. Did you mean to write 'crewmember'?
src/routes/devices.ts(49,94): error TS2551: Property 'crewmember' does not exist on type '{ locationId: string; id: string; deviceId: string; name: string; type: string; subType: string; status: DeviceStatus; crewMemberId: string; batteryLevel: number; signalStrength: number; ... 8 more ...; updatedAt: Date; }'. Did you mean 'crewMemberId'?
src/routes/devices.ts(265,7): error TS2561: Object literal may only specify known properties, but 'crewMember' does not exist in type 'DeviceInclude<DefaultArgs>'. Did you mean to write 'crewmember'?
src/routes/notification-settings.ts(23,9): error TS2561: Object literal may only specify known properties, but 'servicerequests' does not exist in type '(Without<NotificationSettingsCreateInput, NotificationSettingsUncheckedCreateInput> & NotificationSettingsUncheckedCreateInput) | (Without<...> & NotificationSettingsCreateInput)'. Did you mean to write 'serviceRequests'?
src/routes/notification-settings.ts(114,7): error TS2561: Object literal may only specify known properties, but 'servicerequests' does not exist in type '(Without<NotificationSettingsCreateInput, NotificationSettingsUncheckedCreateInput> & NotificationSettingsUncheckedCreateInput) | (Without<...> & NotificationSettingsCreateInput)'. Did you mean to write 'serviceRequests'?
src/routes/service-request-history.ts(161,30): error TS2339: Property 'voiceAudioUrl' does not exist on type '{ guest: { locationId: string; cabin: string; id: string; type: GuestType; status: GuestStatus; createdAt: Date; updatedAt: Date; doNotDisturb: boolean; ... 30 more ...; createdBy: string; }; location: { ...; }; crewmember: { ...; }; category: { ...; }; } & { ...; }'.
src/routes/settings.ts(38,13): error TS2561: Object literal may only specify known properties, but 'servicerequests' does not exist in type '(Without<NotificationSettingsCreateInput, NotificationSettingsUncheckedCreateInput> & NotificationSettingsUncheckedCreateInput) | (Without<...> & NotificationSettingsCreateInput)'. Did you mean to write 'serviceRequests'?
src/server.ts(190,29): error TS2769: No overload matches this call.
src/services/database.ts(144,36): error TS2322: Type 'string' is not assignable to type 'number | StringValue'.
src/services/database.ts(333,20): error TS2820: Type '"ONBOARD"' is not assignable to type 'GuestStatus | EnumGuestStatusFilter<"Guest">'. Did you mean '"onboard"'?
src/services/database.ts(653,37): error TS2820: Type '"ONBOARD"' is not assignable to type 'GuestStatus | EnumGuestStatusFilter<"Guest">'. Did you mean '"onboard"'?
src/services/database.ts(668,32): error TS2339: Property 'guests' does not exist on type '{ description: string; id: string; name: string; type: string; createdAt: Date; updatedAt: Date; floor: string; image: string; smartButtonId: string; doNotDisturb: boolean; }'.
src/services/database.ts(677,13): error TS2820: Type '"CALL"' is not assignable to type 'ServiceRequestType'. Did you mean '"call"'?
src/services/database.ts(678,13): error TS2820: Type '"NORMAL"' is not assignable to type 'ServiceRequestPriority'. Did you mean '"normal"'?
src/services/database.ts(697,86): error TS2339: Property 'guests' does not exist on type '{ description: string; id: string; name: string; type: string; createdAt: Date; updatedAt: Date; floor: string; image: string; smartButtonId: string; doNotDisturb: boolean; }'.
src/services/database.ts(835,28): error TS2820: Type '"ONBOARD"' is not assignable to type 'GuestStatus | EnumGuestStatusFilter<"Guest">'. Did you mean '"onboard"'?
src/services/database.ts(850,28): error TS2820: Type '"ONBOARD"' is not assignable to type 'GuestStatus | EnumGuestStatusFilter<"Guest">'. Did you mean '"onboard"'?
src/services/mqtt.service.ts(233,21): error TS2341: Property 'updateDevice' is private and only accessible within class 'MQTTMonitor'.
src/services/mqtt.service.ts(354,11): error TS2322: Type 'string' is not assignable to type 'ServiceRequestType'.
src/services/mqtt.service.ts(541,19): error TS2341: Property 'updateDevice' is private and only accessible within class 'MQTTMonitor'.
src/services/mqtt.service.ts(626,19): error TS2341: Property 'updateDevice' is private and only accessible within class 'MQTTMonitor'.
src/services/mqtt.service.ts(687,19): error TS2341: Property 'updateDevice' is private and only accessible within class 'MQTTMonitor'.
src/services/mqtt.service.ts(808,13): error TS2561: Object literal may only specify known properties, but 'crewMember' does not exist in type 'DeviceInclude<DefaultArgs>'. Did you mean to write 'crewmember'?
src/services/mqtt.service.ts(828,13): error TS2561: Object literal may only specify known properties, but 'crewMember' does not exist in type 'DeviceWhereInput'. Did you mean to write 'crewmember'?
src/services/mqtt.service.ts(833,13): error TS2561: Object literal may only specify known properties, but 'crewMember' does not exist in type 'DeviceInclude<DefaultArgs>'. Did you mean to write 'crewmember'?
src/services/mqtt.service.ts(902,20): error TS2561: Object literal may only specify known properties, but 'crewMember' does not exist in type 'DeviceInclude<DefaultArgs>'. Did you mean to write 'crewmember'?
src/services/mqtt.service.ts(905,28): error TS2551: Property 'crewMember' does not exist on type '{ locationId: string; id: string; deviceId: string; name: string; type: string; subType: string; status: DeviceStatus; crewMemberId: string; batteryLevel: number; signalStrength: number; ... 8 more ...; updatedAt: Date; }'. Did you mean 'crewMemberId'?
src/services/mqtt.service.ts(910,30): error TS2551: Property 'crewMember' does not exist on type '{ locationId: string; id: string; deviceId: string; name: string; type: string; subType: string; status: DeviceStatus; crewMemberId: string; batteryLevel: number; signalStrength: number; ... 8 more ...; updatedAt: Date; }'. Did you mean 'crewMemberId'?
src/services/mqtt.service.ts(917,31): error TS2551: Property 'crewMember' does not exist on type '{ locationId: string; id: string; deviceId: string; name: string; type: string; subType: string; status: DeviceStatus; crewMemberId: string; batteryLevel: number; signalStrength: number; ... 8 more ...; updatedAt: Date; }'. Did you mean 'crewMemberId'?
src/services/mqtt.service.ts(918,29): error TS2551: Property 'crewMember' does not exist on type '{ locationId: string; id: string; deviceId: string; name: string; type: string; subType: string; status: DeviceStatus; crewMemberId: string; batteryLevel: number; signalStrength: number; ... 8 more ...; updatedAt: Date; }'. Did you mean 'crewMemberId'?
src/services/mqtt.service.ts(927,81): error TS2551: Property 'crewMember' does not exist on type '{ locationId: string; id: string; deviceId: string; name: string; type: string; subType: string; status: DeviceStatus; crewMemberId: string; batteryLevel: number; signalStrength: number; ... 8 more ...; updatedAt: Date; }'. Did you mean 'crewMemberId'?
src/services/mqtt.service.ts(937,33): error TS2551: Property 'crewMember' does not exist on type '{ locationId: string; id: string; deviceId: string; name: string; type: string; subType: string; status: DeviceStatus; crewMemberId: string; batteryLevel: number; signalStrength: number; ... 8 more ...; updatedAt: Date; }'. Did you mean 'crewMemberId'?
src/services/mqtt.service.ts(938,35): error TS2551: Property 'crewMember' does not exist on type '{ locationId: string; id: string; deviceId: string; name: string; type: string; subType: string; status: DeviceStatus; crewMemberId: string; batteryLevel: number; signalStrength: number; ... 8 more ...; updatedAt: Date; }'. Did you mean 'crewMemberId'?
src/services/mqtt.service.ts(951,29): error TS2551: Property 'crewMember' does not exist on type '{ locationId: string; id: string; deviceId: string; name: string; type: string; subType: string; status: DeviceStatus; crewMemberId: string; batteryLevel: number; signalStrength: number; ... 8 more ...; updatedAt: Date; }'. Did you mean 'crewMemberId'?
src/services/mqtt.service.ts(952,25): error TS2551: Property 'crewMember' does not exist on type '{ locationId: string; id: string; deviceId: string; name: string; type: string; subType: string; status: DeviceStatus; crewMemberId: string; batteryLevel: number; signalStrength: number; ... 8 more ...; updatedAt: Date; }'. Did you mean 'crewMemberId'?
src/services/mqtt.service.ts(974,27): error TS2551: Property 'crewMember' does not exist on type '{ locationId: string; id: string; deviceId: string; name: string; type: string; subType: string; status: DeviceStatus; crewMemberId: string; batteryLevel: number; signalStrength: number; ... 8 more ...; updatedAt: Date; }'. Did you mean 'crewMemberId'?
